Component: Arm Compiler for Embedded 6.19 Tool: armlink [5e73cb00]

==============================================================================

Section Cross References

    uart.o(.ARM.exidx.text.UART_Init) refers to uart.o(.text.UART_Init) for [Anonymous Symbol]
    uart.o(.ARM.exidx.text.UART_InChar) refers to uart.o(.text.UART_InChar) for [Anonymous Symbol]
    uart.o(.ARM.exidx.text.UART_OutChar) refers to uart.o(.text.UART_OutChar) for [Anonymous Symbol]
    main.o(.text.main) refers to rtx_kernel.o(.text.osKernelInitialize) for osKernelInitialize
    main.o(.text.main) refers to main.o(.text.ThreadMain) for ThreadMain
    main.o(.text.main) refers to rtx_thread.o(.text.osThreadNew) for osThreadNew
    main.o(.text.main) refers to main.o(.bss.tidMain) for tidMain
    main.o(.text.main) refers to main.o(.text.ThreadCentral) for ThreadCentral
    main.o(.text.main) refers to main.o(.bss.tidCentral) for tidCentral
    main.o(.text.main) refers to rtx_msgqueue.o(.text.osMessageQueueNew) for osMessageQueueNew
    main.o(.text.main) refers to main.o(.bss.qidMain) for qidMain
    main.o(.text.main) refers to main.o(.bss.qidCentralCommands) for qidCentralCommands
    main.o(.text.main) refers to main.o(.bss.qidCentralResponses) for qidCentralResponses
    main.o(.text.main) refers to rtx_kernel.o(.text.osKernelGetState) for osKernelGetState
    main.o(.text.main) refers to interrupt.o(i.IntMasterEnable) for IntMasterEnable
    main.o(.text.main) refers to uart.o(.text.UART_Init) for UART_Init
    main.o(.text.main) refers to main.o(.text.UARTIntHandler) for UARTIntHandler
    main.o(.text.main) refers to interrupt.o(i.IntRegister) for IntRegister
    main.o(.text.main) refers to interrupt.o(i.IntEnable) for IntEnable
    main.o(.text.main) refers to uart.o(i.UARTIntEnable) for UARTIntEnable
    main.o(.text.main) refers to main.o(.bss.uartMsg) for uartMsg
    main.o(.text.main) refers to uart.o(.text.UART_OutChar) for UART_OutChar
    main.o(.text.main) refers to rtx_kernel.o(.text.osKernelStart) for osKernelStart
    main.o(.ARM.exidx.text.main) refers to main.o(.text.main) for [Anonymous Symbol]
    main.o(.text.ThreadMain) refers to main.o(.bss.qidMain) for qidMain
    main.o(.text.ThreadMain) refers to main.o(.bss.qidCentralCommands) for qidCentralCommands
    main.o(.text.ThreadMain) refers to main.o(.bss.qidCentralResponses) for qidCentralResponses
    main.o(.text.ThreadMain) refers to rtx_msgqueue.o(.text.osMessageQueueGet) for osMessageQueueGet
    main.o(.text.ThreadMain) refers to rtx_msgqueue.o(.text.osMessageQueuePut) for osMessageQueuePut
    main.o(.ARM.exidx.text.ThreadMain) refers to main.o(.text.ThreadMain) for [Anonymous Symbol]
    main.o(.text.ThreadCentral) refers to main.o(.bss.qidCentralResponses) for qidCentralResponses
    main.o(.text.ThreadCentral) refers to main.o(.bss.qidCentralCommands) for qidCentralCommands
    main.o(.text.ThreadCentral) refers to rtx_msgqueue.o(.text.osMessageQueueGet) for osMessageQueueGet
    main.o(.text.ThreadCentral) refers to uart.o(.text.UART_OutChar) for UART_OutChar
    main.o(.text.ThreadCentral) refers to rtx_delay.o(.text.osDelay) for osDelay
    main.o(.ARM.exidx.text.ThreadCentral) refers to main.o(.text.ThreadCentral) for [Anonymous Symbol]
    main.o(.text.SetupUart) refers to uart.o(.text.UART_Init) for UART_Init
    main.o(.text.SetupUart) refers to main.o(.text.UARTIntHandler) for UARTIntHandler
    main.o(.text.SetupUart) refers to interrupt.o(i.IntRegister) for IntRegister
    main.o(.text.SetupUart) refers to interrupt.o(i.IntEnable) for IntEnable
    main.o(.text.SetupUart) refers to uart.o(i.UARTIntEnable) for UARTIntEnable
    main.o(.text.SetupUart) refers to main.o(.bss.uartMsg) for uartMsg
    main.o(.ARM.exidx.text.SetupUart) refers to main.o(.text.SetupUart) for [Anonymous Symbol]
    main.o(.text.InitElevator) refers to uart.o(.text.UART_OutChar) for UART_OutChar
    main.o(.ARM.exidx.text.InitElevator) refers to main.o(.text.InitElevator) for [Anonymous Symbol]
    main.o(.ARM.exidx.text.GetFloorCharFromFloorNumberString) refers to main.o(.text.GetFloorCharFromFloorNumberString) for [Anonymous Symbol]
    main.o(.text.ChangeButtonStatus) refers to uart.o(.text.UART_OutChar) for UART_OutChar
    main.o(.ARM.exidx.text.ChangeButtonStatus) refers to main.o(.text.ChangeButtonStatus) for [Anonymous Symbol]
    main.o(.text.ChangeDoorStatus) refers to uart.o(.text.UART_OutChar) for UART_OutChar
    main.o(.ARM.exidx.text.ChangeDoorStatus) refers to main.o(.text.ChangeDoorStatus) for [Anonymous Symbol]
    main.o(.text.SetMovement) refers to uart.o(.text.UART_OutChar) for UART_OutChar
    main.o(.ARM.exidx.text.SetMovement) refers to main.o(.text.SetMovement) for [Anonymous Symbol]
    main.o(.text.StopElevator) refers to uart.o(.text.UART_OutChar) for UART_OutChar
    main.o(.ARM.exidx.text.StopElevator) refers to main.o(.text.StopElevator) for [Anonymous Symbol]
[...]
    .ARM.Collect$$libinit$$00000032          0x0000029a   Section        0  libinit2.o(.ARM.Collect$$libinit$$00000032)
    .ARM.Collect$$libinit$$00000034          0x0000029a   Section        0  libinit2.o(.ARM.Collect$$libinit$$00000034)
    .ARM.Collect$$libinit$$00000035          0x0000029a   Section        2  libinit2.o(.ARM.Collect$$libinit$$00000035)
    .ARM.Collect$$libshutdown$$00000000      0x0000029c   Section        2  libshutdown.o(.ARM.Collect$$libshutdown$$00000000)
    .ARM.Collect$$libshutdown$$00000002      0x0000029e   Section        0  libshutdown2.o(.ARM.Collect$$libshutdown$$00000002)
    .ARM.Collect$$libshutdown$$00000004      0x0000029e   Section        0  libshutdown2.o(.ARM.Collect$$libshutdown$$00000004)
    .ARM.Collect$$libshutdown$$00000007      0x0000029e   Section        0  libshutdown2.o(.ARM.Collect$$libshutdown$$00000007)
    .ARM.Collect$$libshutdown$$0000000A      0x0000029e   Section        0  libshutdown2.o(.ARM.Collect$$libshutdown$$0000000A)
    .ARM.Collect$$libshutdown$$0000000C      0x0000029e   Section        0  libshutdown2.o(.ARM.Collect$$libshutdown$$0000000C)
    .ARM.Collect$$libshutdown$$0000000F      0x0000029e   Section        0  libshutdown2.o(.ARM.Collect$$libshutdown$$0000000F)
    .ARM.Collect$$libshutdown$$00000010      0x0000029e   Section        2  libshutdown2.o(.ARM.Collect$$libshutdown$$00000010)
    .ARM.Collect$$rtentry$$00000000          0x000002a0   Section        0  __rtentry.o(.ARM.Collect$$rtentry$$00000000)
    .ARM.Collect$$rtentry$$00000002          0x000002a0   Section        0  __rtentry2.o(.ARM.Collect$$rtentry$$00000002)
    .ARM.Collect$$rtentry$$00000004          0x000002a0   Section        6  __rtentry4.o(.ARM.Collect$$rtentry$$00000004)
    .ARM.Collect$$rtentry$$00000008          0x000002a6   Section        8  __rtentry2.o(.ARM.Collect$$rtentry$$00000008)
    .ARM.Collect$$rtentry$$0000000A          0x000002ae   Section        4  __rtentry2.o(.ARM.Collect$$rtentry$$0000000A)
    .ARM.Collect$$rtentry$$0000000C          0x000002b2   Section        0  __rtentry2.o(.ARM.Collect$$rtentry$$0000000C)
    .ARM.Collect$$rtentry$$0000000D          0x000002b2   Section        8  __rtentry2.o(.ARM.Collect$$rtentry$$0000000D)
    .ARM.Collect$$rtexit$$00000000           0x000002ba   Section        2  rtexit.o(.ARM.Collect$$rtexit$$00000000)
    .ARM.Collect$$rtexit$$00000002           0x000002bc   Section        0  rtexit2.o(.ARM.Collect$$rtexit$$00000002)
    .ARM.Collect$$rtexit$$00000003           0x000002bc   Section        4  rtexit2.o(.ARM.Collect$$rtexit$$00000003)
    .ARM.Collect$$rtexit$$00000004           0x000002c0   Section        6  rtexit2.o(.ARM.Collect$$rtexit$$00000004)
    $v0                                      0x000002c8   Number         0  cpu.o(.emb_text)
    .emb_text                                0x000002c8   Section       38  cpu.o(.emb_text)
    $v0                                      0x000002f0   Number         0  startup_tm4c129.o(.text)
    .text                                    0x000002f0   Section      300  startup_tm4c129.o(.text)
    [Anonymous Symbol]                       0x0000041c   Section        0  irq_armv7m.o(.text)
    SVC_Context                              0x00000444   Number         0  irq_armv7m.o(.text)
    SVC_FP_LazyState                         0x00000454   Number         0  irq_armv7m.o(.text)
    SVC_ContextSave                          0x00000466   Number         0  irq_armv7m.o(.text)
    SVC_ContextRestore                       0x0000047c   Number         0  irq_armv7m.o(.text)
    SVC_Exit                                 0x00000498   Number         0  irq_armv7m.o(.text)
    SVC_User                                 0x0000049a   Number         0  irq_armv7m.o(.text)
    .text                                    0x000004e4   Section      138  rt_memcpy_v6.o(.text)
    .text                                    0x0000056e   Section       68  rt_memclr.o(.text)
    .text                                    0x000005b2   Section       78  rt_memclr_w.o(.text)
    .text                                    0x00000600   Section        0  heapauxi.o(.text)
    .text                                    0x00000606   Section      100  rt_memcpy_w.o(.text)
    .text                                    0x0000066a   Section       74  sys_stackheap_outer.o(.text)
    .text                                    0x000006b4   Section        0  exit.o(.text)
    .text                                    0x000006c8   Section        8  libspace.o(.text)
    .text                                    0x000006d0   Section        0  sys_exit.o(.text)
    .text                                    0x000006dc   Section        2  use_no_semi.o(.text)
    .text                                    0x000006de   Section        0  indicate_semi.o(.text)
    [Anonymous Symbol]                       0x000006e0   Section        0  rtx_lib.o(.text.$Sub$$_fp_init)
    MessageQueueGet                          0x000006f7   Thumb Code    64  rtx_msgqueue.o(.text.MessageQueueGet)
    [Anonymous Symbol]                       0x000006f6   Section        0  rtx_msgqueue.o(.text.MessageQueueGet)
    MessageQueuePut                          0x00000737   Thumb Code    88  rtx_msgqueue.o(.text.MessageQueuePut)
    [Anonymous Symbol]                       0x00000736   Section        0  rtx_msgqueue.o(.text.MessageQueuePut)
    MessageQueueRemove                       0x0000078f   Thumb Code    28  rtx_msgqueue.o(.text.MessageQueueRemove)
    [Anonymous Symbol]                       0x0000078e   Section        0  rtx_msgqueue.o(.text.MessageQueueRemove)
    [Anonymous Symbol]                       0x000007ac   Section        0  os_systick.o(.text.OS_Tick_AcknowledgeIRQ)
    [Anonymous Symbol]                       0x000007b4   Section        0  os_systick.o(.text.OS_Tick_Enable)
    __arm_cp.1_1                             0x000007d4   Number         4  os_systick.o(.text.OS_Tick_Enable)
    [Anonymous Symbol]                       0x000007d8   Section        0  os_systick.o(.text.OS_Tick_GetIRQn)
    [Anonymous Symbol]                       0x000007e0   Section        0  os_systick.o(.text.OS_Tick_Setup)
    __arm_cp.0_0                             0x00000810   Number         4  os_systick.o(.text.OS_Tick_Setup)
    __arm_cp.0_1                             0x00000814   Number         4  os_systick.o(.text.OS_Tick_Setup)
    __arm_cp.0_2                             0x00000818   Number         4  os_systick.o(.text.OS_Tick_Setup)
    __arm_cp.0_3                             0x0000081c   Number         4  os_systick.o(.text.OS_Tick_Setup)
    OUTLINED_FUNCTION_0                      0x00000821   Thumb Code    12  rtx_kernel.o(.text.OUTLINED_FUNCTION_0)
    [Anonymous Symbol]                       0x00000820   Section        0  rtx_kernel.o(.text.OUTLINED_FUNCTION_0)
    OUTLINED_FUNCTION_0                      0x0000082d   Thumb Code    12  rtx_msgqueue.o(.text.OUTLINED_FUNCTION_0)
    [Anonymous Symbol]                       0x0000082c   Section        0  rtx_msgqueue.o(.text.OUTLINED_FUNCTION_0)
    OUTLINED_FUNCTION_1                      0x00000839   Thumb Code     6  rtx_kernel.o(.text.OUTLINED_FUNCTION_1)
    [Anonymous Symbol]                       0x00000838   Section        0  rtx_kernel.o(.text.OUTLINED_FUNCTION_1)
    OUTLINED_FUNCTION_1                      0x0000083f   Thumb Code     6  rtx_msgqueue.o(.text.OUTLINED_FUNCTION_1)
    [Anonymous Symbol]                       0x0000083e   Section        0  rtx_msgqueue.o(.text.OUTLINED_FUNCTION_1)
    [Anonymous Symbol]                       0x00000844   Section        0  system_tm4c129.o(.text.SystemInit)
    [Anonymous Symbol]                       0x00000868   Section        0  main.o(.text.ThreadCentral)
    ThreadFlagsCheck                         0x00000a43   Thumb Code   100  rtx_thread.o(.text.ThreadFlagsCheck)
    [Anonymous Symbol]                       0x00000a42   Section        0  rtx_thread.o(.text.ThreadFlagsCheck)
    [Anonymous Symbol]                       0x00000aa8   Section        0  main.o(.text.ThreadMain)
    TimerInsert                              0x00000af9   Thumb Code    68  rtx_timer.o(.text.TimerInsert)
    [Anonymous Symbol]                       0x00000af8   Section        0  rtx_timer.o(.text.TimerInsert)
    [Anonymous Symbol]                       0x00000b3c   Section        0  main.o(.text.UARTIntHandler)
    [Anonymous Symbol]                       0x00000b90   Section        0  uart.o(.text.UART_InChar)
    [Anonymous Symbol]                       0x00000bbc   Section        0  uart.o(.text.UART_Init)
    [Anonymous Symbol]                       0x00000ca8   Section        0  uart.o(.text.UART_OutChar)
    __tagsym$$used.1                         0x00000cd0   Number         0  rtx_lib.o(.text._mutex_acquire)
    [Anonymous Symbol]                       0x00000cd0   Section        0  rtx_lib.o(.text._mutex_acquire)
    __tagsym$$used.3                         0x00000d04   Number         0  rtx_lib.o(.text._mutex_free)
    [Anonymous Symbol]                       0x00000d04   Section        0  rtx_lib.o(.text._mutex_free)
    __tagsym$$used.0                         0x00000d0c   Number         0  rtx_lib.o(.text._mutex_initialize)
    [Anonymous Symbol]                       0x00000d0c   Section        0  rtx_lib.o(.text._mutex_initialize)
    __tagsym$$used.2                         0x00000d2c   Number         0  rtx_lib.o(.text._mutex_release)
    [Anonymous Symbol]                       0x00000d2c   Section        0  rtx_lib.o(.text._mutex_release)
    [Anonymous Symbol]                       0x00000d5c   Section        0  rtx_lib.o(.text._platform_post_stackheap_init)
    [Anonymous Symbol]                       0x00000d60   Section        0  main.o(.text.main)
    [Anonymous Symbol]                       0x00000e2c   Section        0  rtx_delay.o(.text.osDelay)
    __arm_cp.0_0                             0x00000e4c   Number         4  rtx_delay.o(.text.osDelay)
    [Anonymous Symbol]                       0x00000e50   Section        0  rtx_kernel.o(.text.osKernelGetState)
    __arm_cp.5_0                             0x00000e78   Number         4  rtx_kernel.o(.text.osKernelGetState)
    __arm_cp.5_1                             0x00000e7c   Number         4  rtx_kernel.o(.text.osKernelGetState)
    [Anonymous Symbol]                       0x00000e80   Section        0  rtx_kernel.o(.text.osKernelInitialize)
    __arm_cp.2_0                             0x00000ea8   Number         4  rtx_kernel.o(.text.osKernelInitialize)
    [Anonymous Symbol]                       0x00000eac   Section        0  rtx_kernel.o(.text.osKernelStart)
    __arm_cp.7_0                             0x00000ecc   Number         4  rtx_kernel.o(.text.osKernelStart)
    [Anonymous Symbol]                       0x00000ed0   Section        0  rtx_msgqueue.o(.text.osMessageQueueGet)
    __arm_cp.5_0                             0x00000f3c   Number         4  rtx_msgqueue.o(.text.osMessageQueueGet)
    [Anonymous Symbol]                       0x00000f40   Section        0  rtx_msgqueue.o(.text.osMessageQueueNew)
    __arm_cp.2_0                             0x00000f60   Number         4  rtx_msgqueue.o(.text.osMessageQueueNew)
    [Anonymous Symbol]                       0x00000f64   Section        0  rtx_msgqueue.o(.text.osMessageQueuePut)
    __arm_cp.4_0                             0x00000fe0   Number         4  rtx_msgqueue.o(.text.osMessageQueuePut)
    [Anonymous Symbol]                       0x00000fe4   Section        0  rtx_mutex.o(.text.osMutexAcquire)
    __arm_cp.4_0                             0x00001004   Number         4  rtx_mutex.o(.text.osMutexAcquire)
    [Anonymous Symbol]                       0x00001008   Section        0  rtx_mutex.o(.text.osMutexDelete)
    __arm_cp.7_0                             0x00001028   Number         4  rtx_mutex.o(.text.osMutexDelete)
    [Anonymous Symbol]                       0x0000102c   Section        0  rtx_mutex.o(.text.osMutexNew)
    __arm_cp.2_0                             0x0000104c   Number         4  rtx_mutex.o(.text.osMutexNew)
    [Anonymous Symbol]                       0x00001050   Section        0  rtx_mutex.o(.text.osMutexRelease)
    __arm_cp.5_0                             0x00001070   Number         4  rtx_mutex.o(.text.osMutexRelease)
    [Anonymous Symbol]                       0x00001074   Section        0  rtx_config.o(.text.osRtxErrorNotify)
    [Anonymous Symbol]                       0x00001078   Section        0  rtx_config.o(.text.osRtxIdleThread)
    [Anonymous Symbol]                       0x0000107a   Section        0  rtx_kernel.o(.text.osRtxKernelErrorNotify)
    [Anonymous Symbol]                       0x0000107e   Section        0  rtx_kernel.o(.text.osRtxKernelPreInit)
    [Anonymous Symbol]                       0x00001080   Section        0  rtx_memory.o(.text.osRtxMemoryAlloc)
    [Anonymous Symbol]                       0x000010ec   Section        0  rtx_memory.o(.text.osRtxMemoryFree)
    [Anonymous Symbol]                       0x0000112e   Section        0  rtx_memory.o(.text.osRtxMemoryInit)
    [Anonymous Symbol]                       0x00001164   Section        0  rtx_mempool.o(.text.osRtxMemoryPoolAlloc)
    [Anonymous Symbol]                       0x0000119e   Section        0  rtx_mempool.o(.text.osRtxMemoryPoolFree)
    [Anonymous Symbol]                       0x000011e8   Section        0  rtx_mempool.o(.text.osRtxMemoryPoolInit)
    osRtxMessageQueuePostProcess             0x00001221   Thumb Code   170  rtx_msgqueue.o(.text.osRtxMessageQueuePostProcess)
    [Anonymous Symbol]                       0x00001220   Section        0  rtx_msgqueue.o(.text.osRtxMessageQueuePostProcess)
    [Anonymous Symbol]                       0x000012cc   Section        0  rtx_msgqueue.o(.text.osRtxMessageQueueTimerSetup)
    __arm_cp.0_0                             0x000012ec   Number         4  rtx_msgqueue.o(.text.osRtxMessageQueueTimerSetup)
    [Anonymous Symbol]                       0x000012f0   Section        0  rtx_mutex.o(.text.osRtxMutexOwnerRelease)
    [Anonymous Symbol]                       0x00001338   Section        0  rtx_mutex.o(.text.osRtxMutexOwnerRestore)
    [Anonymous Symbol]                       0x00001380   Section        0  rtx_system.o(.text.osRtxPendSV_Handler)
    [Anonymous Symbol]                       0x00001408   Section        0  rtx_system.o(.text.osRtxPostProcess)
    __arm_cp.2_1                             0x00001474   Number         4  rtx_system.o(.text.osRtxPostProcess)
    osRtxThreadBlock                         0x00001479   Thumb Code    52  rtx_thread.o(.text.osRtxThreadBlock)
    [Anonymous Symbol]                       0x00001478   Section        0  rtx_thread.o(.text.osRtxThreadBlock)
    osRtxThreadDelayInsert                   0x000014ad   Thumb Code   124  rtx_thread.o(.text.osRtxThreadDelayInsert)
    [Anonymous Symbol]                       0x000014ac   Section        0  rtx_thread.o(.text.osRtxThreadDelayInsert)
    osRtxThreadDelayRemove                   0x00001529   Thumb Code    60  rtx_thread.o(.text.osRtxThreadDelayRemove)
    [Anonymous Symbol]                       0x00001528   Section        0  rtx_thread.o(.text.osRtxThreadDelayRemove)
    [Anonymous Symbol]                       0x00001564   Section        0  rtx_thread.o(.text.osRtxThreadDelayTick)
    osRtxThreadDestroy                       0x000015b5   Thumb Code    32  rtx_thread.o(.text.osRtxThreadDestroy)
    [Anonymous Symbol]                       0x000015b4   Section        0  rtx_thread.o(.text.osRtxThreadDestroy)
    [Anonymous Symbol]                       0x000015d4   Section        0  rtx_thread.o(.text.osRtxThreadDispatch)
    osRtxThreadFree                          0x00001625   Thumb Code    84  rtx_thread.o(.text.osRtxThreadFree)
    [Anonymous Symbol]                       0x00001624   Section        0  rtx_thread.o(.text.osRtxThreadFree)
    __arm_cp.51_0                            0x00001678   Number         4  rtx_thread.o(.text.osRtxThreadFree)
    osRtxThreadJoinWakeup                    0x0000167d   Thumb Code    30  rtx_thread.o(.text.osRtxThreadJoinWakeup)
    [Anonymous Symbol]                       0x0000167c   Section        0  rtx_thread.o(.text.osRtxThreadJoinWakeup)
    [Anonymous Symbol]                       0x0000169a   Section        0  rtx_thread.o(.text.osRtxThreadListGet)
    [Anonymous Symbol]                       0x000016ac   Section        0  rtx_thread.o(.text.osRtxThreadListPut)
    [Anonymous Symbol]                       0x000016d8   Section        0  rtx_thread.o(.text.osRtxThreadListRemove)
    [Anonymous Symbol]                       0x000016ec   Section        0  rtx_thread.o(.text.osRtxThreadListSort)
    osRtxThreadPostProcess                   0x00001713   Thumb Code    40  rtx_thread.o(.text.osRtxThreadPostProcess)
    [Anonymous Symbol]                       0x00001712   Section        0  rtx_thread.o(.text.osRtxThreadPostProcess)
    [Anonymous Symbol]                       0x0000173c   Section        0  rtx_thread.o(.text.osRtxThreadReadyPut)
    __arm_cp.4_0                             0x0000174c   Number         4  rtx_thread.o(.text.osRtxThreadReadyPut)
    [Anonymous Symbol]                       0x00001750   Section        0  rtx_thread.o(.text.osRtxThreadRegPtr)
    [Anonymous Symbol]                       0x00001764   Section        0  rtx_thread.o(.text.osRtxThreadStartup)
    __arm_cp.14_1                            0x00001794   Number         4  rtx_thread.o(.text.osRtxThreadStartup)
    [Anonymous Symbol]                       0x00001798   Section        0  rtx_thread.o(.text.osRtxThreadSwitch)
    [Anonymous Symbol]                       0x000017a4   Section        0  rtx_thread.o(.text.osRtxThreadWaitEnter)
    __arm_cp.12_0                            0x000017dc   Number         4  rtx_thread.o(.text.osRtxThreadWaitEnter)
    [Anonymous Symbol]                       0x000017e0   Section        0  rtx_thread.o(.text.osRtxThreadWaitExit)
    [Anonymous Symbol]                       0x00001810   Section        0  rtx_system.o(.text.osRtxTick_Handler)
    __arm_cp.0_0                             0x00001884   Number         4  rtx_system.o(.text.osRtxTick_Handler)
    [Anonymous Symbol]                       0x00001888   Section        0  rtx_timer.o(.text.osRtxTimerSetup)
    __arm_cp.0_0                             0x000018a0   Number         4  rtx_timer.o(.text.osRtxTimerSetup)
    __arm_cp.0_1                             0x000018a4   Number         4  rtx_timer.o(.text.osRtxTimerSetup)
    [Anonymous Symbol]                       0x000018a8   Section        0  rtx_timer.o(.text.osRtxTimerThread)
    osRtxTimerTick                           0x000018c9   Thumb Code   108  rtx_timer.o(.text.osRtxTimerTick)
    [Anonymous Symbol]                       0x000018c8   Section        0  rtx_timer.o(.text.osRtxTimerTick)
    __arm_cp.1_0                             0x00001934   Number         4  rtx_timer.o(.text.osRtxTimerTick)
    [Anonymous Symbol]                       0x00001938   Section        0  rtx_thread.o(.text.osThreadExit)
    __arm_cp.30_0                            0x00001940   Number         4  rtx_thread.o(.text.osThreadExit)
    [Anonymous Symbol]                       0x00001944   Section        0  rtx_thread.o(.text.osThreadNew)
    __arm_cp.16_0                            0x00001964   Number         4  rtx_thread.o(.text.osThreadNew)
    svcRtxDelay                              0x00001969   Thumb Code    22  rtx_delay.o(.text.svcRtxDelay)
    [Anonymous Symbol]                       0x00001968   Section        0  rtx_delay.o(.text.svcRtxDelay)
    svcRtxKernelGetState                     0x00001981   Thumb Code     8  rtx_kernel.o(.text.svcRtxKernelGetState)
    [Anonymous Symbol]                       0x00001980   Section        0  rtx_kernel.o(.text.svcRtxKernelGetState)
    __arm_cp.6_0                             0x00001988   Number         4  rtx_kernel.o(.text.svcRtxKernelGetState)
    svcRtxKernelInitialize                   0x0000198d   Thumb Code   244  rtx_kernel.o(.text.svcRtxKernelInitialize)
    [Anonymous Symbol]                       0x0000198c   Section        0  rtx_kernel.o(.text.svcRtxKernelInitialize)
    __arm_cp.21_2                            0x00001a80   Number         4  rtx_kernel.o(.text.svcRtxKernelInitialize)
    svcRtxKernelStart                        0x00001a85   Thumb Code   124  rtx_kernel.o(.text.svcRtxKernelStart)
    [Anonymous Symbol]                       0x00001a84   Section        0  rtx_kernel.o(.text.svcRtxKernelStart)
    __arm_cp.22_0                            0x00001b00   Number         4  rtx_kernel.o(.text.svcRtxKernelStart)
    __arm_cp.22_1                            0x00001b04   Number         4  rtx_kernel.o(.text.svcRtxKernelStart)
    __arm_cp.22_2                            0x00001b08   Number         4  rtx_kernel.o(.text.svcRtxKernelStart)
    __arm_cp.22_3                            0x00001b0c   Number         4  rtx_kernel.o(.text.svcRtxKernelStart)
    svcRtxMessageQueueGet                    0x00001b11   Thumb Code   200  rtx_msgqueue.o(.text.svcRtxMessageQueueGet)
    [Anonymous Symbol]                       0x00001b10   Section        0  rtx_msgqueue.o(.text.svcRtxMessageQueueGet)
    __arm_cp.22_0                            0x00001bd8   Number         4  rtx_msgqueue.o(.text.svcRtxMessageQueueGet)
    svcRtxMessageQueueNew                    0x00001bdd   Thumb Code   272  rtx_msgqueue.o(.text.svcRtxMessageQueueNew)
    [Anonymous Symbol]                       0x00001bdc   Section        0  rtx_msgqueue.o(.text.svcRtxMessageQueueNew)
    __arm_cp.1_0                             0x00001cec   Number         4  rtx_msgqueue.o(.text.svcRtxMessageQueueNew)
    __arm_cp.1_1                             0x00001cf0   Number         4  rtx_msgqueue.o(.text.svcRtxMessageQueueNew)
    svcRtxMessageQueuePut                    0x00001cf5   Thumb Code   168  rtx_msgqueue.o(.text.svcRtxMessageQueuePut)
    [Anonymous Symbol]                       0x00001cf4   Section        0  rtx_msgqueue.o(.text.svcRtxMessageQueuePut)
    svcRtxMutexAcquire                       0x00001d9d   Thumb Code   140  rtx_mutex.o(.text.svcRtxMutexAcquire)
    [Anonymous Symbol]                       0x00001d9c   Section        0  rtx_mutex.o(.text.svcRtxMutexAcquire)
    __arm_cp.10_0                            0x00001e28   Number         4  rtx_mutex.o(.text.svcRtxMutexAcquire)
    svcRtxMutexDelete                        0x00001e2d   Thumb Code   172  rtx_mutex.o(.text.svcRtxMutexDelete)
    [Anonymous Symbol]                       0x00001e2c   Section        0  rtx_mutex.o(.text.svcRtxMutexDelete)
    svcRtxMutexNew                           0x00001ed9   Thumb Code   100  rtx_mutex.o(.text.svcRtxMutexNew)
    [Anonymous Symbol]                       0x00001ed8   Section        0  rtx_mutex.o(.text.svcRtxMutexNew)
    __arm_cp.8_0                             0x00001f3c   Number         4  rtx_mutex.o(.text.svcRtxMutexNew)
    svcRtxMutexRelease                       0x00001f41   Thumb Code   176  rtx_mutex.o(.text.svcRtxMutexRelease)
    [Anonymous Symbol]                       0x00001f40   Section        0  rtx_mutex.o(.text.svcRtxMutexRelease)
    __arm_cp.11_0                            0x00001ff0   Number         4  rtx_mutex.o(.text.svcRtxMutexRelease)
    svcRtxThreadExit                         0x00001ff5   Thumb Code    72  rtx_thread.o(.text.svcRtxThreadExit)
    [Anonymous Symbol]                       0x00001ff4   Section        0  rtx_thread.o(.text.svcRtxThreadExit)
    __arm_cp.53_0                            0x0000203c   Number         4  rtx_thread.o(.text.svcRtxThreadExit)
    svcRtxThreadNew                          0x00002041   Thumb Code   472  rtx_thread.o(.text.svcRtxThreadNew)
    [Anonymous Symbol]                       0x00002040   Section        0  rtx_thread.o(.text.svcRtxThreadNew)
    __arm_cp.15_0                            0x00002218   Number         4  rtx_thread.o(.text.svcRtxThreadNew)
    __arm_cp.15_1                            0x0000221c   Number         4  rtx_thread.o(.text.svcRtxThreadNew)
    __arm_cp.15_2                            0x00002220   Number         4  rtx_thread.o(.text.svcRtxThreadNew)
    __arm_cp.15_3                            0x00002224   Number         4  rtx_thread.o(.text.svcRtxThreadNew)
    __arm_cp.15_4                            0x00002228   Number         4  rtx_thread.o(.text.svcRtxThreadNew)
    i.IntEnable                              0x0000222c   Section        0  interrupt.o(i.IntEnable)
    i.IntMasterEnable                        0x00002290   Section        0  interrupt.o(i.IntMasterEnable)
    i.IntRegister                            0x000022a0   Section        0  interrupt.o(i.IntRegister)
    i.UARTIntClear                           0x000022d4   Section        0  uart.o(i.UARTIntClear)
    i.UARTIntEnable                          0x000022d8   Section        0  uart.o(i.UARTIntEnable)
    $v0                                      0x000022e0   Number         0  fpinit.o(x$fpl$fpinit)
    x$fpl$fpinit                             0x000022e0   Section       26  fpinit.o(x$fpl$fpinit)
    g_pui32Priority                          0x000022fc   Data          32  interrupt.o(.constdata)
    .constdata                               0x000022fc   Section      268  interrupt.o(.constdata)
    g_pui32Regs                              0x0000231c   Data         156  interrupt.o(.constdata)
    g_pui32EnRegs                            0x000023b8   Data          20  interrupt.o(.constdata)
    g_pui32Dii16Regs                         0x000023cc   Data          20  interrupt.o(.constdata)
    g_pui32PendRegs                          0x000023e0   Data          20  interrupt.o(.constdata)
    g_pui32UnpendRegs                        0x000023f4   Data          20  interrupt.o(.constdata)
    __tagsym$$used.4                         0x00002408   Number         0  rtx_lib.o(.rodata)
    __tagsym$$used.5                         0x00002478   Number         0  rtx_lib.o(.rodata)
    os_idle_thread_attr                      0x000024b4   Data          36  rtx_lib.o(.rodata.os_idle_thread_attr)
    [Anonymous Symbol]                       0x000024b4   Section        0  rtx_lib.o(.rodata.os_idle_thread_attr)
    os_timer_mq_attr                         0x000024d8   Data          24  rtx_lib.o(.rodata.os_timer_mq_attr)
    [Anonymous Symbol]                       0x000024d8   Section        0  rtx_lib.o(.rodata.os_timer_mq_attr)
    os_timer_thread_attr                     0x000024f0   Data          36  rtx_lib.o(.rodata.os_timer_thread_attr)
    [Anonymous Symbol]                       0x000024f0   Section        0  rtx_lib.o(.rodata.os_timer_thread_attr)
    [Anonymous Symbol]                       0x00002514   Section        0  rtx_kernel.o(.rodata.str1.4)
    g_pfnRAMVectors                          0x20000400   Data         620  interrupt.o(vtable)
    vtable                                   0x20000400   Section      620  interrupt.o(vtable)
    .bss                                     0x20000670   Section       96  libspace.o(.bss)
    os_isr_queue                             0x200006d0   Data          64  rtx_lib.o(.bss.os)
    [Anonymous Symbol]                       0x200006d0   Section        0  rtx_lib.o(.bss.os)
    os_mem                                   0x20000710   Data       32768  rtx_lib.o(.bss.os)
    PendST                                   0x20008710   Data           1  os_systick.o(.bss.os)
    [Anonymous Symbol]                       0x20008710   Section        0  os_systick.o(.bss.os)
    os_timer_mq_cb                           0x20008714   Data          52  rtx_lib.o(.bss.os.msgqueue.cb)
    [Anonymous Symbol]                       0x20008714   Section        0  rtx_lib.o(.bss.os.msgqueue.cb)
    os_timer_mq_data                         0x20008748   Data          80  rtx_lib.o(.bss.os.msgqueue.mem)
    [Anonymous Symbol]                       0x20008748   Section        0  rtx_lib.o(.bss.os.msgqueue.mem)
    os_idle_thread_cb                        0x20008798   Data          68  rtx_lib.o(.bss.os.thread.cb)
    [Anonymous Symbol]                       0x20008798   Section        0  rtx_lib.o(.bss.os.thread.cb)
    os_timer_thread_cb                       0x200087dc   Data          68  rtx_lib.o(.bss.os.thread.cb)
    os_idle_thread_stack                     0x20008820   Data         512  rtx_lib.o(.bss.os.thread.idle.stack)
    [Anonymous Symbol]                       0x20008820   Section        0  rtx_lib.o(.bss.os.thread.idle.stack)
    os_timer_thread_stack                    0x20008a20   Data         512  rtx_lib.o(.bss.os.thread.timer.stack)
    [Anonymous Symbol]                       0x20008a20   Section        0  rtx_lib.o(.bss.os.thread.timer.stack)
    os_kernel_is_active.os_kernel_active     0x20008c20   Data           1  rtx_lib.o(.bss.os_kernel_is_active.os_kernel_active)
    [Anonymous Symbol]                       0x20008c20   Section        0  rtx_lib.o(.bss.os_kernel_is_active.os_kernel_active)
    Heap_Mem                                 0x20008c48   Data           0  startup_tm4c129.o(HEAP)
    Stack_Mem                                0x20008c48   Data         512  startup_tm4c129.o(STACK)
    HEAP                                     0x20008c48   Section        0  startup_tm4c129.o(HEAP)
    STACK                                    0x20008c48   Section      512  startup_tm4c129.o(STACK)
    __initial_sp                             0x20008e48   Data           0  startup_tm4c129.o(STACK)
    FPCCR                                    0xe000ef34   Number         0  irq_armv7m.o ABSOLUTE

    Global Symbols

    Symbol Name                              Value     Ov Type        Size  Object(Section)

    BuildAttributes$$THM_ISAv4$E$P$D$K$B$S$7EM$VFPi3$EXTD16$VFPS$VFMA$PE$A:L22UL41UL21$X:L11$S22US41US21$IEEE1$IW$~IW$USESV6$~STKCKD$USESV7$~SHL$OTIME$ROPI$EBA8$UX$STANDARDLIB$REQ8$PRES8$EABIv2 0x00000000   Number         0  anon$$obj.o ABSOLUTE
    __Vectors                                0x00000000   Data           4  startup_tm4c129.o(RESET)
    .bss.os.evflags.cb$$Base                  - Undefined Weak Reference
    .bss.os.evflags.cb$$Limit                 - Undefined Weak Reference
    .bss.os.mempool.cb$$Base                  - Undefined Weak Reference
    .bss.os.mempool.cb$$Limit                 - Undefined Weak Reference
    .bss.os.mutex.cb$$Base                    - Undefined Weak Reference
    .bss.os.mutex.cb$$Limit                   - Undefined Weak Reference
    .bss.os.semaphore.cb$$Base                - Undefined Weak Reference
    .bss.os.semaphore.cb$$Limit               - Undefined Weak Reference
    .bss.os.timer.cb$$Base                    - Undefined Weak Reference
    .bss.os.timer.cb$$Limit                   - Undefined Weak Reference
    __ARM_exceptions_init                     - Undefined Weak Reference
    __alloca_initialize                       - Undefined Weak Reference
    __arm_preinit_                            - Undefined Weak Reference
    __arm_relocate_pie_                       - Undefined Weak Reference
    __cpp_initialize__aeabi_                  - Undefined Weak Reference
    __cxa_finalize                            - Undefined Weak Reference
    __rt_locale                               - Undefined Weak Reference
    __sigvec_lookup                           - Undefined Weak Reference
    _atexit_init                              - Undefined Weak Reference
    _call_atexit_fns                          - Undefined Weak Reference
    _clock_init                               - Undefined Weak Reference
    _fp_trap_init                             - Undefined Weak Reference
    _fp_trap_shutdown                         - Undefined Weak Reference
    _get_lc_collate                           - Undefined Weak Reference
    _get_lc_ctype                             - Undefined Weak Reference
    _get_lc_monetary                          - Undefined Weak Reference
    _get_lc_numeric                           - Undefined Weak Reference
    _get_lc_time                              - Undefined Weak Reference
    _getenv_init                              - Undefined Weak Reference
    _handle_redirection                       - Undefined Weak Reference
    _init_alloc                               - Undefined Weak Reference
    _init_user_alloc                          - Undefined Weak Reference
    _initio                                   - Undefined Weak Reference
    _rand_init                                - Undefined Weak Reference
    _signal_finish                            - Undefined Weak Reference
    _signal_init                              - Undefined Weak Reference
    _terminate_alloc                          - Undefined Weak Reference
    _terminate_user_alloc                     - Undefined Weak Reference
    _terminateio                              - Undefined Weak Reference
    __Vectors_End                            0x00000200   Data           0  startup_tm4c129.o(RESET)
    __Vectors_Size                           0x00000200   Number         0  startup_tm4c129.o ABSOLUTE
    __main                                   0x00000201   Thumb Code     8  __main.o(!!!main)
    __scatterload                            0x00000209   Thumb Code     0  __scatter.o(!!!scatter)
    __scatterload_rt2                        0x00000209   Thumb Code    44  __scatter.o(!!!scatter)
    __scatterload_rt2_thumb_only             0x00000209   Thumb Code     0  __scatter.o(!!!scatter)
    __scatterload_null                       0x00000217   Thumb Code     0  __scatter.o(!!!scatter)
    __decompress                             0x0000023d   Thumb Code    58  __dczerorl.o(!!dczerorl)
    __decompress0                            0x0000023d   Thumb Code     0  __dczerorl.o(!!dczerorl)
    __scatterload_zeroinit                   0x00000279   Thumb Code    28  __scatter_zi.o(!!handler_zi)
    __rt_lib_init                            0x00000295   Thumb Code     0  libinit.o(.ARM.Collect$$libinit$$00000000)
    __rt_lib_init_fp_1                       0x00000297   Thumb Code     0  libinit2.o(.ARM.Collect$$libinit$$00000001)
    __rt_lib_init_alloca_1                   0x0000029b   Thumb Code     0  libinit2.o(.ARM.Collect$$libinit$$00000030)
    __rt_lib_init_argv_1                     0x0000029b   Thumb Code     0  libinit2.o(.ARM.Collect$$libinit$$0000002E)
    __rt_lib_init_atexit_1                   0x0000029b   Thumb Code     0  libinit2.o(.ARM.Collect$$libinit$$0000001D)
    __rt_lib_init_clock_1                    0x0000029b   Thumb Code     0  libinit2.o(.ARM.Collect$$libinit$$00000023)
    __rt_lib_init_cpp_1                      0x0000029b   Thumb Code     0  libinit2.o(.ARM.Collect$$libinit$$00000034)
    __rt_lib_init_exceptions_1               0x0000029b   Thumb Code     0  libinit2.o(.ARM.Collect$$libinit$$00000032)
    __rt_lib_init_fp_trap_1                  0x0000029b   Thumb Code     0  libinit2.o(.ARM.Collect$$libinit$$00000021)
    __rt_lib_init_getenv_1                   0x0000029b   Thumb Code     0  libinit2.o(.ARM.Collect$$libinit$$00000025)
    __rt_lib_init_heap_1                     0x0000029b   Thumb Code     0  libinit2.o(.ARM.Collect$$libinit$$0000000C)
    __rt_lib_init_lc_collate_1               0x0000029b   Thumb Code     0  libinit2.o(.ARM.Collect$$libinit$$00000013)
    __rt_lib_init_lc_ctype_1                 0x0000029b   Thumb Code     0  libinit2.o(.ARM.Collect$$libinit$$00000015)
    __rt_lib_init_lc_monetary_1              0x0000029b   Thumb Code     0  libinit2.o(.ARM.Collect$$libinit$$00000017)
    __rt_lib_init_lc_numeric_1               0x0000029b   Thumb Code     0  libinit2.o(.ARM.Collect$$libinit$$00000019)
    __rt_lib_init_lc_time_1                  0x0000029b   Thumb Code     0  libinit2.o(.ARM.Collect$$libinit$$0000001B)
    __rt_lib_init_preinit_1                  0x0000029b   Thumb Code     0  libinit2.o(.ARM.Collect$$libinit$$00000006)
    __rt_lib_init_rand_1                     0x0000029b   Thumb Code     0  libinit2.o(.ARM.Collect$$libinit$$00000010)
    __rt_lib_init_relocate_pie_1             0x0000029b   Thumb Code     0  libinit2.o(.ARM.Collect$$libinit$$00000004)
    __rt_lib_init_return                     0x0000029b   Thumb Code     0  libinit2.o(.ARM.Collect$$libinit$$00000035)
    __rt_lib_init_signal_1                   0x0000029b   Thumb Code     0  libinit2.o(.ARM.Collect$$libinit$$0000001F)
    __rt_lib_init_stdio_1                    0x0000029b   Thumb Code     0  libinit2.o(.ARM.Collect$$libinit$$00000027)
    __rt_lib_init_user_alloc_1               0x0000029b   Thumb Code     0  libinit2.o(.ARM.Collect$$libinit$$0000000E)
    __rt_lib_shutdown                        0x0000029d   Thumb Code     0  libshutdown.o(.ARM.Collect$$libshutdown$$00000000)
    __rt_lib_shutdown_cpp_1                  0x0000029f   Thumb Code     0  libshutdown2.o(.ARM.Collect$$libshutdown$$00000002)
    __rt_lib_shutdown_fp_trap_1              0x0000029f   Thumb Code     0  libshutdown2.o(.ARM.Collect$$libshutdown$$00000007)
    __rt_lib_shutdown_heap_1                 0x0000029f   Thumb Code     0  libshutdown2.o(.ARM.Collect$$libshutdown$$0000000F)
    __rt_lib_shutdown_return                 0x0000029f   Thumb Code     0  libshutdown2.o(.ARM.Collect$$libshutdown$$00000010)
    __rt_lib_shutdown_signal_1               0x0000029f   Thumb Code     0  libshutdown2.o(.ARM.Collect$$libshutdown$$0000000A)
    __rt_lib_shutdown_stdio_1                0x0000029f   Thumb Code     0  libshutdown2.o(.ARM.Collect$$libshutdown$$00000004)
    __rt_lib_shutdown_user_alloc_1           0x0000029f   Thumb Code     0  libshutdown2.o(.ARM.Collect$$libshutdown$$0000000C)
    __rt_entry                               0x000002a1   Thumb Code     0  __rtentry.o(.ARM.Collect$$rtentry$$00000000)
    __rt_entry_presh_1                       0x000002a1   Thumb Code     0  __rtentry2.o(.ARM.Collect$$rtentry$$00000002)
    __rt_entry_sh                            0x000002a1   Thumb Code     0  __rtentry4.o(.ARM.Collect$$rtentry$$00000004)
    __rt_entry_postsh_1                      0x000002a7   Thumb Code     0  __rtentry2.o(.ARM.Collect$$rtentry$$00000008)
    __rt_entry_li                            0x000002af   Thumb Code     0  __rtentry2.o(.ARM.Collect$$rtentry$$0000000A)
    __rt_entry_main                          0x000002b3   Thumb Code     0  __rtentry2.o(.ARM.Collect$$rtentry$$0000000D)
    __rt_entry_postli_1                      0x000002b3   Thumb Code     0  __rtentry2.o(.ARM.Collect$$rtentry$$0000000C)
    __rt_exit                                0x000002bb   Thumb Code     0  rtexit.o(.ARM.Collect$$rtexit$$00000000)
    __rt_exit_ls                             0x000002bd   Thumb Code     0  rtexit2.o(.ARM.Collect$$rtexit$$00000003)
    __rt_exit_prels_1                        0x000002bd   Thumb Code     0  rtexit2.o(.ARM.Collect$$rtexit$$00000002)
    __rt_exit_exit                           0x000002c1   Thumb Code     0  rtexit2.o(.ARM.Collect$$rtexit$$00000004)
    CPUcpsid                                 0x000002c9   Thumb Code     8  cpu.o(.emb_text)
    CPUprimask                               0x000002d1   Thumb Code     6  cpu.o(.emb_text)
    CPUcpsie                                 0x000002d7   Thumb Code     8  cpu.o(.emb_text)
    CPUwfi                                   0x000002df   Thumb Code     4  cpu.o(.emb_text)
    CPUbasepriSet                            0x000002e3   Thumb Code     6  cpu.o(.emb_text)
    CPUbasepriGet                            0x000002e9   Thumb Code     6  cpu.o(.emb_text)
    Reset_Handler                            0x000002f1   Thumb Code     8  startup_tm4c129.o(.text)
    NMI_Handler                              0x000002f9   Thumb Code     2  startup_tm4c129.o(.text)
    HardFault_Handler                        0x000002fb   Thumb Code     2  startup_tm4c129.o(.text)
    MemManage_Handler                        0x000002fd   Thumb Code     2  startup_tm4c129.o(.text)
    BusFault_Handler                         0x000002ff   Thumb Code     2  startup_tm4c129.o(.text)
    UsageFault_Handler                       0x00000301   Thumb Code     2  startup_tm4c129.o(.text)
    DebugMon_Handler                         0x00000305   Thumb Code     2  startup_tm4c129.o(.text)
    GPIOA_Handler                            0x0000030b   Thumb Code     2  startup_tm4c129.o(.text)
    GPIOB_Handler                            0x0000030d   Thumb Code     2  startup_tm4c129.o(.text)
    GPIOC_Handler                            0x0000030f   Thumb Code     2  startup_tm4c129.o(.text)
    GPIOD_Handler                            0x00000311   Thumb Code     2  startup_tm4c129.o(.text)
    GPIOE_Handler                            0x00000313   Thumb Code     2  startup_tm4c129.o(.text)
    UART0_Handler                            0x00000315   Thumb Code     2  startup_tm4c129.o(.text)
    UART1_Handler                            0x00000317   Thumb Code     2  startup_tm4c129.o(.text)
    SSI0_Handler                             0x00000319   Thumb Code     2  startup_tm4c129.o(.text)
    I2C0_Handler                             0x0000031b   Thumb Code     2  startup_tm4c129.o(.text)
    PMW0_FAULT_Handler                       0x0000031d   Thumb Code     2  startup_tm4c129.o(.text)
    PWM0_0_Handler                           0x0000031f   Thumb Code     2  startup_tm4c129.o(.text)
    PWM0_1_Handler                           0x00000321   Thumb Code     2  startup_tm4c129.o(.text)
    PWM0_2_Handler                           0x00000323   Thumb Code     2  startup_tm4c129.o(.text)
    QEI0_Handler                             0x00000325   Thumb Code     2  startup_tm4c129.o(.text)
    ADC0SS0_Handler                          0x00000327   Thumb Code     2  startup_tm4c129.o(.text)
    ADC0SS1_Handler                          0x00000329   Thumb Code     2  startup_tm4c129.o(.text)
    ADC0SS2_Handler                          0x0000032b   Thumb Code     2  startup_tm4c129.o(.text)
    ADC0SS3_Handler                          0x0000032d   Thumb Code     2  startup_tm4c129.o(.text)
    WDT0_Handler                             0x0000032f   Thumb Code     2  startup_tm4c129.o(.text)
    TIMER0A_Handler                          0x00000331   Thumb Code     2  startup_tm4c129.o(.text)
    TIMER0B_Handler                          0x00000333   Thumb Code     2  startup_tm4c129.o(.text)
    TIMER1A_Handler                          0x00000335   Thumb Code     2  startup_tm4c129.o(.text)
    TIMER1B_Handler                          0x00000337   Thumb Code     2  startup_tm4c129.o(.text)
    TIMER2A_Handler                          0x00000339   Thumb Code     2  startup_tm4c129.o(.text)
    TIMER2B_Handler                          0x0000033b   Thumb Code     2  startup_tm4c129.o(.text)
    COMP0_Handler                            0x0000033d   Thumb Code     2  startup_tm4c129.o(.text)
    COMP1_Handler                            0x0000033f   Thumb Code     2  startup_tm4c129.o(.text)
    COMP2_Handler                            0x00000341   Thumb Code     2  startup_tm4c129.o(.text)
    SYSCTL_Handler                           0x00000343   Thumb Code     2  startup_tm4c129.o(.text)
    FLASH_Handler                            0x00000345   Thumb Code     2  startup_tm4c129.o(.text)
    GPIOF_Handler                            0x00000347   Thumb Code     2  startup_tm4c129.o(.text)
    GPIOG_Handler                            0x00000349   Thumb Code     2  startup_tm4c129.o(.text)
    GPIOH_Handler                            0x0000034b   Thumb Code     2  startup_tm4c129.o(.text)
    UART2_Handler                            0x0000034d   Thumb Code     2  startup_tm4c129.o(.text)
    SSI1_Handler                             0x0000034f   Thumb Code     2  startup_tm4c129.o(.text)
    TIMER3A_Handler                          0x00000351   Thumb Code     2  startup_tm4c129.o(.text)
    TIMER3B_Handler                          0x00000353   Thumb Code     2  startup_tm4c129.o(.text)
    I2C1_Handler                             0x00000355   Thumb Code     2  startup_tm4c129.o(.text)
    CAN0_Handler                             0x00000357   Thumb Code     2  startup_tm4c129.o(.text)
    CAN1_Handler                             0x00000359   Thumb Code     2  startup_tm4c129.o(.text)
    ETH_Handler                              0x0000035b   Thumb Code     2  startup_tm4c129.o(.text)
    HIB_Handler                              0x0000035d   Thumb Code     2  startup_tm4c129.o(.text)
    USB0_Handler                             0x0000035f   Thumb Code     2  startup_tm4c129.o(.text)
    PWM0_3_Handler                           0x00000361   Thumb Code     2  startup_tm4c129.o(.text)
    UDMA_Handler                             0x00000363   Thumb Code     2  startup_tm4c129.o(.text)
    UDMAERR_Handler                          0x00000365   Thumb Code     2  startup_tm4c129.o(.text)
    ADC1SS0_Handler                          0x00000367   Thumb Code     2  startup_tm4c129.o(.text)
    ADC1SS1_Handler                          0x00000369   Thumb Code     2  startup_tm4c129.o(.text)
    ADC1SS2_Handler                          0x0000036b   Thumb Code     2  startup_tm4c129.o(.text)
    ADC1SS3_Handler                          0x0000036d   Thumb Code     2  startup_tm4c129.o(.text)
    EBI0_Handler                             0x0000036f   Thumb Code     2  startup_tm4c129.o(.text)
    GPIOJ_Handler                            0x00000371   Thumb Code     2  startup_tm4c129.o(.text)
    GPIOK_Handler                            0x00000373   Thumb Code     2  startup_tm4c129.o(.text)
    GPIOL_Handler                            0x00000375   Thumb Code     2  startup_tm4c129.o(.text)
    SSI2_Handler                             0x00000377   Thumb Code     2  startup_tm4c129.o(.text)
    SSI3_Handler                             0x00000379   Thumb Code     2  startup_tm4c129.o(.text)
    UART3_Handler                            0x0000037b   Thumb Code     2  startup_tm4c129.o(.text)
    UART4_Handler                            0x0000037d   Thumb Code     2  startup_tm4c129.o(.text)
    UART5_Handler                            0x0000037f   Thumb Code     2  startup_tm4c129.o(.text)
    UART6_Handler                            0x00000381   Thumb Code     2  startup_tm4c129.o(.text)
    UART7_Handler                            0x00000383   Thumb Code     2  startup_tm4c129.o(.text)
    I2C2_Handler                             0x00000385   Thumb Code     2  startup_tm4c129.o(.text)
    I2C3_Handler                             0x00000387   Thumb Code     2  startup_tm4c129.o(.text)
    TIMER4A_Handler                          0x00000389   Thumb Code     2  startup_tm4c129.o(.text)
    TIMER4B_Handler                          0x0000038b   Thumb Code     2  startup_tm4c129.o(.text)
    TIMER5A_Handler                          0x0000038d   Thumb Code     2  startup_tm4c129.o(.text)
    TIMER5B_Handler                          0x0000038f   Thumb Code     2  startup_tm4c129.o(.text)
    WTIMER0A_Handler                         0x00000391   Thumb Code     2  startup_tm4c129.o(.text)
    WTIMER0B_Handler                         0x00000393   Thumb Code     2  startup_tm4c129.o(.text)
    WTIMER1A_Handler                         0x00000395   Thumb Code     2  startup_tm4c129.o(.text)
    WTIMER1B_Handler                         0x00000397   Thumb Code     2  startup_tm4c129.o(.text)
    WTIMER2A_Handler                         0x00000399   Thumb Code     2  startup_tm4c129.o(.text)
    WTIMER2B_Handler                         0x0000039b   Thumb Code     2  startup_tm4c129.o(.text)
    WTIMER3A_Handler                         0x0000039d   Thumb Code     2  startup_tm4c129.o(.text)
    WTIMER3B_Handler                         0x0000039f   Thumb Code     2  startup_tm4c129.o(.text)
    WTIMER4A_Handler                         0x000003a1   Thumb Code     2  startup_tm4c129.o(.text)
    WTIMER4B_Handler                         0x000003a3   Thumb Code     2  startup_tm4c129.o(.text)
    WTIMER5A_Handler                         0x000003a5   Thumb Code     2  startup_tm4c129.o(.text)
    WTIMER5B_Handler                         0x000003a7   Thumb Code     2  startup_tm4c129.o(.text)
    FPU_Handler                              0x000003a9   Thumb Code     2  startup_tm4c129.o(.text)
    I2C4_Handler                             0x000003ab   Thumb Code     2  startup_tm4c129.o(.text)
    I2C5_Handler                             0x000003ad   Thumb Code     2  startup_tm4c129.o(.text)
    GPIOM_Handler                            0x000003af   Thumb Code     2  startup_tm4c129.o(.text)
    GPION_Handler                            0x000003b1   Thumb Code     2  startup_tm4c129.o(.text)
    TAMPER_Handler                           0x000003b3   Thumb Code     2  startup_tm4c129.o(.text)
    GPIOP0_Handler                           0x000003b5   Thumb Code     2  startup_tm4c129.o(.text)
    GPIOP1_Handler                           0x000003b7   Thumb Code     2  startup_tm4c129.o(.text)
    GPIOP2_Handler                           0x000003b9   Thumb Code     2  startup_tm4c129.o(.text)
    GPIOP3_Handler                           0x000003bb   Thumb Code     2  startup_tm4c129.o(.text)
    GPIOP4_Handler                           0x000003bd   Thumb Code     2  startup_tm4c129.o(.text)
    GPIOP5_Handler                           0x000003bf   Thumb Code     2  startup_tm4c129.o(.text)
    GPIOP6_Handler                           0x000003c1   Thumb Code     2  startup_tm4c129.o(.text)
    GPIOP7_Handler                           0x000003c3   Thumb Code     2  startup_tm4c129.o(.text)
    GPIOQ0_Handler                           0x000003c5   Thumb Code     2  startup_tm4c129.o(.text)
    GPIOQ1_Handler                           0x000003c7   Thumb Code     2  startup_tm4c129.o(.text)
    GPIOQ2_Handler                           0x000003c9   Thumb Code     2  startup_tm4c129.o(.text)
    GPIOQ3_Handler                           0x000003cb   Thumb Code     2  startup_tm4c129.o(.text)
    GPIOQ4_Handler                           0x000003cd   Thumb Code     2  startup_tm4c129.o(.text)
    GPIOQ5_Handler                           0x000003cf   Thumb Code     2  startup_tm4c129.o(.text)
    GPIOQ6_Handler                           0x000003d1   Thumb Code     2  startup_tm4c129.o(.text)
    GPIOQ7_Handler                           0x000003d3   Thumb Code     2  startup_tm4c129.o(.text)
    GPIOR_Handler                            0x000003d5   Thumb Code     2  startup_tm4c129.o(.text)
    GPIOS_Handler                            0x000003d7   Thumb Code     2  startup_tm4c129.o(.text)
    SHAMD5_Handler                           0x000003d9   Thumb Code     2  startup_tm4c129.o(.text)
    AES_Handler                              0x000003db   Thumb Code     2  startup_tm4c129.o(.text)
    DES3DES_Handler                          0x000003dd   Thumb Code     2  startup_tm4c129.o(.text)
    LCDCONTROLLER_Handler                    0x000003df   Thumb Code     2  startup_tm4c129.o(.text)
    TIMER6A_Handler                          0x000003e1   Thumb Code     2  startup_tm4c129.o(.text)
    TIMER6B_Handler                          0x000003e3   Thumb Code     2  startup_tm4c129.o(.text)
    TIMER7A_Handler                          0x000003e5   Thumb Code     2  startup_tm4c129.o(.text)
    TIMER7B_Handler                          0x000003e7   Thumb Code     2  startup_tm4c129.o(.text)
    I2C6_Handler                             0x000003e9   Thumb Code     2  startup_tm4c129.o(.text)
    I2C7_Handler                             0x000003eb   Thumb Code     2  startup_tm4c129.o(.text)
    HIMSCANKEYBOARD_Handler                  0x000003ed   Thumb Code     2  startup_tm4c129.o(.text)
    ONEWIRE_Handler                          0x000003ef   Thumb Code     2  startup_tm4c129.o(.text)
    HIMPS2_Handler                           0x000003f1   Thumb Code     2  startup_tm4c129.o(.text)
    HIMLEDSEQUENCER_Handler                  0x000003f3   Thumb Code     2  startup_tm4c129.o(.text)
    HIMCONSUMERIR_Handler                    0x000003f5   Thumb Code     2  startup_tm4c129.o(.text)
    I2C8_Handler                             0x000003f7   Thumb Code     2  startup_tm4c129.o(.text)
    I2C9_Handler                             0x000003f9   Thumb Code     2  startup_tm4c129.o(.text)
    GPIOT_Handler                            0x000003fb   Thumb Code     2  startup_tm4c129.o(.text)
    __user_initial_stackheap                 0x000003fd   Thumb Code     0  startup_tm4c129.o(.text)
    SVC_Handler                              0x0000041d   Thumb Code   154  irq_armv7m.o(.text)
    PendSV_Handler                           0x000004b7   Thumb Code    16  irq_armv7m.o(.text)
    SysTick_Handler                          0x000004c7   Thumb Code    16  irq_armv7m.o(.text)
    __aeabi_memcpy                           0x000004e5   Thumb Code     0  rt_memcpy_v6.o(.text)
    __rt_memcpy                              0x000004e5   Thumb Code   138  rt_memcpy_v6.o(.text)
    _memcpy_lastbytes                        0x0000054b   Thumb Code     0  rt_memcpy_v6.o(.text)
    __aeabi_memclr                           0x0000056f   Thumb Code     0  rt_memclr.o(.text)
    __rt_memclr                              0x0000056f   Thumb Code     0  rt_memclr.o(.text)
    _memset                                  0x00000573   Thumb Code    64  rt_memclr.o(.text)
    __aeabi_memclr4                          0x000005b3   Thumb Code     0  rt_memclr_w.o(.text)
    __aeabi_memclr8                          0x000005b3   Thumb Code     0  rt_memclr_w.o(.text)
    __rt_memclr_w                            0x000005b3   Thumb Code     0  rt_memclr_w.o(.text)
    _memset_w                                0x000005b7   Thumb Code    74  rt_memclr_w.o(.text)
    __use_two_region_memory                  0x00000601   Thumb Code     2  heapauxi.o(.text)
    __rt_heap_escrow$2region                 0x00000603   Thumb Code     2  heapauxi.o(.text)
    __rt_heap_expand$2region                 0x00000605   Thumb Code     2  heapauxi.o(.text)
    __aeabi_memcpy4                          0x00000607   Thumb Code     0  rt_memcpy_w.o(.text)
    __aeabi_memcpy8                          0x00000607   Thumb Code     0  rt_memcpy_w.o(.text)
    __rt_memcpy_w                            0x00000607   Thumb Code   100  rt_memcpy_w.o(.text)
    _memcpy_lastbytes_aligned                0x0000064f   Thumb Code     0  rt_memcpy_w.o(.text)
    __user_setup_stackheap                   0x0000066b   Thumb Code    74  sys_stackheap_outer.o(.text)
    exit                                     0x000006b5   Thumb Code    18  exit.o(.text)
    __user_libspace                          0x000006c9   Thumb Code     8  libspace.o(.text)
    __user_perproc_libspace                  0x000006c9   Thumb Code     0  libspace.o(.text)
    _sys_exit                                0x000006d1   Thumb Code     8  sys_exit.o(.text)
    __I$use$semihosting                      0x000006dd   Thumb Code     0  use_no_semi.o(.text)
    __use_no_semihosting_swi                 0x000006dd   Thumb Code     2  use_no_semi.o(.text)
    __semihosting_library_function           0x000006df   Thumb Code     0  indicate_semi.o(.text)
    _fp_init                                 0x000006e1   Thumb Code    22  rtx_lib.o(.text.$Sub$$_fp_init)
    OS_Tick_AcknowledgeIRQ                   0x000007ad   Thumb Code     8  os_systick.o(.text.OS_Tick_AcknowledgeIRQ)
    OS_Tick_Enable                           0x000007b5   Thumb Code    32  os_systick.o(.text.OS_Tick_Enable)
    OS_Tick_GetIRQn                          0x000007d9   Thumb Code     6  os_systick.o(.text.OS_Tick_GetIRQn)
    OS_Tick_Setup                            0x000007e1   Thumb Code    48  os_systick.o(.text.OS_Tick_Setup)
    SystemInit                               0x00000845   Thumb Code    36  system_tm4c129.o(.text.SystemInit)
    ThreadCentral                            0x00000869   Thumb Code   474  main.o(.text.ThreadCentral)
    ThreadMain                               0x00000aa9   Thumb Code    78  main.o(.text.ThreadMain)
    UARTIntHandler                           0x00000b3d   Thumb Code    82  main.o(.text.UARTIntHandler)
    UART_InChar                              0x00000b91   Thumb Code    42  uart.o(.text.UART_InChar)
    UART_Init                                0x00000bbd   Thumb Code   236  uart.o(.text.UART_Init)
    UART_OutChar                             0x00000ca9   Thumb Code    40  uart.o(.text.UART_OutChar)
    _mutex_acquire                           0x00000cd1   Thumb Code    52  rtx_lib.o(.text._mutex_acquire)
    _mutex_free                              0x00000d05   Thumb Code     6  rtx_lib.o(.text._mutex_free)
    _mutex_initialize                        0x00000d0d   Thumb Code    32  rtx_lib.o(.text._mutex_initialize)
    _mutex_release                           0x00000d2d   Thumb Code    48  rtx_lib.o(.text._mutex_release)
    _platform_post_stackheap_init            0x00000d5d   Thumb Code     4  rtx_lib.o(.text._platform_post_stackheap_init)
    main                                     0x00000d61   Thumb Code   202  main.o(.text.main)
    osDelay                                  0x00000e2d   Thumb Code    32  rtx_delay.o(.text.osDelay)
    osKernelGetState                         0x00000e51   Thumb Code    40  rtx_kernel.o(.text.osKernelGetState)
    osKernelInitialize                       0x00000e81   Thumb Code    40  rtx_kernel.o(.text.osKernelInitialize)
    osKernelStart                            0x00000ead   Thumb Code    32  rtx_kernel.o(.text.osKernelStart)
    osMessageQueueGet                        0x00000ed1   Thumb Code   108  rtx_msgqueue.o(.text.osMessageQueueGet)
    osMessageQueueNew                        0x00000f41   Thumb Code    32  rtx_msgqueue.o(.text.osMessageQueueNew)
    osMessageQueuePut                        0x00000f65   Thumb Code   124  rtx_msgqueue.o(.text.osMessageQueuePut)
    osMutexAcquire                           0x00000fe5   Thumb Code    32  rtx_mutex.o(.text.osMutexAcquire)
    osMutexDelete                            0x00001009   Thumb Code    32  rtx_mutex.o(.text.osMutexDelete)
    osMutexNew                               0x0000102d   Thumb Code    32  rtx_mutex.o(.text.osMutexNew)
    osMutexRelease                           0x00001051   Thumb Code    32  rtx_mutex.o(.text.osMutexRelease)
    osRtxErrorNotify                         0x00001075   Thumb Code     2  rtx_config.o(.text.osRtxErrorNotify)
    osRtxIdleThread                          0x00001079   Thumb Code     2  rtx_config.o(.text.osRtxIdleThread)
    osRtxKernelErrorNotify                   0x0000107b   Thumb Code     4  rtx_kernel.o(.text.osRtxKernelErrorNotify)
    osRtxKernelPreInit                       0x0000107f   Thumb Code     2  rtx_kernel.o(.text.osRtxKernelPreInit)
    osRtxMemoryAlloc                         0x00001081   Thumb Code   108  rtx_memory.o(.text.osRtxMemoryAlloc)
    osRtxMemoryFree                          0x000010ed   Thumb Code    66  rtx_memory.o(.text.osRtxMemoryFree)
    osRtxMemoryInit                          0x0000112f   Thumb Code    54  rtx_memory.o(.text.osRtxMemoryInit)
    osRtxMemoryPoolAlloc                     0x00001165   Thumb Code    58  rtx_mempool.o(.text.osRtxMemoryPoolAlloc)
    osRtxMemoryPoolFree                      0x0000119f   Thumb Code    74  rtx_mempool.o(.text.osRtxMemoryPoolFree)
    osRtxMemoryPoolInit                      0x000011e9   Thumb Code    56  rtx_mempool.o(.text.osRtxMemoryPoolInit)
    osRtxMessageQueueTimerSetup              0x000012cd   Thumb Code    32  rtx_msgqueue.o(.text.osRtxMessageQueueTimerSetup)
    osRtxMutexOwnerRelease                   0x000012f1   Thumb Code    72  rtx_mutex.o(.text.osRtxMutexOwnerRelease)
    osRtxMutexOwnerRestore                   0x00001339   Thumb Code    72  rtx_mutex.o(.text.osRtxMutexOwnerRestore)
    osRtxPendSV_Handler                      0x00001381   Thumb Code   136  rtx_system.o(.text.osRtxPendSV_Handler)
    osRtxPostProcess                         0x00001409   Thumb Code   108  rtx_system.o(.text.osRtxPostProcess)
    osRtxThreadDelayTick                     0x00001565   Thumb Code    80  rtx_thread.o(.text.osRtxThreadDelayTick)
    osRtxThreadDispatch                      0x000015d5   Thumb Code    80  rtx_thread.o(.text.osRtxThreadDispatch)
    osRtxThreadListGet                       0x0000169b   Thumb Code    18  rtx_thread.o(.text.osRtxThreadListGet)
    osRtxThreadListPut                       0x000016ad   Thumb Code    44  rtx_thread.o(.text.osRtxThreadListPut)
    osRtxThreadListRemove                    0x000016d9   Thumb Code    20  rtx_thread.o(.text.osRtxThreadListRemove)
    osRtxThreadListSort                      0x000016ed   Thumb Code    38  rtx_thread.o(.text.osRtxThreadListSort)
    osRtxThreadReadyPut                      0x0000173d   Thumb Code    16  rtx_thread.o(.text.osRtxThreadReadyPut)
    osRtxThreadRegPtr                        0x00001751   Thumb Code    20  rtx_thread.o(.text.osRtxThreadRegPtr)
    osRtxThreadStartup                       0x00001765   Thumb Code    48  rtx_thread.o(.text.osRtxThreadStartup)
    osRtxThreadSwitch                        0x00001799   Thumb Code    12  rtx_thread.o(.text.osRtxThreadSwitch)
    osRtxThreadWaitEnter                     0x000017a5   Thumb Code    56  rtx_thread.o(.text.osRtxThreadWaitEnter)
    osRtxThreadWaitExit                      0x000017e1   Thumb Code    48  rtx_thread.o(.text.osRtxThreadWaitExit)
    osRtxTick_Handler                        0x00001811   Thumb Code   116  rtx_system.o(.text.osRtxTick_Handler)
    osRtxTimerSetup                          0x00001889   Thumb Code    24  rtx_timer.o(.text.osRtxTimerSetup)
    osRtxTimerThread                         0x000018a9   Thumb Code    32  rtx_timer.o(.text.osRtxTimerThread)
    osThreadExit                             0x00001939   Thumb Code     8  rtx_thread.o(.text.osThreadExit)
    osThreadNew                              0x00001945   Thumb Code    32  rtx_thread.o(.text.osThreadNew)
    IntEnable                                0x0000222d   Thumb Code    92  interrupt.o(i.IntEnable)
    IntMasterEnable                          0x00002291   Thumb Code    14  interrupt.o(i.IntMasterEnable)
    IntRegister                              0x000022a1   Thumb Code    44  interrupt.o(i.IntRegister)
    UARTIntClear                             0x000022d5   Thumb Code     4  uart.o(i.UARTIntClear)
    UARTIntEnable                            0x000022d9   Thumb Code     8  uart.o(i.UARTIntEnable)
    $Super$$_fp_init                         0x000022e1   Thumb Code    26  fpinit.o(x$fpl$fpinit)
    __fplib_config_fpu_vfp                   0x000022f9   Thumb Code     0  fpinit.o(x$fpl$fpinit)
    __fplib_config_pureend_doubles           0x000022f9   Thumb Code     0  fpinit.o(x$fpl$fpinit)
    osRtxConfig                              0x00002408   Data         112  rtx_lib.o(.rodata)
    os_cb_sections                           0x00002478   Data          56  rtx_lib.o(.rodata)
    osRtxUserSVC                             0x000024b0   Data           4  rtx_lib.o(.rodata.osRtxUserSVC)
    Region$$Table$$Base                      0x00002520   Number         0  anon$$obj.o(Region$$Table)
    Region$$Table$$Limit                     0x00002540   Number         0  anon$$obj.o(Region$$Table)
    SystemCoreClock                          0x20000000   Data           4  system_tm4c129.o(.data.SystemCoreClock)
    osRtxInfo                                0x20000004   Data         164  rtx_kernel.o(.data.os)
    __libspace_start                         0x20000670   Data          96  libspace.o(.bss)
    __temporary_stack_top$libspace           0x200006d0   Data           0  libspace.o(.bss)
    .bss.os.msgqueue.cb$$Base                0x20008714   Number         0  rtx_lib.o(.bss.os.msgqueue.cb)
    .bss.os.msgqueue.cb$$Limit               0x20008748   Number         0  rtx_lib.o(.bss.os.msgqueue.cb)
    .bss.os.thread.cb$$Base                  0x20008798   Number         0  rtx_lib.o(.bss.os.thread.cb)
    .bss.os.thread.cb$$Limit                 0x20008820   Number         0  rtx_lib.o(.bss.os.thread.cb)
    qidCentralCommands                       0x20008c24   Data           4  main.o(.bss.qidCentralCommands)
    qidCentralResponses                      0x20008c28   Data           4  main.o(.bss.qidCentralResponses)
    qidMain                                  0x20008c2c   Data           4  main.o(.bss.qidMain)
    tidCentral                               0x20008c30   Data           4  main.o(.bss.tidCentral)
    tidMain                                  0x20008c34   Data           4  main.o(.bss.tidMain)
    uartMsg                                  0x20008c38   Data          16  main.o(.bss.uartMsg)



==============================================================================

Memory Map of the image

  Image Entry point : 0x000002f1

  Load Region LR_1 (Base: 0x00000000, Size: 0x00002e6c, Max: 0xffffffff, ABSOLUTE, COMPRESSED[0x0000281c])

    Execution Region ER_RO (Exec base: 0x00000000, Load base: 0x00000000, Size: 0x00002540, Max: 0xffffffff, ABSOLUTE)

    Exec Addr    Load Addr    Size         Type   Attr      Idx    E Section Name        Object

    0x00000000   0x00000000   0x00000200   Data   RO          121    RESET               startup_tm4c129.o
    0x00000200   0x00000200   0x00000008   Code   RO         1743  * !!!main             c_w.l(__main.o)
    0x00000208   0x00000208   0x00000034   Code   RO         1910    !!!scatter          c_w.l(__scatter.o)
    0x0000023c   0x0000023c   0x0000003a   Code   RO         1908    !!dczerorl          c_w.l(__dczerorl.o)
    0x00000276   0x00000276   0x00000002   PAD
    0x00000278   0x00000278   0x0000001c   Code   RO         1912    !!handler_zi        c_w.l(__scatter_zi.o)
    0x00000294   0x00000294   0x00000002   Code   RO         1772    .ARM.Collect$$libinit$$00000000  c_w.l(libinit.o)
    0x00000296   0x00000296   0x00000004   Code   RO         1778    .ARM.Collect$$libinit$$00000001  c_w.l(libinit2.o)
    0x0000029a   0x0000029a   0x00000000   Code   RO         1781    .ARM.Collect$$libinit$$00000004  c_w.l(libinit2.o)
    0x0000029a   0x0000029a   0x00000000   Code   RO         1783    .ARM.Collect$$libinit$$00000006  c_w.l(libinit2.o)
    0x0000029a   0x0000029a   0x00000000   Code   RO         1786    .ARM.Collect$$libinit$$0000000C  c_w.l(libinit2.o)
    0x0000029a   0x0000029a   0x00000000   Code   RO         1788    .ARM.Collect$$libinit$$0000000E  c_w.l(libinit2.o)
    0x0000029a   0x0000029a   0x00000000   Code   RO         1790    .ARM.Collect$$libinit$$00000010  c_w.l(libinit2.o)
    0x0000029a   0x0000029a   0x00000000   Code   RO         1793    .ARM.Collect$$libinit$$00000013  c_w.l(libinit2.o)
    0x0000029a   0x0000029a   0x00000000   Code   RO         1795    .ARM.Collect$$libinit$$00000015  c_w.l(libinit2.o)
    0x0000029a   0x0000029a   0x00000000   Code   RO         1797    .ARM.Collect$$libinit$$00000017  c_w.l(libinit2.o)
    0x0000029a   0x0000029a   0x00000000   Code   RO         1799    .ARM.Collect$$libinit$$00000019  c_w.l(libinit2.o)
    0x0000029a   0x0000029a   0x00000000   Code   RO         1801    .ARM.Collect$$libinit$$0000001B  c_w.l(libinit2.o)
    0x0000029a   0x0000029a   0x00000000   Code   RO         1803    .ARM.Collect$$libinit$$0000001D  c_w.l(libinit2.o)
    0x0000029a   0x0000029a   0x00000000   Code   RO         1805    .ARM.Collect$$libinit$$0000001F  c_w.l(libinit2.o)
    0x0000029a   0x0000029a   0x00000000   Code   RO         1807    .ARM.Collect$$libinit$$00000021  c_w.l(libinit2.o)
    0x0000029a   0x0000029a   0x00000000   Code   RO         1809    .ARM.Collect$$libinit$$00000023  c_w.l(libinit2.o)
    0x0000029a   0x0000029a   0x00000000   Code   RO         1811    .ARM.Collect$$libinit$$00000025  c_w.l(libinit2.o)
    0x0000029a   0x0000029a   0x00000000   Code   RO         1813    .ARM.Collect$$libinit$$00000027  c_w.l(libinit2.o)
    0x0000029a   0x0000029a   0x00000000   Code   RO         1817    .ARM.Collect$$libinit$$0000002E  c_w.l(libinit2.o)
    0x0000029a   0x0000029a   0x00000000   Code   RO         1819    .ARM.Collect$$libinit$$00000030  c_w.l(libinit2.o)
    0x0000029a   0x0000029a   0x00000000   Code   RO         1821    .ARM.Collect$$libinit$$00000032  c_w.l(libinit2.o)
    0x0000029a   0x0000029a   0x00000000   Code   RO         1823    .ARM.Collect$$libinit$$00000034  c_w.l(libinit2.o)
    0x0000029a   0x0000029a   0x00000002   Code   RO         1824    .ARM.Collect$$libinit$$00000035  c_w.l(libinit2.o)
    0x0000029c   0x0000029c   0x00000002   Code   RO         1844    .ARM.Collect$$libshutdown$$00000000  c_w.l(libshutdown.o)
    0x0000029e   0x0000029e   0x00000000   Code   RO         1859    .ARM.Collect$$libshutdown$$00000002  c_w.l(libshutdown2.o)
    0x0000029e   0x0000029e   0x00000000   Code   RO         1861    .ARM.Collect$$libshutdown$$00000004  c_w.l(libshutdown2.o)
    0x0000029e   0x0000029e   0x00000000   Code   RO         1864    .ARM.Collect$$libshutdown$$00000007  c_w.l(libshutdown2.o)
    0x0000029e   0x0000029e   0x00000000   Code   RO         1867    .ARM.Collect$$libshutdown$$0000000A  c_w.l(libshutdown2.o)
    0x0000029e   0x0000029e   0x00000000   Code   RO         1869    .ARM.Collect$$libshutdown$$0000000C  c_w.l(libshutdown2.o)
    0x0000029e   0x0000029e   0x00000000   Code   RO         1872    .ARM.Collect$$libshutdown$$0000000F  c_w.l(libshutdown2.o)
    0x0000029e   0x0000029e   0x00000002   Code   RO         1873    .ARM.Collect$$libshutdown$$00000010  c_w.l(libshutdown2.o)
    0x000002a0   0x000002a0   0x00000000   Code   RO         1747    .ARM.Collect$$rtentry$$00000000  c_w.l(__rtentry.o)
    0x000002a0   0x000002a0   0x00000000   Code   RO         1751    .ARM.Collect$$rtentry$$00000002  c_w.l(__rtentry2.o)
    0x000002a0   0x000002a0   0x00000006   Code   RO         1763    .ARM.Collect$$rtentry$$00000004  c_w.l(__rtentry4.o)
    0x000002a6   0x000002a6   0x00000008   Code   RO         1752    .ARM.Collect$$rtentry$$00000008  c_w.l(__rtentry2.o)
    0x000002ae   0x000002ae   0x00000004   Code   RO         1754    .ARM.Collect$$rtentry$$0000000A  c_w.l(__rtentry2.o)
    0x000002b2   0x000002b2   0x00000000   Code   RO         1756    .ARM.Collect$$rtentry$$0000000C  c_w.l(__rtentry2.o)
    0x000002b2   0x000002b2   0x00000008   Code   RO         1757    .ARM.Collect$$rtentry$$0000000D  c_w.l(__rtentry2.o)
    0x000002ba   0x000002ba   0x00000002   Code   RO         1776    .ARM.Collect$$rtexit$$00000000  c_w.l(rtexit.o)
    0x000002bc   0x000002bc   0x00000000   Code   RO         1826    .ARM.Collect$$rtexit$$00000002  c_w.l(rtexit2.o)
    0x000002bc   0x000002bc   0x00000004   Code   RO         1827    .ARM.Collect$$rtexit$$00000003  c_w.l(rtexit2.o)
    0x000002c0   0x000002c0   0x00000006   Code   RO         1828    .ARM.Collect$$rtexit$$00000004  c_w.l(rtexit2.o)
    0x000002c6   0x000002c6   0x00000002   PAD
    0x000002c8   0x000002c8   0x00000026   Code   RO         1616    .emb_text           driverlib.lib(cpu.o)
    0x000002ee   0x000002ee   0x00000002   PAD
    0x000002f0   0x000002f0   0x0000012c   Code   RO          122  * .text               startup_tm4c129.o
    0x0000041c   0x0000041c   0x000000c8   Code   RO         1609    .text               RTX_CM4F.lib(irq_armv7m.o)
    0x000004e4   0x000004e4   0x0000008a   Code   RO         1735    .text               c_w.l(rt_memcpy_v6.o)
    0x0000056e   0x0000056e   0x00000044   Code   RO         1737    .text               c_w.l(rt_memclr.o)
    0x000005b2   0x000005b2   0x0000004e   Code   RO         1739    .text               c_w.l(rt_memclr_w.o)
    0x00000600   0x00000600   0x00000006   Code   RO         1741    .text               c_w.l(heapauxi.o)
    0x00000606   0x00000606   0x00000064   Code   RO         1748    .text               c_w.l(rt_memcpy_w.o)
    0x0000066a   0x0000066a   0x0000004a   Code   RO         1765    .text               c_w.l(sys_stackheap_outer.o)
    0x000006b4   0x000006b4   0x00000012   Code   RO         1767    .text               c_w.l(exit.o)
    0x000006c6   0x000006c6   0x00000002   PAD
    0x000006c8   0x000006c8   0x00000008   Code   RO         1773    .text               c_w.l(libspace.o)
    0x000006d0   0x000006d0   0x0000000c   Code   RO         1834    .text               c_w.l(sys_exit.o)
    0x000006dc   0x000006dc   0x00000002   Code   RO         1849    .text               c_w.l(use_no_semi.o)
    0x000006de   0x000006de   0x00000000   Code   RO         1851    .text               c_w.l(indicate_semi.o)
    0x000006de   0x000006de   0x00000002   PAD
    0x000006e0   0x000006e0   0x00000016   Code   RO           74    .text.$Sub$$_fp_init  rtx_lib.o
    0x000006f6   0x000006f6   0x00000040   Code   RO         1590    .text.MessageQueueGet  RTX_CM4F.lib(rtx_msgqueue.o)
    0x00000736   0x00000736   0x00000058   Code   RO         1584    .text.MessageQueuePut  RTX_CM4F.lib(rtx_msgqueue.o)
    0x0000078e   0x0000078e   0x0000001c   Code   RO         1582    .text.MessageQueueRemove  RTX_CM4F.lib(rtx_msgqueue.o)
    0x000007aa   0x000007aa   0x00000002   PAD
    0x000007ac   0x000007ac   0x00000008   Code   RO         1713    .text.OS_Tick_AcknowledgeIRQ  RTX_CM4F.lib(os_systick.o)
    0x000007b4   0x000007b4   0x00000024   Code   RO         1709    .text.OS_Tick_Enable  RTX_CM4F.lib(os_systick.o)
    0x000007d8   0x000007d8   0x00000006   Code   RO         1715    .text.OS_Tick_GetIRQn  RTX_CM4F.lib(os_systick.o)
    0x000007de   0x000007de   0x00000002   PAD
    0x000007e0   0x000007e0   0x00000040   Code   RO         1707    .text.OS_Tick_Setup  RTX_CM4F.lib(os_systick.o)
    0x00000820   0x00000820   0x0000000c   Code   RO         1296    .text.OUTLINED_FUNCTION_0  RTX_CM4F.lib(rtx_kernel.o)
    0x0000082c   0x0000082c   0x0000000c   Code   RO         1598    .text.OUTLINED_FUNCTION_0  RTX_CM4F.lib(rtx_msgqueue.o)
    0x00000838   0x00000838   0x00000006   Code   RO         1298    .text.OUTLINED_FUNCTION_1  RTX_CM4F.lib(rtx_kernel.o)
    0x0000083e   0x0000083e   0x00000006   Code   RO         1600    .text.OUTLINED_FUNCTION_1  RTX_CM4F.lib(rtx_msgqueue.o)
    0x00000844   0x00000844   0x00000024   Code   RO          131    .text.SystemInit    system_tm4c129.o
    0x00000868   0x00000868   0x000001da   Code   RO           19    .text.ThreadCentral  main.o
    0x00000a42   0x00000a42   0x00000064   Code   RO         1388    .text.ThreadFlagsCheck  RTX_CM4F.lib(rtx_thread.o)
    0x00000aa6   0x00000aa6   0x00000002   PAD
    0x00000aa8   0x00000aa8   0x0000004e   Code   RO           17    .text.ThreadMain    main.o
    0x00000af6   0x00000af6   0x00000002   PAD
    0x00000af8   0x00000af8   0x00000044   Code   RO         1488    .text.TimerInsert   RTX_CM4F.lib(rtx_timer.o)
    0x00000b3c   0x00000b3c   0x00000052   Code   RO           37    .text.UARTIntHandler  main.o
    0x00000b8e   0x00000b8e   0x00000002   PAD
    0x00000b90   0x00000b90   0x0000002a   Code   RO            4    .text.UART_InChar   uart.o
    0x00000bba   0x00000bba   0x00000002   PAD
    0x00000bbc   0x00000bbc   0x000000ec   Code   RO            2    .text.UART_Init     uart.o
    0x00000ca8   0x00000ca8   0x00000028   Code   RO            6    .text.UART_OutChar  uart.o
    0x00000cd0   0x00000cd0   0x00000034   Code   RO           80    .text._mutex_acquire  rtx_lib.o
    0x00000d04   0x00000d04   0x00000006   Code   RO           84    .text._mutex_free   rtx_lib.o
    0x00000d0a   0x00000d0a   0x00000002   PAD
    0x00000d0c   0x00000d0c   0x00000020   Code   RO           78    .text._mutex_initialize  rtx_lib.o
    0x00000d2c   0x00000d2c   0x00000030   Code   RO           82    .text._mutex_release  rtx_lib.o
    0x00000d5c   0x00000d5c   0x00000004   Code   RO           72    .text._platform_post_stackheap_init  rtx_lib.o
    0x00000d60   0x00000d60   0x000000ca   Code   RO           15    .text.main          main.o
    0x00000e2a   0x00000e2a   0x00000002   PAD
    0x00000e2c   0x00000e2c   0x00000024   Code   RO         1454    .text.osDelay       RTX_CM4F.lib(rtx_delay.o)
    0x00000e50   0x00000e50   0x00000030   Code   RO         1248    .text.osKernelGetState  RTX_CM4F.lib(rtx_kernel.o)
    0x00000e80   0x00000e80   0x0000002c   Code   RO         1242    .text.osKernelInitialize  RTX_CM4F.lib(rtx_kernel.o)
    0x00000eac   0x00000eac   0x00000024   Code   RO         1252    .text.osKernelStart  RTX_CM4F.lib(rtx_kernel.o)
    0x00000ed0   0x00000ed0   0x00000070   Code   RO         1558    .text.osMessageQueueGet  RTX_CM4F.lib(rtx_msgqueue.o)
    0x00000f40   0x00000f40   0x00000024   Code   RO         1552    .text.osMessageQueueNew  RTX_CM4F.lib(rtx_msgqueue.o)
    0x00000f64   0x00000f64   0x00000080   Code   RO         1556    .text.osMessageQueuePut  RTX_CM4F.lib(rtx_msgqueue.o)
    0x00000fe4   0x00000fe4   0x00000024   Code   RO         1520    .text.osMutexAcquire  RTX_CM4F.lib(rtx_mutex.o)
    0x00001008   0x00001008   0x00000024   Code   RO         1526    .text.osMutexDelete  RTX_CM4F.lib(rtx_mutex.o)
    0x0000102c   0x0000102c   0x00000024   Code   RO         1516    .text.osMutexNew    RTX_CM4F.lib(rtx_mutex.o)
    0x00001050   0x00001050   0x00000024   Code   RO         1522    .text.osMutexRelease  RTX_CM4F.lib(rtx_mutex.o)
    0x00001074   0x00001074   0x00000002   Code   RO          111    .text.osRtxErrorNotify  rtx_config.o
    0x00001076   0x00001076   0x00000002   PAD
    0x00001078   0x00001078   0x00000002   Code   RO          109    .text.osRtxIdleThread  rtx_config.o
    0x0000107a   0x0000107a   0x00000004   Code   RO         1240    .text.osRtxKernelErrorNotify  RTX_CM4F.lib(rtx_kernel.o)
    0x0000107e   0x0000107e   0x00000002   Code   RO         1238    .text.osRtxKernelPreInit  RTX_CM4F.lib(rtx_kernel.o)
    0x00001080   0x00001080   0x0000006c   Code   RO         1629    .text.osRtxMemoryAlloc  RTX_CM4F.lib(rtx_memory.o)
    0x000010ec   0x000010ec   0x00000042   Code   RO         1631    .text.osRtxMemoryFree  RTX_CM4F.lib(rtx_memory.o)
    0x0000112e   0x0000112e   0x00000036   Code   RO         1627    .text.osRtxMemoryInit  RTX_CM4F.lib(rtx_memory.o)
    0x00001164   0x00001164   0x0000003a   Code   RO         1643    .text.osRtxMemoryPoolAlloc  RTX_CM4F.lib(rtx_mempool.o)
    0x0000119e   0x0000119e   0x0000004a   Code   RO         1645    .text.osRtxMemoryPoolFree  RTX_CM4F.lib(rtx_mempool.o)
    0x000011e8   0x000011e8   0x00000038   Code   RO         1641    .text.osRtxMemoryPoolInit  RTX_CM4F.lib(rtx_mempool.o)
    0x00001220   0x00001220   0x000000aa   Code   RO         1580    .text.osRtxMessageQueuePostProcess  RTX_CM4F.lib(rtx_msgqueue.o)
    0x000012ca   0x000012ca   0x00000002   PAD
    0x000012cc   0x000012cc   0x00000024   Code   RO         1548    .text.osRtxMessageQueueTimerSetup  RTX_CM4F.lib(rtx_msgqueue.o)
    0x000012f0   0x000012f0   0x00000048   Code   RO         1512    .text.osRtxMutexOwnerRelease  RTX_CM4F.lib(rtx_mutex.o)
    0x00001338   0x00001338   0x00000048   Code   RO         1514    .text.osRtxMutexOwnerRestore  RTX_CM4F.lib(rtx_mutex.o)
    0x00001380   0x00001380   0x00000088   Code   RO         1695    .text.osRtxPendSV_Handler  RTX_CM4F.lib(rtx_system.o)
    0x00001408   0x00001408   0x00000070   Code   RO         1697    .text.osRtxPostProcess  RTX_CM4F.lib(rtx_system.o)
    0x00001478   0x00001478   0x00000034   Code   RO         1328    .text.osRtxThreadBlock  RTX_CM4F.lib(rtx_thread.o)
    0x000014ac   0x000014ac   0x0000007c   Code   RO         1336    .text.osRtxThreadDelayInsert  RTX_CM4F.lib(rtx_thread.o)
    0x00001528   0x00001528   0x0000003c   Code   RO         1332    .text.osRtxThreadDelayRemove  RTX_CM4F.lib(rtx_thread.o)
    0x00001564   0x00001564   0x00000050   Code   RO         1320    .text.osRtxThreadDelayTick  RTX_CM4F.lib(rtx_thread.o)
    0x000015b4   0x000015b4   0x00000020   Code   RO         1420    .text.osRtxThreadDestroy  RTX_CM4F.lib(rtx_thread.o)
    0x000015d4   0x000015d4   0x00000050   Code   RO         1326    .text.osRtxThreadDispatch  RTX_CM4F.lib(rtx_thread.o)
    0x00001624   0x00001624   0x00000058   Code   RO         1412    .text.osRtxThreadFree  RTX_CM4F.lib(rtx_thread.o)
    0x0000167c   0x0000167c   0x0000001e   Code   RO         1418    .text.osRtxThreadJoinWakeup  RTX_CM4F.lib(rtx_thread.o)
    0x0000169a   0x0000169a   0x00000012   Code   RO         1312    .text.osRtxThreadListGet  RTX_CM4F.lib(rtx_thread.o)
    0x000016ac   0x000016ac   0x0000002c   Code   RO         1310    .text.osRtxThreadListPut  RTX_CM4F.lib(rtx_thread.o)
    0x000016d8   0x000016d8   0x00000014   Code   RO         1316    .text.osRtxThreadListRemove  RTX_CM4F.lib(rtx_thread.o)
    0x000016ec   0x000016ec   0x00000026   Code   RO         1314    .text.osRtxThreadListSort  RTX_CM4F.lib(rtx_thread.o)
    0x00001712   0x00001712   0x00000028   Code   RO         1386    .text.osRtxThreadPostProcess  RTX_CM4F.lib(rtx_thread.o)
    0x0000173a   0x0000173a   0x00000002   PAD
    0x0000173c   0x0000173c   0x00000014   Code   RO         1318    .text.osRtxThreadReadyPut  RTX_CM4F.lib(rtx_thread.o)
    0x00001750   0x00001750   0x00000014   Code   RO         1322    .text.osRtxThreadRegPtr  RTX_CM4F.lib(rtx_thread.o)
    0x00001764   0x00001764   0x00000034   Code   RO         1338    .text.osRtxThreadStartup  RTX_CM4F.lib(rtx_thread.o)
    0x00001798   0x00001798   0x0000000c   Code   RO         1324    .text.osRtxThreadSwitch  RTX_CM4F.lib(rtx_thread.o)
    0x000017a4   0x000017a4   0x0000003c   Code   RO         1334    .text.osRtxThreadWaitEnter  RTX_CM4F.lib(rtx_thread.o)
    0x000017e0   0x000017e0   0x00000030   Code   RO         1330    .text.osRtxThreadWaitExit  RTX_CM4F.lib(rtx_thread.o)
    0x00001810   0x00001810   0x00000078   Code   RO         1693    .text.osRtxTick_Handler  RTX_CM4F.lib(rtx_system.o)
    0x00001888   0x00001888   0x00000020   Code   RO         1470    .text.osRtxTimerSetup  RTX_CM4F.lib(rtx_timer.o)
    0x000018a8   0x000018a8   0x00000020   Code   RO         1474    .text.osRtxTimerThread  RTX_CM4F.lib(rtx_timer.o)
    0x000018c8   0x000018c8   0x00000070   Code   RO         1472    .text.osRtxTimerTick  RTX_CM4F.lib(rtx_timer.o)
    0x00001938   0x00001938   0x0000000c   Code   RO         1370    .text.osThreadExit  RTX_CM4F.lib(rtx_thread.o)
    0x00001944   0x00001944   0x00000024   Code   RO         1342    .text.osThreadNew   RTX_CM4F.lib(rtx_thread.o)
    0x00001968   0x00001968   0x00000016   Code   RO         1458    .text.svcRtxDelay   RTX_CM4F.lib(rtx_delay.o)
    0x0000197e   0x0000197e   0x00000002   PAD
    0x00001980   0x00001980   0x0000000c   Code   RO         1250    .text.svcRtxKernelGetState  RTX_CM4F.lib(rtx_kernel.o)
    0x0000198c   0x0000198c   0x000000f8   Code   RO         1280    .text.svcRtxKernelInitialize  RTX_CM4F.lib(rtx_kernel.o)
    0x00001a84   0x00001a84   0x0000008c   Code   RO         1282    .text.svcRtxKernelStart  RTX_CM4F.lib(rtx_kernel.o)
    0x00001b10   0x00001b10   0x000000cc   Code   RO         1592    .text.svcRtxMessageQueueGet  RTX_CM4F.lib(rtx_msgqueue.o)
    0x00001bdc   0x00001bdc   0x00000118   Code   RO         1550    .text.svcRtxMessageQueueNew  RTX_CM4F.lib(rtx_msgqueue.o)
    0x00001cf4   0x00001cf4   0x000000a8   Code   RO         1588    .text.svcRtxMessageQueuePut  RTX_CM4F.lib(rtx_msgqueue.o)
    0x00001d9c   0x00001d9c   0x00000090   Code   RO         1532    .text.svcRtxMutexAcquire  RTX_CM4F.lib(rtx_mutex.o)
    0x00001e2c   0x00001e2c   0x000000ac   Code   RO         1538    .text.svcRtxMutexDelete  RTX_CM4F.lib(rtx_mutex.o)
    0x00001ed8   0x00001ed8   0x00000068   Code   RO         1528    .text.svcRtxMutexNew  RTX_CM4F.lib(rtx_mutex.o)
    0x00001f40   0x00001f40   0x000000b4   Code   RO         1534    .text.svcRtxMutexRelease  RTX_CM4F.lib(rtx_mutex.o)
    0x00001ff4   0x00001ff4   0x0000004c   Code   RO         1416    .text.svcRtxThreadExit  RTX_CM4F.lib(rtx_thread.o)
    0x00002040   0x00002040   0x000001ec   Code   RO         1340    .text.svcRtxThreadNew  RTX_CM4F.lib(rtx_thread.o)
    0x0000222c   0x0000222c   0x00000064   Code   RO          479    i.IntEnable         driverlib.lib(interrupt.o)
    0x00002290   0x00002290   0x0000000e   Code   RO          482    i.IntMasterEnable   driverlib.lib(interrupt.o)
    0x0000229e   0x0000229e   0x00000002   PAD
    0x000022a0   0x000022a0   0x00000034   Code   RO          491    i.IntRegister       driverlib.lib(interrupt.o)
    0x000022d4   0x000022d4   0x00000004   Code   RO          969    i.UARTIntClear      driverlib.lib(uart.o)
    0x000022d8   0x000022d8   0x00000008   Code   RO          971    i.UARTIntEnable     driverlib.lib(uart.o)
    0x000022e0   0x000022e0   0x0000001a   Code   RO         1745    x$fpl$fpinit        fz_wm.l(fpinit.o)
    0x000022fa   0x000022fa   0x00000002   PAD
    0x000022fc   0x000022fc   0x0000010c   Data   RO          495    .constdata          driverlib.lib(interrupt.o)
    0x00002408   0x00002408   0x00000070   Data   RO           90    .rodata             rtx_lib.o
    0x00002478   0x00002478   0x00000038   Data   RO           93    .rodata             rtx_lib.o
    0x000024b0   0x000024b0   0x00000004   Data   RO           92    .rodata.osRtxUserSVC  rtx_lib.o
    0x000024b4   0x000024b4   0x00000024   Data   RO           87    .rodata.os_idle_thread_attr  rtx_lib.o
    0x000024d8   0x000024d8   0x00000018   Data   RO           89    .rodata.os_timer_mq_attr  rtx_lib.o
    0x000024f0   0x000024f0   0x00000024   Data   RO           88    .rodata.os_timer_thread_attr  rtx_lib.o
    0x00002514   0x00002514   0x0000000b   Data   RO         1300    .rodata.str1.4      RTX_CM4F.lib(rtx_kernel.o)
    0x0000251f   0x0000251f   0x00000001   PAD
    0x00002520   0x00002520   0x00000020   Data   RO         1907    Region$$Table       anon$$obj.o


    Execution Region ER_RW (Exec base: 0x20000000, Load base: 0x00002800, Size: 0x0000066c, Max: 0xffffffff, ABSOLUTE, COMPRESSED[0x0000001c])

    Exec Addr    Load Addr    Size         Type   Attr      Idx    E Section Name        Object

    0x20000000   COMPRESSED   0x00000004   Data   RW          133    .data.SystemCoreClock  system_tm4c129.o
    0x20000004   COMPRESSED   0x000000a4   Data   RW         1301    .data.os            RTX_CM4F.lib(rtx_kernel.o)
    0x200000a8   COMPRESSED   0x00000358   PAD
    0x20000400   COMPRESSED   0x0000026c   Data   RW          496    vtable              driverlib.lib(interrupt.o)


    Execution Region ER_ZI (Exec base: 0x20000670, Load base: 0x0000281c, Size: 0x000087d8, Max: 0xffffffff, ABSOLUTE)

    Exec Addr    Load Addr    Size         Type   Attr      Idx    E Section Name        Object

    0x20000670        -       0x00000060   Zero   RW         1774    .bss                c_w.l(libspace.o)
    0x200006d0        -       0x00008040   Zero   RW           86    .bss.os             rtx_lib.o
    0x20008710        -       0x00000001   Zero   RW         1725    .bss.os             RTX_CM4F.lib(os_systick.o)
    0x20008711   0x0000281c   0x00000003   PAD
    0x20008714        -       0x00000034   Zero   RW           98    .bss.os.msgqueue.cb  rtx_lib.o
    0x20008748        -       0x00000050   Zero   RW           99    .bss.os.msgqueue.mem  rtx_lib.o
    0x20008798        -       0x00000088   Zero   RW           95    .bss.os.thread.cb   rtx_lib.o
    0x20008820        -       0x00000200   Zero   RW           96    .bss.os.thread.idle.stack  rtx_lib.o
    0x20008a20        -       0x00000200   Zero   RW           97    .bss.os.thread.timer.stack  rtx_lib.o
    0x20008c20        -       0x00000001   Zero   RW          100    .bss.os_kernel_is_active.os_kernel_active  rtx_lib.o
    0x20008c21   0x0000281c   0x00000003   PAD
    0x20008c24        -       0x00000004   Zero   RW           42    .bss.qidCentralCommands  main.o
    0x20008c28        -       0x00000004   Zero   RW           43    .bss.qidCentralResponses  main.o
    0x20008c2c        -       0x00000004   Zero   RW           41    .bss.qidMain        main.o
    0x20008c30        -       0x00000004   Zero   RW           40    .bss.tidCentral     main.o
    0x20008c34        -       0x00000004   Zero   RW           39    .bss.tidMain        main.o
    0x20008c38        -       0x00000010   Zero   RW           44    .bss.uartMsg        main.o
    0x20008c48        -       0x00000000   Zero   RW          120    HEAP                startup_tm4c129.o
    0x20008c48        -       0x00000200   Zero   RW          119    STACK               startup_tm4c129.o


==============================================================================

Image component sizes


      Code (inc. data)   RO Data    RW Data    ZI Data      Debug   Object Name

       836         26          0          0         36       6936   main.o
         4          0          0          0          0        718   rtx_config.o
       164          0        268          0      34125       8422   rtx_lib.o
       300         22        512          0        512       6072   startup_tm4c129.o
        36          0          0          4          0       1434   system_tm4c129.o
       318          0          0          0          0        968   uart.o

    ----------------------------------------------------------------------
      1670         48        812          4      34676      24550   Object Totals
         0          0         32          0          0          0   (incl. Generated)
        12          0          0          0          3          0   (incl. Padding)

    ----------------------------------------------------------------------

      Code (inc. data)   RO Data    RW Data    ZI Data      Debug   Library Member Name

       200         12          0          0          0        634   irq_armv7m.o
       114         20          0          0          1       3199   os_systick.o
        58          4          0          0          0       2797   rtx_delay.o
       552         40         11        164          0      16781   rtx_kernel.o
       228          0          0          0          0       2590   rtx_memory.o
       188          0          0          0          0      16188   rtx_mempool.o
      1332         28          0          0          0      18765   rtx_msgqueue.o
       888         28          0          0          0      10068   rtx_mutex.o
       368         18          0          0          0       5444   rtx_system.o
      1634         48          0          0          0      32486   rtx_thread.o
       244         12          0          0          0      10433   rtx_timer.o
        58          0          0          0          0          0   __dczerorl.o
         8          0          0          0          0         68   __main.o
         0          0          0          0          0          0   __rtentry.o
        20          0          0          0          0          0   __rtentry2.o
         6          0          0          0          0          0   __rtentry4.o
        52          8          0          0          0          0   __scatter.o
        28          0          0          0          0          0   __scatter_zi.o
        18          0          0          0          0         80   exit.o
         6          0          0          0          0        152   heapauxi.o
         0          0          0          0          0          0   indicate_semi.o
         2          0          0          0          0          0   libinit.o
         6          0          0          0          0          0   libinit2.o
         2          0          0          0          0          0   libshutdown.o
         2          0          0          0          0          0   libshutdown2.o
         8          4          0          0         96         68   libspace.o
        68          0          0          0          0         68   rt_memclr.o
        78          0          0          0          0         80   rt_memclr_w.o
       138          0          0          0          0         68   rt_memcpy_v6.o
       100          0          0          0          0         80   rt_memcpy_w.o
         2          0          0          0          0          0   rtexit.o
        10          0          0          0          0          0   rtexit2.o
        12          4          0          0          0         68   sys_exit.o
        74          0          0          0          0         80   sys_stackheap_outer.o
         2          0          0          0          0         68   use_no_semi.o
        38          0          0          0          0        572   cpu.o
         0          0          0          0          0       4492   gpio.o
       166         16        268        620          0       2668   interrupt.o
        12          0          0          0          0        975   uart.o
        26          0          0          0          0        116   fpinit.o

    ----------------------------------------------------------------------
      6774        242        280       1640        100     129088   Library Totals
        26          0          1        856          3          0   (incl. Padding)

    ----------------------------------------------------------------------

      Code (inc. data)   RO Data    RW Data    ZI Data      Debug   Library Name

      5806        210         11        164          1     119385   RTX_CM4F.lib
       700         16          0          0         96        880   c_w.l
       216         16        268        620          0       8707   driverlib.lib
        26          0          0          0          0        116   fz_wm.l

    ----------------------------------------------------------------------
      6774        242        280       1640        100     129088   Library Totals

    ----------------------------------------------------------------------

==============================================================================


      Code (inc. data)   RO Data    RW Data    ZI Data      Debug   

      8444        290       1092       1644      34776     152794   Grand Totals
      8444        290       1092         28      34776     152794   ELF Image Totals (compressed)
      8444        290       1092         28          0          0   ROM Totals

==============================================================================

    Total RO  Size (Code + RO Data)                 9536 (   9.31kB)
    Total RW  Size (RW Data + ZI Data)             36420 (  35.57kB)
    Total ROM Size (Code + RO Data + RW Data)       9564 (   9.34kB)

==============================================================================

