Component: Arm Compiler for Embedded 6.19 Tool: armlink [5e73cb00]

==============================================================================

Section Cross References

    uart.o(.ARM.exidx.text.UART_Init) refers to uart.o(.text.UART_Init) for [Anonymous Symbol]
    uart.o(.ARM.exidx.text.UART_InChar) refers to uart.o(.text.UART_InChar) for [Anonymous Symbol]
    uart.o(.ARM.exidx.text.UART_OutChar) refers to uart.o(.text.UART_OutChar) for [Anonymous Symbol]
    main.o(.text.main) refers to driverleds.o(.text.LEDInit) for LEDInit
    main.o(.text.main) refers to rtx_kernel.o(.text.osKernelInitialize) for osKernelInitialize
    main.o(.text.main) refers to main.o(.text.ThreadMain) for ThreadMain
    main.o(.text.main) refers to rtx_thread.o(.text.osThreadNew) for osThreadNew
    main.o(.text.main) refers to main.o(.bss.tidMain) for tidMain
    main.o(.text.main) refers to main.o(.text.ThreadCentral) for ThreadCentral
    main.o(.text.main) refers to main.o(.bss.tidCentral) for tidCentral
    main.o(.text.main) refers to rtx_msgqueue.o(.text.osMessageQueueNew) for osMessageQueueNew
    main.o(.text.main) refers to main.o(.bss.qidMain) for qidMain
    main.o(.text.main) refers to main.o(.bss.qidCentralCommands) for qidCentralCommands
    main.o(.text.main) refers to main.o(.bss.qidCentralResponses) for qidCentralResponses
    main.o(.text.main) refers to rtx_kernel.o(.text.osKernelGetState) for osKernelGetState
    main.o(.text.main) refers to interrupt.o(i.IntMasterEnable) for IntMasterEnable
    main.o(.text.main) refers to uart.o(.text.UART_Init) for UART_Init
    main.o(.text.main) refers to main.o(.text.UARTIntHandler) for UARTIntHandler
    main.o(.text.main) refers to interrupt.o(i.IntRegister) for IntRegister
    main.o(.text.main) refers to interrupt.o(i.IntEnable) for IntEnable
    main.o(.text.main) refers to uart.o(i.UARTIntEnable) for UARTIntEnable
    main.o(.text.main) refers to main.o(.bss.uartMsg) for uartMsg
    main.o(.text.main) refers to uart.o(.text.UART_OutChar) for UART_OutChar
    main.o(.text.main) refers to rtx_kernel.o(.text.osKernelStart) for osKernelStart
    main.o(.ARM.exidx.text.main) refers to main.o(.text.main) for [Anonymous Symbol]
    main.o(.text.ThreadMain) refers to main.o(.bss.qidMain) for qidMain
    main.o(.text.ThreadMain) refers to main.o(.bss.qidCentralCommands) for qidCentralCommands
    main.o(.text.ThreadMain) refers to main.o(.bss.qidCentralResponses) for qidCentralResponses
    main.o(.text.ThreadMain) refers to rtx_msgqueue.o(.text.osMessageQueueGet) for osMessageQueueGet
    main.o(.text.ThreadMain) refers to rtx_msgqueue.o(.text.osMessageQueuePut) for osMessageQueuePut
    main.o(.ARM.exidx.text.ThreadMain) refers to main.o(.text.ThreadMain) for [Anonymous Symbol]
    main.o(.text.ThreadCentral) refers to main.o(.bss.qidCentralResponses) for qidCentralResponses
    main.o(.text.ThreadCentral) refers to main.o(.bss.qidCentralCommands) for qidCentralCommands
    main.o(.text.ThreadCentral) refers to rtx_msgqueue.o(.text.osMessageQueueGet) for osMessageQueueGet
    main.o(.text.ThreadCentral) refers to main.o(.text.ProcessResponse) for ProcessResponse
    main.o(.text.ThreadCentral) refers to main.o(.text.ProcessCommand) for ProcessCommand
    main.o(.text.ThreadCentral) refers to uart.o(.text.UART_OutChar) for UART_OutChar
    main.o(.ARM.exidx.text.ThreadCentral) refers to main.o(.text.ThreadCentral) for [Anonymous Symbol]
    main.o(.text.SetupUart) refers to uart.o(.text.UART_Init) for UART_Init
    main.o(.text.SetupUart) refers to main.o(.text.UARTIntHandler) for UARTIntHandler
    main.o(.text.SetupUart) refers to interrupt.o(i.IntRegister) for IntRegister
    main.o(.text.SetupUart) refers to interrupt.o(i.IntEnable) for IntEnable
    main.o(.text.SetupUart) refers to uart.o(i.UARTIntEnable) for UARTIntEnable
    main.o(.text.SetupUart) refers to main.o(.bss.uartMsg) for uartMsg
    main.o(.ARM.exidx.text.SetupUart) refers to main.o(.text.SetupUart) for [Anonymous Symbol]
    main.o(.text.InitElevator) refers to uart.o(.text.UART_OutChar) for UART_OutChar
    main.o(.ARM.exidx.text.InitElevator) refers to main.o(.text.InitElevator) for [Anonymous Symbol]
    main.o(.text.ProcessCommand) refers to strcat.o(.text) for strcat
    main.o(.text.ProcessCommand) refers to atoi.o(.text) for atoi
    main.o(.text.ProcessCommand) refers to uart.o(.text.UART_OutChar) for UART_OutChar
    main.o(.ARM.exidx.text.ProcessCommand) refers to main.o(.text.ProcessCommand) for [Anonymous Symbol]
    main.o(.text.ProcessResponse) refers to strcat.o(.text) for strcat
    main.o(.text.ProcessResponse) refers to atoi.o(.text) for atoi
    main.o(.ARM.exidx.text.ProcessResponse) refers to main.o(.text.ProcessResponse) for [Anonymous Symbol]
    main.o(.text.ChangeButtonStatus) refers to uart.o(.text.UART_OutChar) for UART_OutChar
    main.o(.ARM.exidx.text.ChangeButtonStatus) refers to main.o(.text.ChangeButtonStatus) for [Anonymous Symbol]
[...]
    [Anonymous Symbol]                       0x00000d5c   Section        0  main.o(.text.ThreadMain)
    TimerInsert                              0x00000dad   Thumb Code    68  rtx_timer.o(.text.TimerInsert)
    [Anonymous Symbol]                       0x00000dac   Section        0  rtx_timer.o(.text.TimerInsert)
    __arm_cp.9_0                             0x00000df0   Number         4  rtx_timer.o(.text.TimerInsert)
    [Anonymous Symbol]                       0x00000df4   Section        0  main.o(.text.UARTIntHandler)
    [Anonymous Symbol]                       0x00000e48   Section        0  uart.o(.text.UART_InChar)
    [Anonymous Symbol]                       0x00000e74   Section        0  uart.o(.text.UART_Init)
    [Anonymous Symbol]                       0x00000f60   Section        0  uart.o(.text.UART_OutChar)
    [Anonymous Symbol]                       0x00000f88   Section        0  rtx_lib.o(.text.__user_perthread_libspace)
    __tagsym$$used.1                         0x00001038   Number         0  rtx_lib.o(.text._mutex_acquire)
    [Anonymous Symbol]                       0x00001038   Section        0  rtx_lib.o(.text._mutex_acquire)
    __tagsym$$used.3                         0x0000106c   Number         0  rtx_lib.o(.text._mutex_free)
    [Anonymous Symbol]                       0x0000106c   Section        0  rtx_lib.o(.text._mutex_free)
    __tagsym$$used.0                         0x00001074   Number         0  rtx_lib.o(.text._mutex_initialize)
    [Anonymous Symbol]                       0x00001074   Section        0  rtx_lib.o(.text._mutex_initialize)
    __tagsym$$used.2                         0x00001094   Number         0  rtx_lib.o(.text._mutex_release)
    [Anonymous Symbol]                       0x00001094   Section        0  rtx_lib.o(.text._mutex_release)
    [Anonymous Symbol]                       0x000010c4   Section        0  rtx_lib.o(.text._platform_post_stackheap_init)
    [Anonymous Symbol]                       0x000010c8   Section        0  main.o(.text.main)
    [Anonymous Symbol]                       0x0000119c   Section        0  rtx_kernel.o(.text.osKernelGetState)
    __arm_cp.5_0                             0x000011c4   Number         4  rtx_kernel.o(.text.osKernelGetState)
    __arm_cp.5_1                             0x000011c8   Number         4  rtx_kernel.o(.text.osKernelGetState)
    [Anonymous Symbol]                       0x000011cc   Section        0  rtx_kernel.o(.text.osKernelInitialize)
    __arm_cp.2_0                             0x000011f4   Number         4  rtx_kernel.o(.text.osKernelInitialize)
    [Anonymous Symbol]                       0x000011f8   Section        0  rtx_kernel.o(.text.osKernelStart)
    __arm_cp.7_0                             0x00001218   Number         4  rtx_kernel.o(.text.osKernelStart)
    [Anonymous Symbol]                       0x0000121c   Section        0  rtx_msgqueue.o(.text.osMessageQueueGet)
    __arm_cp.5_0                             0x00001288   Number         4  rtx_msgqueue.o(.text.osMessageQueueGet)
    [Anonymous Symbol]                       0x0000128c   Section        0  rtx_msgqueue.o(.text.osMessageQueueNew)
    __arm_cp.2_0                             0x000012ac   Number         4  rtx_msgqueue.o(.text.osMessageQueueNew)
    [Anonymous Symbol]                       0x000012b0   Section        0  rtx_msgqueue.o(.text.osMessageQueuePut)
    __arm_cp.4_0                             0x0000132c   Number         4  rtx_msgqueue.o(.text.osMessageQueuePut)
    [Anonymous Symbol]                       0x00001330   Section        0  rtx_mutex.o(.text.osMutexAcquire)
    __arm_cp.4_0                             0x00001350   Number         4  rtx_mutex.o(.text.osMutexAcquire)
    [Anonymous Symbol]                       0x00001354   Section        0  rtx_mutex.o(.text.osMutexDelete)
    __arm_cp.7_0                             0x00001374   Number         4  rtx_mutex.o(.text.osMutexDelete)
    [Anonymous Symbol]                       0x00001378   Section        0  rtx_mutex.o(.text.osMutexNew)
    __arm_cp.2_0                             0x00001398   Number         4  rtx_mutex.o(.text.osMutexNew)
    [Anonymous Symbol]                       0x0000139c   Section        0  rtx_mutex.o(.text.osMutexRelease)
    __arm_cp.5_0                             0x000013bc   Number         4  rtx_mutex.o(.text.osMutexRelease)
    [Anonymous Symbol]                       0x000013c0   Section        0  rtx_config.o(.text.osRtxErrorNotify)
    [Anonymous Symbol]                       0x000013c4   Section        0  rtx_config.o(.text.osRtxIdleThread)
    [Anonymous Symbol]                       0x000013c6   Section        0  rtx_kernel.o(.text.osRtxKernelErrorNotify)
    [Anonymous Symbol]                       0x000013ca   Section        0  rtx_kernel.o(.text.osRtxKernelPreInit)
    [Anonymous Symbol]                       0x000013cc   Section        0  rtx_memory.o(.text.osRtxMemoryAlloc)
    [Anonymous Symbol]                       0x00001438   Section        0  rtx_memory.o(.text.osRtxMemoryFree)
    [Anonymous Symbol]                       0x0000147a   Section        0  rtx_memory.o(.text.osRtxMemoryInit)
    [Anonymous Symbol]                       0x000014b0   Section        0  rtx_mempool.o(.text.osRtxMemoryPoolAlloc)
    [Anonymous Symbol]                       0x000014ea   Section        0  rtx_mempool.o(.text.osRtxMemoryPoolFree)
    [Anonymous Symbol]                       0x00001534   Section        0  rtx_mempool.o(.text.osRtxMemoryPoolInit)
    osRtxMessageQueuePostProcess             0x0000156d   Thumb Code   170  rtx_msgqueue.o(.text.osRtxMessageQueuePostProcess)
    [Anonymous Symbol]                       0x0000156c   Section        0  rtx_msgqueue.o(.text.osRtxMessageQueuePostProcess)
    [Anonymous Symbol]                       0x00001618   Section        0  rtx_msgqueue.o(.text.osRtxMessageQueueTimerSetup)
    __arm_cp.0_0                             0x00001638   Number         4  rtx_msgqueue.o(.text.osRtxMessageQueueTimerSetup)
    [Anonymous Symbol]                       0x0000163c   Section        0  rtx_mutex.o(.text.osRtxMutexOwnerRelease)
    [Anonymous Symbol]                       0x00001684   Section        0  rtx_mutex.o(.text.osRtxMutexOwnerRestore)
    [Anonymous Symbol]                       0x000016cc   Section        0  rtx_system.o(.text.osRtxPendSV_Handler)
    [Anonymous Symbol]                       0x00001754   Section        0  rtx_system.o(.text.osRtxPostProcess)
    __arm_cp.2_1                             0x000017c0   Number         4  rtx_system.o(.text.osRtxPostProcess)
    osRtxThreadBlock                         0x000017c5   Thumb Code    52  rtx_thread.o(.text.osRtxThreadBlock)
    [Anonymous Symbol]                       0x000017c4   Section        0  rtx_thread.o(.text.osRtxThreadBlock)
    osRtxThreadDelayInsert                   0x000017f9   Thumb Code   124  rtx_thread.o(.text.osRtxThreadDelayInsert)
    [Anonymous Symbol]                       0x000017f8   Section        0  rtx_thread.o(.text.osRtxThreadDelayInsert)
    osRtxThreadDelayRemove                   0x00001875   Thumb Code    60  rtx_thread.o(.text.osRtxThreadDelayRemove)
    [Anonymous Symbol]                       0x00001874   Section        0  rtx_thread.o(.text.osRtxThreadDelayRemove)
    [Anonymous Symbol]                       0x000018b0   Section        0  rtx_thread.o(.text.osRtxThreadDelayTick)
    osRtxThreadDestroy                       0x00001901   Thumb Code    32  rtx_thread.o(.text.osRtxThreadDestroy)
    [Anonymous Symbol]                       0x00001900   Section        0  rtx_thread.o(.text.osRtxThreadDestroy)
    [Anonymous Symbol]                       0x00001920   Section        0  rtx_thread.o(.text.osRtxThreadDispatch)
    osRtxThreadFree                          0x00001971   Thumb Code    84  rtx_thread.o(.text.osRtxThreadFree)
    [Anonymous Symbol]                       0x00001970   Section        0  rtx_thread.o(.text.osRtxThreadFree)
    __arm_cp.51_0                            0x000019c4   Number         4  rtx_thread.o(.text.osRtxThreadFree)
    osRtxThreadJoinWakeup                    0x000019c9   Thumb Code    30  rtx_thread.o(.text.osRtxThreadJoinWakeup)
    [Anonymous Symbol]                       0x000019c8   Section        0  rtx_thread.o(.text.osRtxThreadJoinWakeup)
    [Anonymous Symbol]                       0x000019e6   Section        0  rtx_thread.o(.text.osRtxThreadListGet)
    [Anonymous Symbol]                       0x000019f8   Section        0  rtx_thread.o(.text.osRtxThreadListPut)
    [Anonymous Symbol]                       0x00001a24   Section        0  rtx_thread.o(.text.osRtxThreadListRemove)
    [Anonymous Symbol]                       0x00001a38   Section        0  rtx_thread.o(.text.osRtxThreadListSort)
    osRtxThreadPostProcess                   0x00001a5f   Thumb Code    40  rtx_thread.o(.text.osRtxThreadPostProcess)
    [Anonymous Symbol]                       0x00001a5e   Section        0  rtx_thread.o(.text.osRtxThreadPostProcess)
    [Anonymous Symbol]                       0x00001a88   Section        0  rtx_thread.o(.text.osRtxThreadReadyPut)
    __arm_cp.4_0                             0x00001a98   Number         4  rtx_thread.o(.text.osRtxThreadReadyPut)
    [Anonymous Symbol]                       0x00001a9c   Section        0  rtx_thread.o(.text.osRtxThreadRegPtr)
    [Anonymous Symbol]                       0x00001ab0   Section        0  rtx_thread.o(.text.osRtxThreadStartup)
    __arm_cp.14_1                            0x00001ae0   Number         4  rtx_thread.o(.text.osRtxThreadStartup)
    [Anonymous Symbol]                       0x00001ae4   Section        0  rtx_thread.o(.text.osRtxThreadSwitch)
    [Anonymous Symbol]                       0x00001af0   Section        0  rtx_thread.o(.text.osRtxThreadWaitEnter)
    __arm_cp.12_0                            0x00001b28   Number         4  rtx_thread.o(.text.osRtxThreadWaitEnter)
    [Anonymous Symbol]                       0x00001b2c   Section        0  rtx_thread.o(.text.osRtxThreadWaitExit)
    [Anonymous Symbol]                       0x00001b5c   Section        0  rtx_system.o(.text.osRtxTick_Handler)
    __arm_cp.0_0                             0x00001bd0   Number         4  rtx_system.o(.text.osRtxTick_Handler)
    [Anonymous Symbol]                       0x00001bd4   Section        0  rtx_timer.o(.text.osRtxTimerSetup)
    __arm_cp.0_0                             0x00001bec   Number         4  rtx_timer.o(.text.osRtxTimerSetup)
    __arm_cp.0_1                             0x00001bf0   Number         4  rtx_timer.o(.text.osRtxTimerSetup)
    [Anonymous Symbol]                       0x00001bf4   Section        0  rtx_timer.o(.text.osRtxTimerThread)
    osRtxTimerTick                           0x00001c15   Thumb Code   108  rtx_timer.o(.text.osRtxTimerTick)
    [Anonymous Symbol]                       0x00001c14   Section        0  rtx_timer.o(.text.osRtxTimerTick)
    __arm_cp.1_0                             0x00001c80   Number         4  rtx_timer.o(.text.osRtxTimerTick)
    [Anonymous Symbol]                       0x00001c84   Section        0  rtx_thread.o(.text.osThreadExit)
    __arm_cp.30_0                            0x00001c8c   Number         4  rtx_thread.o(.text.osThreadExit)
    [Anonymous Symbol]                       0x00001c90   Section        0  rtx_thread.o(.text.osThreadGetId)
    __arm_cp.18_1                            0x00001cb0   Number         4  rtx_thread.o(.text.osThreadGetId)
    [Anonymous Symbol]                       0x00001cb4   Section        0  rtx_thread.o(.text.osThreadNew)
    __arm_cp.16_0                            0x00001cd4   Number         4  rtx_thread.o(.text.osThreadNew)
    svcRtxKernelGetState                     0x00001cd9   Thumb Code     8  rtx_kernel.o(.text.svcRtxKernelGetState)
    [Anonymous Symbol]                       0x00001cd8   Section        0  rtx_kernel.o(.text.svcRtxKernelGetState)
    __arm_cp.6_0                             0x00001ce0   Number         4  rtx_kernel.o(.text.svcRtxKernelGetState)
    svcRtxKernelInitialize                   0x00001ce5   Thumb Code   244  rtx_kernel.o(.text.svcRtxKernelInitialize)
    [Anonymous Symbol]                       0x00001ce4   Section        0  rtx_kernel.o(.text.svcRtxKernelInitialize)
    __arm_cp.21_2                            0x00001dd8   Number         4  rtx_kernel.o(.text.svcRtxKernelInitialize)
    svcRtxKernelStart                        0x00001ddd   Thumb Code   124  rtx_kernel.o(.text.svcRtxKernelStart)
    [Anonymous Symbol]                       0x00001ddc   Section        0  rtx_kernel.o(.text.svcRtxKernelStart)
    __arm_cp.22_0                            0x00001e58   Number         4  rtx_kernel.o(.text.svcRtxKernelStart)
    __arm_cp.22_1                            0x00001e5c   Number         4  rtx_kernel.o(.text.svcRtxKernelStart)
    __arm_cp.22_2                            0x00001e60   Number         4  rtx_kernel.o(.text.svcRtxKernelStart)
    __arm_cp.22_3                            0x00001e64   Number         4  rtx_kernel.o(.text.svcRtxKernelStart)
    svcRtxMessageQueueGet                    0x00001e69   Thumb Code   200  rtx_msgqueue.o(.text.svcRtxMessageQueueGet)
    [Anonymous Symbol]                       0x00001e68   Section        0  rtx_msgqueue.o(.text.svcRtxMessageQueueGet)
    __arm_cp.22_0                            0x00001f30   Number         4  rtx_msgqueue.o(.text.svcRtxMessageQueueGet)
    svcRtxMessageQueueNew                    0x00001f35   Thumb Code   272  rtx_msgqueue.o(.text.svcRtxMessageQueueNew)
    [Anonymous Symbol]                       0x00001f34   Section        0  rtx_msgqueue.o(.text.svcRtxMessageQueueNew)
    __arm_cp.1_0                             0x00002044   Number         4  rtx_msgqueue.o(.text.svcRtxMessageQueueNew)
    __arm_cp.1_1                             0x00002048   Number         4  rtx_msgqueue.o(.text.svcRtxMessageQueueNew)
    svcRtxMessageQueuePut                    0x0000204d   Thumb Code   168  rtx_msgqueue.o(.text.svcRtxMessageQueuePut)
    [Anonymous Symbol]                       0x0000204c   Section        0  rtx_msgqueue.o(.text.svcRtxMessageQueuePut)
    svcRtxMutexAcquire                       0x000020f5   Thumb Code   140  rtx_mutex.o(.text.svcRtxMutexAcquire)
    [Anonymous Symbol]                       0x000020f4   Section        0  rtx_mutex.o(.text.svcRtxMutexAcquire)
    __arm_cp.10_0                            0x00002180   Number         4  rtx_mutex.o(.text.svcRtxMutexAcquire)
    svcRtxMutexDelete                        0x00002185   Thumb Code   172  rtx_mutex.o(.text.svcRtxMutexDelete)
    [Anonymous Symbol]                       0x00002184   Section        0  rtx_mutex.o(.text.svcRtxMutexDelete)
    svcRtxMutexNew                           0x00002231   Thumb Code   100  rtx_mutex.o(.text.svcRtxMutexNew)
    [Anonymous Symbol]                       0x00002230   Section        0  rtx_mutex.o(.text.svcRtxMutexNew)
    __arm_cp.8_0                             0x00002294   Number         4  rtx_mutex.o(.text.svcRtxMutexNew)
    svcRtxMutexRelease                       0x00002299   Thumb Code   176  rtx_mutex.o(.text.svcRtxMutexRelease)
    [Anonymous Symbol]                       0x00002298   Section        0  rtx_mutex.o(.text.svcRtxMutexRelease)
    __arm_cp.11_0                            0x00002348   Number         4  rtx_mutex.o(.text.svcRtxMutexRelease)
    svcRtxThreadExit                         0x0000234d   Thumb Code    72  rtx_thread.o(.text.svcRtxThreadExit)
    [Anonymous Symbol]                       0x0000234c   Section        0  rtx_thread.o(.text.svcRtxThreadExit)
    svcRtxThreadGetId                        0x00002395   Thumb Code     8  rtx_thread.o(.text.svcRtxThreadGetId)
    [Anonymous Symbol]                       0x00002394   Section        0  rtx_thread.o(.text.svcRtxThreadGetId)
    __arm_cp.19_0                            0x0000239c   Number         4  rtx_thread.o(.text.svcRtxThreadGetId)
    svcRtxThreadNew                          0x000023a1   Thumb Code   472  rtx_thread.o(.text.svcRtxThreadNew)
    [Anonymous Symbol]                       0x000023a0   Section        0  rtx_thread.o(.text.svcRtxThreadNew)
    __arm_cp.15_0                            0x00002578   Number         4  rtx_thread.o(.text.svcRtxThreadNew)
    __arm_cp.15_1                            0x0000257c   Number         4  rtx_thread.o(.text.svcRtxThreadNew)
    __arm_cp.15_2                            0x00002580   Number         4  rtx_thread.o(.text.svcRtxThreadNew)
    __arm_cp.15_3                            0x00002584   Number         4  rtx_thread.o(.text.svcRtxThreadNew)
    __arm_cp.15_4                            0x00002588   Number         4  rtx_thread.o(.text.svcRtxThreadNew)
    i.GPIODirModeSet                         0x0000258c   Section        0  gpio.o(i.GPIODirModeSet)
    i.GPIOPadConfigSet                       0x000025b4   Section        0  gpio.o(i.GPIOPadConfigSet)
    i.GPIOPinTypeGPIOOutput                  0x00002724   Section        0  gpio.o(i.GPIOPinTypeGPIOOutput)
    i.GPIOPinWrite                           0x00002740   Section        0  gpio.o(i.GPIOPinWrite)
    i.IntEnable                              0x00002748   Section        0  interrupt.o(i.IntEnable)
    i.IntMasterEnable                        0x000027ac   Section        0  interrupt.o(i.IntMasterEnable)
    i.IntRegister                            0x000027bc   Section        0  interrupt.o(i.IntRegister)
    i.SysCtlPeripheralEnable                 0x000027f0   Section        0  sysctl.o(i.SysCtlPeripheralEnable)
    i.SysCtlPeripheralReady                  0x00002818   Section        0  sysctl.o(i.SysCtlPeripheralReady)
    i.UARTIntClear                           0x00002844   Section        0  uart.o(i.UARTIntClear)
    i.UARTIntEnable                          0x00002848   Section        0  uart.o(i.UARTIntEnable)
    locale$$code                             0x00002850   Section       44  lc_ctype_c.o(locale$$code)
    $v0                                      0x0000287c   Number         0  fpinit.o(x$fpl$fpinit)
    x$fpl$fpinit                             0x0000287c   Section       26  fpinit.o(x$fpl$fpinit)
    g_pui32Priority                          0x00002898   Data          32  interrupt.o(.constdata)
    .constdata                               0x00002898   Section      268  interrupt.o(.constdata)
    g_pui32Regs                              0x000028b8   Data         156  interrupt.o(.constdata)
    g_pui32EnRegs                            0x00002954   Data          20  interrupt.o(.constdata)
    g_pui32Dii16Regs                         0x00002968   Data          20  interrupt.o(.constdata)
    g_pui32PendRegs                          0x0000297c   Data          20  interrupt.o(.constdata)
    g_pui32UnpendRegs                        0x00002990   Data          20  interrupt.o(.constdata)
    __tagsym$$used.4                         0x000029a4   Number         0  rtx_lib.o(.rodata)
    __tagsym$$used.5                         0x00002a14   Number         0  rtx_lib.o(.rodata)
    os_idle_thread_attr                      0x00002a50   Data          36  rtx_lib.o(.rodata.os_idle_thread_attr)
    [Anonymous Symbol]                       0x00002a50   Section        0  rtx_lib.o(.rodata.os_idle_thread_attr)
    os_timer_mq_attr                         0x00002a74   Data          24  rtx_lib.o(.rodata.os_timer_mq_attr)
    [Anonymous Symbol]                       0x00002a74   Section        0  rtx_lib.o(.rodata.os_timer_mq_attr)
    os_timer_thread_attr                     0x00002a8c   Data          36  rtx_lib.o(.rodata.os_timer_thread_attr)
    [Anonymous Symbol]                       0x00002a8c   Section        0  rtx_lib.o(.rodata.os_timer_thread_attr)
    [Anonymous Symbol]                       0x00002ab0   Section        0  rtx_kernel.o(.rodata.str1.4)
    locale$$data                             0x00002adc   Section      272  lc_ctype_c.o(locale$$data)
    __lcctype_c_name                         0x00002ae0   Data           2  lc_ctype_c.o(locale$$data)
    __lcctype_c_start                        0x00002ae8   Data           0  lc_ctype_c.o(locale$$data)
    __lcctype_c_end                          0x00002bec   Data           0  lc_ctype_c.o(locale$$data)
    g_pfnRAMVectors                          0x20000400   Data         620  interrupt.o(vtable)
    vtable                                   0x20000400   Section      620  interrupt.o(vtable)
    .bss                                     0x20000670   Section       96  libspace.o(.bss)
    os_isr_queue                             0x200006d0   Data          64  rtx_lib.o(.bss.os)
    [Anonymous Symbol]                       0x200006d0   Section        0  rtx_lib.o(.bss.os)
    os_mem                                   0x20000710   Data       32768  rtx_lib.o(.bss.os)
    PendST                                   0x20008710   Data           1  os_systick.o(.bss.os)
    [Anonymous Symbol]                       0x20008710   Section        0  os_systick.o(.bss.os)
    os_libspace_id.0                         0x20008714   Data           4  rtx_lib.o(.bss.os.libspace)
    [Anonymous Symbol]                       0x20008714   Section        0  rtx_lib.o(.bss.os.libspace)
    os_libspace_id.1                         0x20008718   Data           4  rtx_lib.o(.bss.os.libspace)
    os_libspace_id.2                         0x2000871c   Data           4  rtx_lib.o(.bss.os.libspace)
    os_libspace_id.3                         0x20008720   Data           4  rtx_lib.o(.bss.os.libspace)
    os_libspace                              0x20008724   Data         480  rtx_lib.o(.bss.os.libspace)
    os_timer_mq_cb                           0x20008904   Data          52  rtx_lib.o(.bss.os.msgqueue.cb)
    [Anonymous Symbol]                       0x20008904   Section        0  rtx_lib.o(.bss.os.msgqueue.cb)
    os_timer_mq_data                         0x20008938   Data          80  rtx_lib.o(.bss.os.msgqueue.mem)
    [Anonymous Symbol]                       0x20008938   Section        0  rtx_lib.o(.bss.os.msgqueue.mem)
    os_idle_thread_cb                        0x20008988   Data          68  rtx_lib.o(.bss.os.thread.cb)
    [Anonymous Symbol]                       0x20008988   Section        0  rtx_lib.o(.bss.os.thread.cb)
    os_timer_thread_cb                       0x200089cc   Data          68  rtx_lib.o(.bss.os.thread.cb)
    os_idle_thread_stack                     0x20008a10   Data         512  rtx_lib.o(.bss.os.thread.idle.stack)
    [Anonymous Symbol]                       0x20008a10   Section        0  rtx_lib.o(.bss.os.thread.idle.stack)
    os_timer_thread_stack                    0x20008c10   Data         512  rtx_lib.o(.bss.os.thread.timer.stack)
    [Anonymous Symbol]                       0x20008c10   Section        0  rtx_lib.o(.bss.os.thread.timer.stack)
    os_kernel_is_active.os_kernel_active     0x20008e10   Data           1  rtx_lib.o(.bss.os_kernel_is_active.os_kernel_active)
    [Anonymous Symbol]                       0x20008e10   Section        0  rtx_lib.o(.bss.os_kernel_is_active.os_kernel_active)
    Heap_Mem                                 0x20008e38   Data           0  startup_tm4c129.o(HEAP)
    Stack_Mem                                0x20008e38   Data         512  startup_tm4c129.o(STACK)
    HEAP                                     0x20008e38   Section        0  startup_tm4c129.o(HEAP)
    STACK                                    0x20008e38   Section      512  startup_tm4c129.o(STACK)
    __initial_sp                             0x20009038   Data           0  startup_tm4c129.o(STACK)
    FPCCR                                    0xe000ef34   Number         0  irq_armv7m.o ABSOLUTE

    Global Symbols

    Symbol Name                              Value     Ov Type        Size  Object(Section)

    BuildAttributes$$THM_ISAv4$E$P$D$K$B$S$7EM$VFPi3$EXTD16$VFPS$VFMA$PE$A:L22UL41UL21$X:L11$S22US41US21$IEEE1$IW$~IW$USESV6$~STKCKD$USESV7$~SHL$OTIME$ROPI$EBA8$UX$STANDARDLIB$REQ8$PRES8$EABIv2 0x00000000   Number         0  anon$$obj.o ABSOLUTE
    __Vectors                                0x00000000   Data           4  startup_tm4c129.o(RESET)
    .bss.os.evflags.cb$$Base                  - Undefined Weak Reference
    .bss.os.evflags.cb$$Limit                 - Undefined Weak Reference
    .bss.os.mempool.cb$$Base                  - Undefined Weak Reference
    .bss.os.mempool.cb$$Limit                 - Undefined Weak Reference
    .bss.os.mutex.cb$$Base                    - Undefined Weak Reference
    .bss.os.mutex.cb$$Limit                   - Undefined Weak Reference
    .bss.os.semaphore.cb$$Base                - Undefined Weak Reference
    .bss.os.semaphore.cb$$Limit               - Undefined Weak Reference
    .bss.os.timer.cb$$Base                    - Undefined Weak Reference
    .bss.os.timer.cb$$Limit                   - Undefined Weak Reference
    __ARM_exceptions_init                     - Undefined Weak Reference
    __alloca_initialize                       - Undefined Weak Reference
    __arm_preinit_                            - Undefined Weak Reference
    __arm_relocate_pie_                       - Undefined Weak Reference
    __cpp_initialize__aeabi_                  - Undefined Weak Reference
    __cxa_finalize                            - Undefined Weak Reference
    __sigvec_lookup                           - Undefined Weak Reference
    _atexit_init                              - Undefined Weak Reference
    _call_atexit_fns                          - Undefined Weak Reference
    _clock_init                               - Undefined Weak Reference
    _fp_trap_init                             - Undefined Weak Reference
    _fp_trap_shutdown                         - Undefined Weak Reference
    _get_lc_collate                           - Undefined Weak Reference
    _get_lc_monetary                          - Undefined Weak Reference
    _get_lc_numeric                           - Undefined Weak Reference
    _get_lc_time                              - Undefined Weak Reference
    _getenv_init                              - Undefined Weak Reference
    _handle_redirection                       - Undefined Weak Reference
    _init_alloc                               - Undefined Weak Reference
    _init_user_alloc                          - Undefined Weak Reference
    _initio                                   - Undefined Weak Reference
    _rand_init                                - Undefined Weak Reference
    _signal_finish                            - Undefined Weak Reference
    _signal_init                              - Undefined Weak Reference
    _terminate_alloc                          - Undefined Weak Reference
    _terminate_user_alloc                     - Undefined Weak Reference
    _terminateio                              - Undefined Weak Reference
    __Vectors_End                            0x00000200   Data           0  startup_tm4c129.o(RESET)
    __Vectors_Size                           0x00000200   Number         0  startup_tm4c129.o ABSOLUTE
    __main                                   0x00000201   Thumb Code     8  __main.o(!!!main)
    __scatterload                            0x00000209   Thumb Code     0  __scatter.o(!!!scatter)
    __scatterload_rt2                        0x00000209   Thumb Code    44  __scatter.o(!!!scatter)
    __scatterload_rt2_thumb_only             0x00000209   Thumb Code     0  __scatter.o(!!!scatter)
    __scatterload_null                       0x00000217   Thumb Code     0  __scatter.o(!!!scatter)
    __decompress                             0x0000023d   Thumb Code    58  __dczerorl.o(!!dczerorl)
    __decompress0                            0x0000023d   Thumb Code     0  __dczerorl.o(!!dczerorl)
    __scatterload_zeroinit                   0x00000279   Thumb Code    28  __scatter_zi.o(!!handler_zi)
    __rt_lib_init                            0x00000295   Thumb Code     0  libinit.o(.ARM.Collect$$libinit$$00000000)
    __rt_lib_init_fp_1                       0x00000297   Thumb Code     0  libinit2.o(.ARM.Collect$$libinit$$00000001)
    __rt_lib_init_heap_1                     0x0000029b   Thumb Code     0  libinit2.o(.ARM.Collect$$libinit$$0000000C)
    __rt_lib_init_lc_common                  0x0000029b   Thumb Code     0  libinit2.o(.ARM.Collect$$libinit$$00000011)
    __rt_lib_init_preinit_1                  0x0000029b   Thumb Code     0  libinit2.o(.ARM.Collect$$libinit$$00000006)
    __rt_lib_init_rand_1                     0x0000029b   Thumb Code     0  libinit2.o(.ARM.Collect$$libinit$$00000010)
    __rt_lib_init_relocate_pie_1             0x0000029b   Thumb Code     0  libinit2.o(.ARM.Collect$$libinit$$00000004)
    __rt_lib_init_user_alloc_1               0x0000029b   Thumb Code     0  libinit2.o(.ARM.Collect$$libinit$$0000000E)
    __rt_lib_init_lc_collate_1               0x000002a1   Thumb Code     0  libinit2.o(.ARM.Collect$$libinit$$00000013)
    __rt_lib_init_lc_ctype_2                 0x000002a1   Thumb Code     0  libinit2.o(.ARM.Collect$$libinit$$00000014)
    __rt_lib_init_alloca_1                   0x000002ad   Thumb Code     0  libinit2.o(.ARM.Collect$$libinit$$00000030)
    __rt_lib_init_argv_1                     0x000002ad   Thumb Code     0  libinit2.o(.ARM.Collect$$libinit$$0000002E)
    __rt_lib_init_atexit_1                   0x000002ad   Thumb Code     0  libinit2.o(.ARM.Collect$$libinit$$0000001D)
    __rt_lib_init_clock_1                    0x000002ad   Thumb Code     0  libinit2.o(.ARM.Collect$$libinit$$00000023)
    __rt_lib_init_cpp_1                      0x000002ad   Thumb Code     0  libinit2.o(.ARM.Collect$$libinit$$00000034)
    __rt_lib_init_exceptions_1               0x000002ad   Thumb Code     0  libinit2.o(.ARM.Collect$$libinit$$00000032)
    __rt_lib_init_fp_trap_1                  0x000002ad   Thumb Code     0  libinit2.o(.ARM.Collect$$libinit$$00000021)
    __rt_lib_init_getenv_1                   0x000002ad   Thumb Code     0  libinit2.o(.ARM.Collect$$libinit$$00000025)
    __rt_lib_init_lc_ctype_1                 0x000002ad   Thumb Code     0  libinit2.o(.ARM.Collect$$libinit$$00000015)
    __rt_lib_init_lc_monetary_1              0x000002ad   Thumb Code     0  libinit2.o(.ARM.Collect$$libinit$$00000017)
    __rt_lib_init_lc_numeric_1               0x000002ad   Thumb Code     0  libinit2.o(.ARM.Collect$$libinit$$00000019)
    __rt_lib_init_lc_time_1                  0x000002ad   Thumb Code     0  libinit2.o(.ARM.Collect$$libinit$$0000001B)
    __rt_lib_init_return                     0x000002ad   Thumb Code     0  libinit2.o(.ARM.Collect$$libinit$$00000035)
    __rt_lib_init_signal_1                   0x000002ad   Thumb Code     0  libinit2.o(.ARM.Collect$$libinit$$0000001F)
    __rt_lib_init_stdio_1                    0x000002ad   Thumb Code     0  libinit2.o(.ARM.Collect$$libinit$$00000027)
    __rt_lib_shutdown                        0x000002af   Thumb Code     0  libshutdown.o(.ARM.Collect$$libshutdown$$00000000)
    __rt_lib_shutdown_cpp_1                  0x000002b1   Thumb Code     0  libshutdown2.o(.ARM.Collect$$libshutdown$$00000002)
    __rt_lib_shutdown_fp_trap_1              0x000002b1   Thumb Code     0  libshutdown2.o(.ARM.Collect$$libshutdown$$00000007)
    __rt_lib_shutdown_heap_1                 0x000002b1   Thumb Code     0  libshutdown2.o(.ARM.Collect$$libshutdown$$0000000F)
    __rt_lib_shutdown_return                 0x000002b1   Thumb Code     0  libshutdown2.o(.ARM.Collect$$libshutdown$$00000010)
    __rt_lib_shutdown_signal_1               0x000002b1   Thumb Code     0  libshutdown2.o(.ARM.Collect$$libshutdown$$0000000A)
    __rt_lib_shutdown_stdio_1                0x000002b1   Thumb Code     0  libshutdown2.o(.ARM.Collect$$libshutdown$$00000004)
    __rt_lib_shutdown_user_alloc_1           0x000002b1   Thumb Code     0  libshutdown2.o(.ARM.Collect$$libshutdown$$0000000C)
    __rt_entry                               0x000002b3   Thumb Code     0  __rtentry.o(.ARM.Collect$$rtentry$$00000000)
    __rt_entry_presh_1                       0x000002b3   Thumb Code     0  __rtentry2.o(.ARM.Collect$$rtentry$$00000002)
    __rt_entry_sh                            0x000002b3   Thumb Code     0  __rtentry4.o(.ARM.Collect$$rtentry$$00000004)
    __rt_entry_postsh_1                      0x000002b9   Thumb Code     0  __rtentry2.o(.ARM.Collect$$rtentry$$00000008)
    __rt_entry_li                            0x000002c1   Thumb Code     0  __rtentry2.o(.ARM.Collect$$rtentry$$0000000A)
    __rt_entry_main                          0x000002c5   Thumb Code     0  __rtentry2.o(.ARM.Collect$$rtentry$$0000000D)
    __rt_entry_postli_1                      0x000002c5   Thumb Code     0  __rtentry2.o(.ARM.Collect$$rtentry$$0000000C)
    __rt_exit                                0x000002cd   Thumb Code     0  rtexit.o(.ARM.Collect$$rtexit$$00000000)
    __rt_exit_ls                             0x000002cf   Thumb Code     0  rtexit2.o(.ARM.Collect$$rtexit$$00000003)
    __rt_exit_prels_1                        0x000002cf   Thumb Code     0  rtexit2.o(.ARM.Collect$$rtexit$$00000002)
    __rt_exit_exit                           0x000002d3   Thumb Code     0  rtexit2.o(.ARM.Collect$$rtexit$$00000004)
    CPUcpsid                                 0x000002d9   Thumb Code     8  cpu.o(.emb_text)
    CPUprimask                               0x000002e1   Thumb Code     6  cpu.o(.emb_text)
    CPUcpsie                                 0x000002e7   Thumb Code     8  cpu.o(.emb_text)
    CPUwfi                                   0x000002ef   Thumb Code     4  cpu.o(.emb_text)
    CPUbasepriSet                            0x000002f3   Thumb Code     6  cpu.o(.emb_text)
    CPUbasepriGet                            0x000002f9   Thumb Code     6  cpu.o(.emb_text)
    Reset_Handler                            0x00000301   Thumb Code     8  startup_tm4c129.o(.text)
    NMI_Handler                              0x00000309   Thumb Code     2  startup_tm4c129.o(.text)
    HardFault_Handler                        0x0000030b   Thumb Code     2  startup_tm4c129.o(.text)
    MemManage_Handler                        0x0000030d   Thumb Code     2  startup_tm4c129.o(.text)
    BusFault_Handler                         0x0000030f   Thumb Code     2  startup_tm4c129.o(.text)
    UsageFault_Handler                       0x00000311   Thumb Code     2  startup_tm4c129.o(.text)
    DebugMon_Handler                         0x00000315   Thumb Code     2  startup_tm4c129.o(.text)
    GPIOA_Handler                            0x0000031b   Thumb Code     2  startup_tm4c129.o(.text)
    GPIOB_Handler                            0x0000031d   Thumb Code     2  startup_tm4c129.o(.text)
    GPIOC_Handler                            0x0000031f   Thumb Code     2  startup_tm4c129.o(.text)
    GPIOD_Handler                            0x00000321   Thumb Code     2  startup_tm4c129.o(.text)
    GPIOE_Handler                            0x00000323   Thumb Code     2  startup_tm4c129.o(.text)
    UART0_Handler                            0x00000325   Thumb Code     2  startup_tm4c129.o(.text)
    UART1_Handler                            0x00000327   Thumb Code     2  startup_tm4c129.o(.text)
    SSI0_Handler                             0x00000329   Thumb Code     2  startup_tm4c129.o(.text)
    I2C0_Handler                             0x0000032b   Thumb Code     2  startup_tm4c129.o(.text)
    PMW0_FAULT_Handler                       0x0000032d   Thumb Code     2  startup_tm4c129.o(.text)
    PWM0_0_Handler                           0x0000032f   Thumb Code     2  startup_tm4c129.o(.text)
    PWM0_1_Handler                           0x00000331   Thumb Code     2  startup_tm4c129.o(.text)
    PWM0_2_Handler                           0x00000333   Thumb Code     2  startup_tm4c129.o(.text)
    QEI0_Handler                             0x00000335   Thumb Code     2  startup_tm4c129.o(.text)
    ADC0SS0_Handler                          0x00000337   Thumb Code     2  startup_tm4c129.o(.text)
    ADC0SS1_Handler                          0x00000339   Thumb Code     2  startup_tm4c129.o(.text)
    ADC0SS2_Handler                          0x0000033b   Thumb Code     2  startup_tm4c129.o(.text)
    ADC0SS3_Handler                          0x0000033d   Thumb Code     2  startup_tm4c129.o(.text)
    WDT0_Handler                             0x0000033f   Thumb Code     2  startup_tm4c129.o(.text)
    TIMER0A_Handler                          0x00000341   Thumb Code     2  startup_tm4c129.o(.text)
    TIMER0B_Handler                          0x00000343   Thumb Code     2  startup_tm4c129.o(.text)
    TIMER1A_Handler                          0x00000345   Thumb Code     2  startup_tm4c129.o(.text)
    TIMER1B_Handler                          0x00000347   Thumb Code     2  startup_tm4c129.o(.text)
    TIMER2A_Handler                          0x00000349   Thumb Code     2  startup_tm4c129.o(.text)
    TIMER2B_Handler                          0x0000034b   Thumb Code     2  startup_tm4c129.o(.text)
    COMP0_Handler                            0x0000034d   Thumb Code     2  startup_tm4c129.o(.text)
    COMP1_Handler                            0x0000034f   Thumb Code     2  startup_tm4c129.o(.text)
    COMP2_Handler                            0x00000351   Thumb Code     2  startup_tm4c129.o(.text)
    SYSCTL_Handler                           0x00000353   Thumb Code     2  startup_tm4c129.o(.text)
    FLASH_Handler                            0x00000355   Thumb Code     2  startup_tm4c129.o(.text)
    GPIOF_Handler                            0x00000357   Thumb Code     2  startup_tm4c129.o(.text)
    GPIOG_Handler                            0x00000359   Thumb Code     2  startup_tm4c129.o(.text)
    GPIOH_Handler                            0x0000035b   Thumb Code     2  startup_tm4c129.o(.text)
    UART2_Handler                            0x0000035d   Thumb Code     2  startup_tm4c129.o(.text)
    SSI1_Handler                             0x0000035f   Thumb Code     2  startup_tm4c129.o(.text)
    TIMER3A_Handler                          0x00000361   Thumb Code     2  startup_tm4c129.o(.text)
    TIMER3B_Handler                          0x00000363   Thumb Code     2  startup_tm4c129.o(.text)
    I2C1_Handler                             0x00000365   Thumb Code     2  startup_tm4c129.o(.text)
    CAN0_Handler                             0x00000367   Thumb Code     2  startup_tm4c129.o(.text)
    CAN1_Handler                             0x00000369   Thumb Code     2  startup_tm4c129.o(.text)
    ETH_Handler                              0x0000036b   Thumb Code     2  startup_tm4c129.o(.text)
    HIB_Handler                              0x0000036d   Thumb Code     2  startup_tm4c129.o(.text)
    USB0_Handler                             0x0000036f   Thumb Code     2  startup_tm4c129.o(.text)
    PWM0_3_Handler                           0x00000371   Thumb Code     2  startup_tm4c129.o(.text)
    UDMA_Handler                             0x00000373   Thumb Code     2  startup_tm4c129.o(.text)
    UDMAERR_Handler                          0x00000375   Thumb Code     2  startup_tm4c129.o(.text)
    ADC1SS0_Handler                          0x00000377   Thumb Code     2  startup_tm4c129.o(.text)
    ADC1SS1_Handler                          0x00000379   Thumb Code     2  startup_tm4c129.o(.text)
    ADC1SS2_Handler                          0x0000037b   Thumb Code     2  startup_tm4c129.o(.text)
    ADC1SS3_Handler                          0x0000037d   Thumb Code     2  startup_tm4c129.o(.text)
    EBI0_Handler                             0x0000037f   Thumb Code     2  startup_tm4c129.o(.text)
    GPIOJ_Handler                            0x00000381   Thumb Code     2  startup_tm4c129.o(.text)
    GPIOK_Handler                            0x00000383   Thumb Code     2  startup_tm4c129.o(.text)
    GPIOL_Handler                            0x00000385   Thumb Code     2  startup_tm4c129.o(.text)
    SSI2_Handler                             0x00000387   Thumb Code     2  startup_tm4c129.o(.text)
    SSI3_Handler                             0x00000389   Thumb Code     2  startup_tm4c129.o(.text)
    UART3_Handler                            0x0000038b   Thumb Code     2  startup_tm4c129.o(.text)
    UART4_Handler                            0x0000038d   Thumb Code     2  startup_tm4c129.o(.text)
    UART5_Handler                            0x0000038f   Thumb Code     2  startup_tm4c129.o(.text)
    UART6_Handler                            0x00000391   Thumb Code     2  startup_tm4c129.o(.text)
    UART7_Handler                            0x00000393   Thumb Code     2  startup_tm4c129.o(.text)
    I2C2_Handler                             0x00000395   Thumb Code     2  startup_tm4c129.o(.text)
    I2C3_Handler                             0x00000397   Thumb Code     2  startup_tm4c129.o(.text)
    TIMER4A_Handler                          0x00000399   Thumb Code     2  startup_tm4c129.o(.text)
    TIMER4B_Handler                          0x0000039b   Thumb Code     2  startup_tm4c129.o(.text)
    TIMER5A_Handler                          0x0000039d   Thumb Code     2  startup_tm4c129.o(.text)
    TIMER5B_Handler                          0x0000039f   Thumb Code     2  startup_tm4c129.o(.text)
    WTIMER0A_Handler                         0x000003a1   Thumb Code     2  startup_tm4c129.o(.text)
    WTIMER0B_Handler                         0x000003a3   Thumb Code     2  startup_tm4c129.o(.text)
    WTIMER1A_Handler                         0x000003a5   Thumb Code     2  startup_tm4c129.o(.text)
    WTIMER1B_Handler                         0x000003a7   Thumb Code     2  startup_tm4c129.o(.text)
    WTIMER2A_Handler                         0x000003a9   Thumb Code     2  startup_tm4c129.o(.text)
    WTIMER2B_Handler                         0x000003ab   Thumb Code     2  startup_tm4c129.o(.text)
    WTIMER3A_Handler                         0x000003ad   Thumb Code     2  startup_tm4c129.o(.text)
    WTIMER3B_Handler                         0x000003af   Thumb Code     2  startup_tm4c129.o(.text)
    WTIMER4A_Handler                         0x000003b1   Thumb Code     2  startup_tm4c129.o(.text)
    WTIMER4B_Handler                         0x000003b3   Thumb Code     2  startup_tm4c129.o(.text)
    WTIMER5A_Handler                         0x000003b5   Thumb Code     2  startup_tm4c129.o(.text)
    WTIMER5B_Handler                         0x000003b7   Thumb Code     2  startup_tm4c129.o(.text)
    FPU_Handler                              0x000003b9   Thumb Code     2  startup_tm4c129.o(.text)
    I2C4_Handler                             0x000003bb   Thumb Code     2  startup_tm4c129.o(.text)
    I2C5_Handler                             0x000003bd   Thumb Code     2  startup_tm4c129.o(.text)
    GPIOM_Handler                            0x000003bf   Thumb Code     2  startup_tm4c129.o(.text)
    GPION_Handler                            0x000003c1   Thumb Code     2  startup_tm4c129.o(.text)
    TAMPER_Handler                           0x000003c3   Thumb Code     2  startup_tm4c129.o(.text)
    GPIOP0_Handler                           0x000003c5   Thumb Code     2  startup_tm4c129.o(.text)
    GPIOP1_Handler                           0x000003c7   Thumb Code     2  startup_tm4c129.o(.text)
    GPIOP2_Handler                           0x000003c9   Thumb Code     2  startup_tm4c129.o(.text)
    GPIOP3_Handler                           0x000003cb   Thumb Code     2  startup_tm4c129.o(.text)
    GPIOP4_Handler                           0x000003cd   Thumb Code     2  startup_tm4c129.o(.text)
    GPIOP5_Handler                           0x000003cf   Thumb Code     2  startup_tm4c129.o(.text)
    GPIOP6_Handler                           0x000003d1   Thumb Code     2  startup_tm4c129.o(.text)
    GPIOP7_Handler                           0x000003d3   Thumb Code     2  startup_tm4c129.o(.text)
    GPIOQ0_Handler                           0x000003d5   Thumb Code     2  startup_tm4c129.o(.text)
    GPIOQ1_Handler                           0x000003d7   Thumb Code     2  startup_tm4c129.o(.text)
    GPIOQ2_Handler                           0x000003d9   Thumb Code     2  startup_tm4c129.o(.text)
    GPIOQ3_Handler                           0x000003db   Thumb Code     2  startup_tm4c129.o(.text)
    GPIOQ4_Handler                           0x000003dd   Thumb Code     2  startup_tm4c129.o(.text)
    GPIOQ5_Handler                           0x000003df   Thumb Code     2  startup_tm4c129.o(.text)
    GPIOQ6_Handler                           0x000003e1   Thumb Code     2  startup_tm4c129.o(.text)
    GPIOQ7_Handler                           0x000003e3   Thumb Code     2  startup_tm4c129.o(.text)
    GPIOR_Handler                            0x000003e5   Thumb Code     2  startup_tm4c129.o(.text)
    GPIOS_Handler                            0x000003e7   Thumb Code     2  startup_tm4c129.o(.text)
    SHAMD5_Handler                           0x000003e9   Thumb Code     2  startup_tm4c129.o(.text)
    AES_Handler                              0x000003eb   Thumb Code     2  startup_tm4c129.o(.text)
    DES3DES_Handler                          0x000003ed   Thumb Code     2  startup_tm4c129.o(.text)
    LCDCONTROLLER_Handler                    0x000003ef   Thumb Code     2  startup_tm4c129.o(.text)
    TIMER6A_Handler                          0x000003f1   Thumb Code     2  startup_tm4c129.o(.text)
    TIMER6B_Handler                          0x000003f3   Thumb Code     2  startup_tm4c129.o(.text)
    TIMER7A_Handler                          0x000003f5   Thumb Code     2  startup_tm4c129.o(.text)
    TIMER7B_Handler                          0x000003f7   Thumb Code     2  startup_tm4c129.o(.text)
    I2C6_Handler                             0x000003f9   Thumb Code     2  startup_tm4c129.o(.text)
    I2C7_Handler                             0x000003fb   Thumb Code     2  startup_tm4c129.o(.text)
    HIMSCANKEYBOARD_Handler                  0x000003fd   Thumb Code     2  startup_tm4c129.o(.text)
    ONEWIRE_Handler                          0x000003ff   Thumb Code     2  startup_tm4c129.o(.text)
    HIMPS2_Handler                           0x00000401   Thumb Code     2  startup_tm4c129.o(.text)
    HIMLEDSEQUENCER_Handler                  0x00000403   Thumb Code     2  startup_tm4c129.o(.text)
    HIMCONSUMERIR_Handler                    0x00000405   Thumb Code     2  startup_tm4c129.o(.text)
    I2C8_Handler                             0x00000407   Thumb Code     2  startup_tm4c129.o(.text)
    I2C9_Handler                             0x00000409   Thumb Code     2  startup_tm4c129.o(.text)
    GPIOT_Handler                            0x0000040b   Thumb Code     2  startup_tm4c129.o(.text)
    __user_initial_stackheap                 0x0000040d   Thumb Code     0  startup_tm4c129.o(.text)
    SVC_Handler                              0x0000042d   Thumb Code   154  irq_armv7m.o(.text)
    PendSV_Handler                           0x000004c7   Thumb Code    16  irq_armv7m.o(.text)
    SysTick_Handler                          0x000004d7   Thumb Code    16  irq_armv7m.o(.text)
    atoi                                     0x000004f5   Thumb Code    26  atoi.o(.text)
    strcat                                   0x0000050f   Thumb Code    24  strcat.o(.text)
    __aeabi_memcpy                           0x00000527   Thumb Code     0  rt_memcpy_v6.o(.text)
    __rt_memcpy                              0x00000527   Thumb Code   138  rt_memcpy_v6.o(.text)
    _memcpy_lastbytes                        0x0000058d   Thumb Code     0  rt_memcpy_v6.o(.text)
    __aeabi_memclr                           0x000005b1   Thumb Code     0  rt_memclr.o(.text)
    __rt_memclr                              0x000005b1   Thumb Code     0  rt_memclr.o(.text)
    _memset                                  0x000005b5   Thumb Code    64  rt_memclr.o(.text)
    __aeabi_memclr4                          0x000005f5   Thumb Code     0  rt_memclr_w.o(.text)
    __aeabi_memclr8                          0x000005f5   Thumb Code     0  rt_memclr_w.o(.text)
    __rt_memclr_w                            0x000005f5   Thumb Code     0  rt_memclr_w.o(.text)
    _memset_w                                0x000005f9   Thumb Code    74  rt_memclr_w.o(.text)
    __use_two_region_memory                  0x00000643   Thumb Code     2  heapauxi.o(.text)
    __rt_heap_escrow$2region                 0x00000645   Thumb Code     2  heapauxi.o(.text)
    __rt_heap_expand$2region                 0x00000647   Thumb Code     2  heapauxi.o(.text)
    __aeabi_errno_addr                       0x00000649   Thumb Code     4  rt_errno_addr_twolibspace.o(.text)
    __errno$twolibspace                      0x00000649   Thumb Code     0  rt_errno_addr_twolibspace.o(.text)
    __rt_errno_addr$twolibspace              0x00000649   Thumb Code     0  rt_errno_addr_twolibspace.o(.text)
    strtol                                   0x0000064d   Thumb Code   112  strtol.o(.text)
    __aeabi_memcpy4                          0x000006bd   Thumb Code     0  rt_memcpy_w.o(.text)
    __aeabi_memcpy8                          0x000006bd   Thumb Code     0  rt_memcpy_w.o(.text)
    __rt_memcpy_w                            0x000006bd   Thumb Code   100  rt_memcpy_w.o(.text)
    _memcpy_lastbytes_aligned                0x00000705   Thumb Code     0  rt_memcpy_w.o(.text)
    __user_libspace                          0x00000721   Thumb Code     8  libspace.o(.text)
    __user_perproc_libspace                  0x00000721   Thumb Code     0  libspace.o(.text)
    __rt_ctype_table                         0x00000729   Thumb Code    16  rt_ctype_table.o(.text)
    _strtoul                                 0x00000739   Thumb Code   158  _strtoul.o(.text)
    __user_setup_stackheap                   0x000007d7   Thumb Code    74  sys_stackheap_outer.o(.text)
    __rt_locale                              0x00000821   Thumb Code    10  rt_locale_twolibspace.o(.text)
    _chval                                   0x0000082b   Thumb Code    28  _chval.o(.text)
    exit                                     0x00000847   Thumb Code    18  exit.o(.text)
    strcmp                                   0x00000859   Thumb Code   124  strcmpv7em.o(.text)
    _sys_exit                                0x000008d5   Thumb Code     8  sys_exit.o(.text)
    __I$use$semihosting                      0x000008e1   Thumb Code     0  use_no_semi.o(.text)
    __use_no_semihosting_swi                 0x000008e1   Thumb Code     2  use_no_semi.o(.text)
    __semihosting_library_function           0x000008e3   Thumb Code     0  indicate_semi.o(.text)
    _fp_init                                 0x000008e5   Thumb Code    22  rtx_lib.o(.text.$Sub$$_fp_init)
    LEDInit                                  0x000008fd   Thumb Code   238  driverleds.o(.text.LEDInit)
    OS_Tick_AcknowledgeIRQ                   0x00000aa1   Thumb Code     8  os_systick.o(.text.OS_Tick_AcknowledgeIRQ)
    OS_Tick_Enable                           0x00000aa9   Thumb Code    32  os_systick.o(.text.OS_Tick_Enable)
    OS_Tick_GetIRQn                          0x00000acd   Thumb Code     6  os_systick.o(.text.OS_Tick_GetIRQn)
    OS_Tick_Setup                            0x00000ad5   Thumb Code    48  os_systick.o(.text.OS_Tick_Setup)
    ProcessCommand                           0x00000b39   Thumb Code   146  main.o(.text.ProcessCommand)
    ProcessResponse                          0x00000bcd   Thumb Code    70  main.o(.text.ProcessResponse)
    SystemInit                               0x00000c15   Thumb Code    36  system_tm4c129.o(.text.SystemInit)
    ThreadCentral                            0x00000c39   Thumb Code   192  main.o(.text.ThreadCentral)
    ThreadMain                               0x00000d5d   Thumb Code    80  main.o(.text.ThreadMain)
    UARTIntHandler                           0x00000df5   Thumb Code    82  main.o(.text.UARTIntHandler)
    UART_InChar                              0x00000e49   Thumb Code    42  uart.o(.text.UART_InChar)
    UART_Init                                0x00000e75   Thumb Code   236  uart.o(.text.UART_Init)
    UART_OutChar                             0x00000f61   Thumb Code    40  uart.o(.text.UART_OutChar)
    __user_perthread_libspace                0x00000f89   Thumb Code   174  rtx_lib.o(.text.__user_perthread_libspace)
    _mutex_acquire                           0x00001039   Thumb Code    52  rtx_lib.o(.text._mutex_acquire)
    _mutex_free                              0x0000106d   Thumb Code     6  rtx_lib.o(.text._mutex_free)
    _mutex_initialize                        0x00001075   Thumb Code    32  rtx_lib.o(.text._mutex_initialize)
    _mutex_release                           0x00001095   Thumb Code    48  rtx_lib.o(.text._mutex_release)
    _platform_post_stackheap_init            0x000010c5   Thumb Code     4  rtx_lib.o(.text._platform_post_stackheap_init)
    main                                     0x000010c9   Thumb Code   210  main.o(.text.main)
    osKernelGetState                         0x0000119d   Thumb Code    40  rtx_kernel.o(.text.osKernelGetState)
    osKernelInitialize                       0x000011cd   Thumb Code    40  rtx_kernel.o(.text.osKernelInitialize)
    osKernelStart                            0x000011f9   Thumb Code    32  rtx_kernel.o(.text.osKernelStart)
    osMessageQueueGet                        0x0000121d   Thumb Code   108  rtx_msgqueue.o(.text.osMessageQueueGet)
    osMessageQueueNew                        0x0000128d   Thumb Code    32  rtx_msgqueue.o(.text.osMessageQueueNew)
    osMessageQueuePut                        0x000012b1   Thumb Code   124  rtx_msgqueue.o(.text.osMessageQueuePut)
    osMutexAcquire                           0x00001331   Thumb Code    32  rtx_mutex.o(.text.osMutexAcquire)
    osMutexDelete                            0x00001355   Thumb Code    32  rtx_mutex.o(.text.osMutexDelete)
    osMutexNew                               0x00001379   Thumb Code    32  rtx_mutex.o(.text.osMutexNew)
    osMutexRelease                           0x0000139d   Thumb Code    32  rtx_mutex.o(.text.osMutexRelease)
    osRtxErrorNotify                         0x000013c1   Thumb Code     2  rtx_config.o(.text.osRtxErrorNotify)
    osRtxIdleThread                          0x000013c5   Thumb Code     2  rtx_config.o(.text.osRtxIdleThread)
    osRtxKernelErrorNotify                   0x000013c7   Thumb Code     4  rtx_kernel.o(.text.osRtxKernelErrorNotify)
    osRtxKernelPreInit                       0x000013cb   Thumb Code     2  rtx_kernel.o(.text.osRtxKernelPreInit)
    osRtxMemoryAlloc                         0x000013cd   Thumb Code   108  rtx_memory.o(.text.osRtxMemoryAlloc)
    osRtxMemoryFree                          0x00001439   Thumb Code    66  rtx_memory.o(.text.osRtxMemoryFree)
    osRtxMemoryInit                          0x0000147b   Thumb Code    54  rtx_memory.o(.text.osRtxMemoryInit)
    osRtxMemoryPoolAlloc                     0x000014b1   Thumb Code    58  rtx_mempool.o(.text.osRtxMemoryPoolAlloc)
    osRtxMemoryPoolFree                      0x000014eb   Thumb Code    74  rtx_mempool.o(.text.osRtxMemoryPoolFree)
    osRtxMemoryPoolInit                      0x00001535   Thumb Code    56  rtx_mempool.o(.text.osRtxMemoryPoolInit)
    osRtxMessageQueueTimerSetup              0x00001619   Thumb Code    32  rtx_msgqueue.o(.text.osRtxMessageQueueTimerSetup)
    osRtxMutexOwnerRelease                   0x0000163d   Thumb Code    72  rtx_mutex.o(.text.osRtxMutexOwnerRelease)
    osRtxMutexOwnerRestore                   0x00001685   Thumb Code    72  rtx_mutex.o(.text.osRtxMutexOwnerRestore)
    osRtxPendSV_Handler                      0x000016cd   Thumb Code   136  rtx_system.o(.text.osRtxPendSV_Handler)
    osRtxPostProcess                         0x00001755   Thumb Code   108  rtx_system.o(.text.osRtxPostProcess)
    osRtxThreadDelayTick                     0x000018b1   Thumb Code    80  rtx_thread.o(.text.osRtxThreadDelayTick)
    osRtxThreadDispatch                      0x00001921   Thumb Code    80  rtx_thread.o(.text.osRtxThreadDispatch)
    osRtxThreadListGet                       0x000019e7   Thumb Code    18  rtx_thread.o(.text.osRtxThreadListGet)
    osRtxThreadListPut                       0x000019f9   Thumb Code    44  rtx_thread.o(.text.osRtxThreadListPut)
    osRtxThreadListRemove                    0x00001a25   Thumb Code    20  rtx_thread.o(.text.osRtxThreadListRemove)
    osRtxThreadListSort                      0x00001a39   Thumb Code    38  rtx_thread.o(.text.osRtxThreadListSort)
    osRtxThreadReadyPut                      0x00001a89   Thumb Code    16  rtx_thread.o(.text.osRtxThreadReadyPut)
    osRtxThreadRegPtr                        0x00001a9d   Thumb Code    20  rtx_thread.o(.text.osRtxThreadRegPtr)
    osRtxThreadStartup                       0x00001ab1   Thumb Code    48  rtx_thread.o(.text.osRtxThreadStartup)
    osRtxThreadSwitch                        0x00001ae5   Thumb Code    12  rtx_thread.o(.text.osRtxThreadSwitch)
    osRtxThreadWaitEnter                     0x00001af1   Thumb Code    56  rtx_thread.o(.text.osRtxThreadWaitEnter)
    osRtxThreadWaitExit                      0x00001b2d   Thumb Code    48  rtx_thread.o(.text.osRtxThreadWaitExit)
    osRtxTick_Handler                        0x00001b5d   Thumb Code   116  rtx_system.o(.text.osRtxTick_Handler)
    osRtxTimerSetup                          0x00001bd5   Thumb Code    24  rtx_timer.o(.text.osRtxTimerSetup)
    osRtxTimerThread                         0x00001bf5   Thumb Code    32  rtx_timer.o(.text.osRtxTimerThread)
    osThreadExit                             0x00001c85   Thumb Code     8  rtx_thread.o(.text.osThreadExit)
    osThreadGetId                            0x00001c91   Thumb Code    32  rtx_thread.o(.text.osThreadGetId)
    osThreadNew                              0x00001cb5   Thumb Code    32  rtx_thread.o(.text.osThreadNew)
    GPIODirModeSet                           0x0000258d   Thumb Code    40  gpio.o(i.GPIODirModeSet)
    GPIOPadConfigSet                         0x000025b5   Thumb Code   354  gpio.o(i.GPIOPadConfigSet)
    GPIOPinTypeGPIOOutput                    0x00002725   Thumb Code    28  gpio.o(i.GPIOPinTypeGPIOOutput)
    GPIOPinWrite                             0x00002741   Thumb Code     6  gpio.o(i.GPIOPinWrite)
    IntEnable                                0x00002749   Thumb Code    92  interrupt.o(i.IntEnable)
    IntMasterEnable                          0x000027ad   Thumb Code    14  interrupt.o(i.IntMasterEnable)
    IntRegister                              0x000027bd   Thumb Code    44  interrupt.o(i.IntRegister)
    SysCtlPeripheralEnable                   0x000027f1   Thumb Code    36  sysctl.o(i.SysCtlPeripheralEnable)
    SysCtlPeripheralReady                    0x00002819   Thumb Code    40  sysctl.o(i.SysCtlPeripheralReady)
    UARTIntClear                             0x00002845   Thumb Code     4  uart.o(i.UARTIntClear)
    UARTIntEnable                            0x00002849   Thumb Code     8  uart.o(i.UARTIntEnable)
    _get_lc_ctype                            0x00002851   Thumb Code    44  lc_ctype_c.o(locale$$code)
    $Super$$_fp_init                         0x0000287d   Thumb Code    26  fpinit.o(x$fpl$fpinit)
    __fplib_config_fpu_vfp                   0x00002895   Thumb Code     0  fpinit.o(x$fpl$fpinit)
    __fplib_config_pureend_doubles           0x00002895   Thumb Code     0  fpinit.o(x$fpl$fpinit)
    osRtxConfig                              0x000029a4   Data         112  rtx_lib.o(.rodata)
    os_cb_sections                           0x00002a14   Data          56  rtx_lib.o(.rodata)
    osRtxUserSVC                             0x00002a4c   Data           4  rtx_lib.o(.rodata.osRtxUserSVC)
    Region$$Table$$Base                      0x00002abc   Number         0  anon$$obj.o(Region$$Table)
    Region$$Table$$Limit                     0x00002adc   Number         0  anon$$obj.o(Region$$Table)
    __ctype                                  0x00002ae9   Data           0  lc_ctype_c.o(locale$$data)
    SystemCoreClock                          0x20000000   Data           4  system_tm4c129.o(.data.SystemCoreClock)
    osRtxInfo                                0x20000004   Data         164  rtx_kernel.o(.data.os)
    __libspace_start                         0x20000670   Data          96  libspace.o(.bss)
    __temporary_stack_top$libspace           0x200006d0   Data           0  libspace.o(.bss)
    .bss.os.msgqueue.cb$$Base                0x20008904   Number         0  rtx_lib.o(.bss.os.msgqueue.cb)
    .bss.os.msgqueue.cb$$Limit               0x20008938   Number         0  rtx_lib.o(.bss.os.msgqueue.cb)
    .bss.os.thread.cb$$Base                  0x20008988   Number         0  rtx_lib.o(.bss.os.thread.cb)
    .bss.os.thread.cb$$Limit                 0x20008a10   Number         0  rtx_lib.o(.bss.os.thread.cb)
    qidCentralCommands                       0x20008e14   Data           4  main.o(.bss.qidCentralCommands)
    qidCentralResponses                      0x20008e18   Data           4  main.o(.bss.qidCentralResponses)
    qidMain                                  0x20008e1c   Data           4  main.o(.bss.qidMain)
    tidCentral                               0x20008e20   Data           4  main.o(.bss.tidCentral)
    tidMain                                  0x20008e24   Data           4  main.o(.bss.tidMain)
    uartMsg                                  0x20008e28   Data          16  main.o(.bss.uartMsg)



==============================================================================

Memory Map of the image

  Image Entry point : 0x00000301

  Load Region LR_1 (Base: 0x00000000, Size: 0x0000326c, Max: 0xffffffff, ABSOLUTE, COMPRESSED[0x00002c1c])

    Execution Region ER_RO (Exec base: 0x00000000, Load base: 0x00000000, Size: 0x00002bec, Max: 0xffffffff, ABSOLUTE)

    Exec Addr    Load Addr    Size         Type   Attr      Idx    E Section Name        Object

    0x00000000   0x00000000   0x00000200   Data   RO          123    RESET               startup_tm4c129.o
    0x00000200   0x00000200   0x00000008   Code   RO         1733  * !!!main             c_w.l(__main.o)
    0x00000208   0x00000208   0x00000034   Code   RO         1927    !!!scatter          c_w.l(__scatter.o)
    0x0000023c   0x0000023c   0x0000003a   Code   RO         1925    !!dczerorl          c_w.l(__dczerorl.o)
    0x00000276   0x00000276   0x00000002   PAD
    0x00000278   0x00000278   0x0000001c   Code   RO         1929    !!handler_zi        c_w.l(__scatter_zi.o)
    0x00000294   0x00000294   0x00000002   Code   RO         1790    .ARM.Collect$$libinit$$00000000  c_w.l(libinit.o)
    0x00000296   0x00000296   0x00000004   Code   RO         1795    .ARM.Collect$$libinit$$00000001  c_w.l(libinit2.o)
    0x0000029a   0x0000029a   0x00000000   Code   RO         1798    .ARM.Collect$$libinit$$00000004  c_w.l(libinit2.o)
    0x0000029a   0x0000029a   0x00000000   Code   RO         1800    .ARM.Collect$$libinit$$00000006  c_w.l(libinit2.o)
    0x0000029a   0x0000029a   0x00000000   Code   RO         1803    .ARM.Collect$$libinit$$0000000C  c_w.l(libinit2.o)
    0x0000029a   0x0000029a   0x00000000   Code   RO         1805    .ARM.Collect$$libinit$$0000000E  c_w.l(libinit2.o)
    0x0000029a   0x0000029a   0x00000000   Code   RO         1807    .ARM.Collect$$libinit$$00000010  c_w.l(libinit2.o)
    0x0000029a   0x0000029a   0x00000006   Code   RO         1808    .ARM.Collect$$libinit$$00000011  c_w.l(libinit2.o)
    0x000002a0   0x000002a0   0x00000000   Code   RO         1810    .ARM.Collect$$libinit$$00000013  c_w.l(libinit2.o)
    0x000002a0   0x000002a0   0x0000000c   Code   RO         1811    .ARM.Collect$$libinit$$00000014  c_w.l(libinit2.o)
    0x000002ac   0x000002ac   0x00000000   Code   RO         1812    .ARM.Collect$$libinit$$00000015  c_w.l(libinit2.o)
    0x000002ac   0x000002ac   0x00000000   Code   RO         1814    .ARM.Collect$$libinit$$00000017  c_w.l(libinit2.o)
    0x000002ac   0x000002ac   0x00000000   Code   RO         1816    .ARM.Collect$$libinit$$00000019  c_w.l(libinit2.o)
    0x000002ac   0x000002ac   0x00000000   Code   RO         1818    .ARM.Collect$$libinit$$0000001B  c_w.l(libinit2.o)
    0x000002ac   0x000002ac   0x00000000   Code   RO         1820    .ARM.Collect$$libinit$$0000001D  c_w.l(libinit2.o)
    0x000002ac   0x000002ac   0x00000000   Code   RO         1822    .ARM.Collect$$libinit$$0000001F  c_w.l(libinit2.o)
    0x000002ac   0x000002ac   0x00000000   Code   RO         1824    .ARM.Collect$$libinit$$00000021  c_w.l(libinit2.o)
    0x000002ac   0x000002ac   0x00000000   Code   RO         1826    .ARM.Collect$$libinit$$00000023  c_w.l(libinit2.o)
    0x000002ac   0x000002ac   0x00000000   Code   RO         1828    .ARM.Collect$$libinit$$00000025  c_w.l(libinit2.o)
    0x000002ac   0x000002ac   0x00000000   Code   RO         1830    .ARM.Collect$$libinit$$00000027  c_w.l(libinit2.o)
    0x000002ac   0x000002ac   0x00000000   Code   RO         1834    .ARM.Collect$$libinit$$0000002E  c_w.l(libinit2.o)
    0x000002ac   0x000002ac   0x00000000   Code   RO         1836    .ARM.Collect$$libinit$$00000030  c_w.l(libinit2.o)
    0x000002ac   0x000002ac   0x00000000   Code   RO         1838    .ARM.Collect$$libinit$$00000032  c_w.l(libinit2.o)
    0x000002ac   0x000002ac   0x00000000   Code   RO         1840    .ARM.Collect$$libinit$$00000034  c_w.l(libinit2.o)
    0x000002ac   0x000002ac   0x00000002   Code   RO         1841    .ARM.Collect$$libinit$$00000035  c_w.l(libinit2.o)
    0x000002ae   0x000002ae   0x00000002   Code   RO         1861    .ARM.Collect$$libshutdown$$00000000  c_w.l(libshutdown.o)
    0x000002b0   0x000002b0   0x00000000   Code   RO         1876    .ARM.Collect$$libshutdown$$00000002  c_w.l(libshutdown2.o)
    0x000002b0   0x000002b0   0x00000000   Code   RO         1878    .ARM.Collect$$libshutdown$$00000004  c_w.l(libshutdown2.o)
    0x000002b0   0x000002b0   0x00000000   Code   RO         1881    .ARM.Collect$$libshutdown$$00000007  c_w.l(libshutdown2.o)
    0x000002b0   0x000002b0   0x00000000   Code   RO         1884    .ARM.Collect$$libshutdown$$0000000A  c_w.l(libshutdown2.o)
    0x000002b0   0x000002b0   0x00000000   Code   RO         1886    .ARM.Collect$$libshutdown$$0000000C  c_w.l(libshutdown2.o)
    0x000002b0   0x000002b0   0x00000000   Code   RO         1889    .ARM.Collect$$libshutdown$$0000000F  c_w.l(libshutdown2.o)
    0x000002b0   0x000002b0   0x00000002   Code   RO         1890    .ARM.Collect$$libshutdown$$00000010  c_w.l(libshutdown2.o)
    0x000002b2   0x000002b2   0x00000000   Code   RO         1737    .ARM.Collect$$rtentry$$00000000  c_w.l(__rtentry.o)
    0x000002b2   0x000002b2   0x00000000   Code   RO         1753    .ARM.Collect$$rtentry$$00000002  c_w.l(__rtentry2.o)
    0x000002b2   0x000002b2   0x00000006   Code   RO         1765    .ARM.Collect$$rtentry$$00000004  c_w.l(__rtentry4.o)
    0x000002b8   0x000002b8   0x00000008   Code   RO         1754    .ARM.Collect$$rtentry$$00000008  c_w.l(__rtentry2.o)
    0x000002c0   0x000002c0   0x00000004   Code   RO         1756    .ARM.Collect$$rtentry$$0000000A  c_w.l(__rtentry2.o)
    0x000002c4   0x000002c4   0x00000000   Code   RO         1758    .ARM.Collect$$rtentry$$0000000C  c_w.l(__rtentry2.o)
    0x000002c4   0x000002c4   0x00000008   Code   RO         1759    .ARM.Collect$$rtentry$$0000000D  c_w.l(__rtentry2.o)
    0x000002cc   0x000002cc   0x00000002   Code   RO         1791    .ARM.Collect$$rtexit$$00000000  c_w.l(rtexit.o)
    0x000002ce   0x000002ce   0x00000000   Code   RO         1843    .ARM.Collect$$rtexit$$00000002  c_w.l(rtexit2.o)
    0x000002ce   0x000002ce   0x00000004   Code   RO         1844    .ARM.Collect$$rtexit$$00000003  c_w.l(rtexit2.o)
    0x000002d2   0x000002d2   0x00000006   Code   RO         1845    .ARM.Collect$$rtexit$$00000004  c_w.l(rtexit2.o)
    0x000002d8   0x000002d8   0x00000026   Code   RO         1602    .emb_text           driverlib.lib(cpu.o)
    0x000002fe   0x000002fe   0x00000002   PAD
    0x00000300   0x00000300   0x0000012c   Code   RO          124  * .text               startup_tm4c129.o
    0x0000042c   0x0000042c   0x000000c8   Code   RO         1595    .text               RTX_CM4F.lib(irq_armv7m.o)
    0x000004f4   0x000004f4   0x0000001a   Code   RO         1721    .text               c_w.l(atoi.o)
    0x0000050e   0x0000050e   0x00000018   Code   RO         1723    .text               c_w.l(strcat.o)
    0x00000526   0x00000526   0x0000008a   Code   RO         1725    .text               c_w.l(rt_memcpy_v6.o)
    0x000005b0   0x000005b0   0x00000044   Code   RO         1727    .text               c_w.l(rt_memclr.o)
    0x000005f4   0x000005f4   0x0000004e   Code   RO         1729    .text               c_w.l(rt_memclr_w.o)
    0x00000642   0x00000642   0x00000006   Code   RO         1731    .text               c_w.l(heapauxi.o)
    0x00000648   0x00000648   0x00000004   Code   RO         1743    .text               c_w.l(rt_errno_addr_twolibspace.o)
    0x0000064c   0x0000064c   0x00000070   Code   RO         1745    .text               c_w.l(strtol.o)
    0x000006bc   0x000006bc   0x00000064   Code   RO         1747    .text               c_w.l(rt_memcpy_w.o)
    0x00000720   0x00000720   0x00000008   Code   RO         1749    .text               c_w.l(libspace.o)
    0x00000728   0x00000728   0x00000010   Code   RO         1767    .text               c_w.l(rt_ctype_table.o)
    0x00000738   0x00000738   0x0000009e   Code   RO         1769    .text               c_w.l(_strtoul.o)
    0x000007d6   0x000007d6   0x0000004a   Code   RO         1771    .text               c_w.l(sys_stackheap_outer.o)
    0x00000820   0x00000820   0x0000000a   Code   RO         1778    .text               c_w.l(rt_locale_twolibspace.o)
    0x0000082a   0x0000082a   0x0000001c   Code   RO         1780    .text               c_w.l(_chval.o)
    0x00000846   0x00000846   0x00000012   Code   RO         1785    .text               c_w.l(exit.o)
    0x00000858   0x00000858   0x0000007c   Code   RO         1793    .text               c_w.l(strcmpv7em.o)
    0x000008d4   0x000008d4   0x0000000c   Code   RO         1851    .text               c_w.l(sys_exit.o)
    0x000008e0   0x000008e0   0x00000002   Code   RO         1866    .text               c_w.l(use_no_semi.o)
    0x000008e2   0x000008e2   0x00000000   Code   RO         1868    .text               c_w.l(indicate_semi.o)
    0x000008e2   0x000008e2   0x00000002   PAD
    0x000008e4   0x000008e4   0x00000016   Code   RO           76    .text.$Sub$$_fp_init  rtx_lib.o
    0x000008fa   0x000008fa   0x00000002   PAD
    0x000008fc   0x000008fc   0x000000ee   Code   RO           56    .text.LEDInit       driverleds.o
    0x000009ea   0x000009ea   0x00000040   Code   RO         1576    .text.MessageQueueGet  RTX_CM4F.lib(rtx_msgqueue.o)
    0x00000a2a   0x00000a2a   0x00000058   Code   RO         1570    .text.MessageQueuePut  RTX_CM4F.lib(rtx_msgqueue.o)
    0x00000a82   0x00000a82   0x0000001c   Code   RO         1568    .text.MessageQueueRemove  RTX_CM4F.lib(rtx_msgqueue.o)
    0x00000a9e   0x00000a9e   0x00000002   PAD
    0x00000aa0   0x00000aa0   0x00000008   Code   RO         1699    .text.OS_Tick_AcknowledgeIRQ  RTX_CM4F.lib(os_systick.o)
    0x00000aa8   0x00000aa8   0x00000024   Code   RO         1695    .text.OS_Tick_Enable  RTX_CM4F.lib(os_systick.o)
    0x00000acc   0x00000acc   0x00000006   Code   RO         1701    .text.OS_Tick_GetIRQn  RTX_CM4F.lib(os_systick.o)
    0x00000ad2   0x00000ad2   0x00000002   PAD
    0x00000ad4   0x00000ad4   0x00000040   Code   RO         1693    .text.OS_Tick_Setup  RTX_CM4F.lib(os_systick.o)
    0x00000b14   0x00000b14   0x0000000c   Code   RO         1298    .text.OUTLINED_FUNCTION_0  RTX_CM4F.lib(rtx_kernel.o)
    0x00000b20   0x00000b20   0x0000000c   Code   RO         1584    .text.OUTLINED_FUNCTION_0  RTX_CM4F.lib(rtx_msgqueue.o)
    0x00000b2c   0x00000b2c   0x00000006   Code   RO         1300    .text.OUTLINED_FUNCTION_1  RTX_CM4F.lib(rtx_kernel.o)
    0x00000b32   0x00000b32   0x00000006   Code   RO         1586    .text.OUTLINED_FUNCTION_1  RTX_CM4F.lib(rtx_msgqueue.o)
    0x00000b38   0x00000b38   0x00000092   Code   RO           25    .text.ProcessCommand  main.o
    0x00000bca   0x00000bca   0x00000002   PAD
    0x00000bcc   0x00000bcc   0x00000046   Code   RO           27    .text.ProcessResponse  main.o
    0x00000c12   0x00000c12   0x00000002   PAD
    0x00000c14   0x00000c14   0x00000024   Code   RO          133    .text.SystemInit    system_tm4c129.o
    0x00000c38   0x00000c38   0x000000c0   Code   RO           19    .text.ThreadCentral  main.o
    0x00000cf8   0x00000cf8   0x00000064   Code   RO         1390    .text.ThreadFlagsCheck  RTX_CM4F.lib(rtx_thread.o)
    0x00000d5c   0x00000d5c   0x00000050   Code   RO           17    .text.ThreadMain    main.o
    0x00000dac   0x00000dac   0x00000048   Code   RO         1474    .text.TimerInsert   RTX_CM4F.lib(rtx_timer.o)
    0x00000df4   0x00000df4   0x00000052   Code   RO           39    .text.UARTIntHandler  main.o
    0x00000e46   0x00000e46   0x00000002   PAD
    0x00000e48   0x00000e48   0x0000002a   Code   RO            4    .text.UART_InChar   uart.o
    0x00000e72   0x00000e72   0x00000002   PAD
    0x00000e74   0x00000e74   0x000000ec   Code   RO            2    .text.UART_Init     uart.o
    0x00000f60   0x00000f60   0x00000028   Code   RO            6    .text.UART_OutChar  uart.o
    0x00000f88   0x00000f88   0x000000ae   Code   RO           78    .text.__user_perthread_libspace  rtx_lib.o
    0x00001036   0x00001036   0x00000002   PAD
    0x00001038   0x00001038   0x00000034   Code   RO           82    .text._mutex_acquire  rtx_lib.o
    0x0000106c   0x0000106c   0x00000006   Code   RO           86    .text._mutex_free   rtx_lib.o
    0x00001072   0x00001072   0x00000002   PAD
    0x00001074   0x00001074   0x00000020   Code   RO           80    .text._mutex_initialize  rtx_lib.o
    0x00001094   0x00001094   0x00000030   Code   RO           84    .text._mutex_release  rtx_lib.o
    0x000010c4   0x000010c4   0x00000004   Code   RO           74    .text._platform_post_stackheap_init  rtx_lib.o
    0x000010c8   0x000010c8   0x000000d2   Code   RO           15    .text.main          main.o
    0x0000119a   0x0000119a   0x00000002   PAD
    0x0000119c   0x0000119c   0x00000030   Code   RO         1250    .text.osKernelGetState  RTX_CM4F.lib(rtx_kernel.o)
    0x000011cc   0x000011cc   0x0000002c   Code   RO         1244    .text.osKernelInitialize  RTX_CM4F.lib(rtx_kernel.o)
    0x000011f8   0x000011f8   0x00000024   Code   RO         1254    .text.osKernelStart  RTX_CM4F.lib(rtx_kernel.o)
    0x0000121c   0x0000121c   0x00000070   Code   RO         1544    .text.osMessageQueueGet  RTX_CM4F.lib(rtx_msgqueue.o)
    0x0000128c   0x0000128c   0x00000024   Code   RO         1538    .text.osMessageQueueNew  RTX_CM4F.lib(rtx_msgqueue.o)
    0x000012b0   0x000012b0   0x00000080   Code   RO         1542    .text.osMessageQueuePut  RTX_CM4F.lib(rtx_msgqueue.o)
    0x00001330   0x00001330   0x00000024   Code   RO         1506    .text.osMutexAcquire  RTX_CM4F.lib(rtx_mutex.o)
    0x00001354   0x00001354   0x00000024   Code   RO         1512    .text.osMutexDelete  RTX_CM4F.lib(rtx_mutex.o)
    0x00001378   0x00001378   0x00000024   Code   RO         1502    .text.osMutexNew    RTX_CM4F.lib(rtx_mutex.o)
    0x0000139c   0x0000139c   0x00000024   Code   RO         1508    .text.osMutexRelease  RTX_CM4F.lib(rtx_mutex.o)
    0x000013c0   0x000013c0   0x00000002   Code   RO          113    .text.osRtxErrorNotify  rtx_config.o
    0x000013c2   0x000013c2   0x00000002   PAD
    0x000013c4   0x000013c4   0x00000002   Code   RO          111    .text.osRtxIdleThread  rtx_config.o
    0x000013c6   0x000013c6   0x00000004   Code   RO         1242    .text.osRtxKernelErrorNotify  RTX_CM4F.lib(rtx_kernel.o)
    0x000013ca   0x000013ca   0x00000002   Code   RO         1240    .text.osRtxKernelPreInit  RTX_CM4F.lib(rtx_kernel.o)
    0x000013cc   0x000013cc   0x0000006c   Code   RO         1615    .text.osRtxMemoryAlloc  RTX_CM4F.lib(rtx_memory.o)
    0x00001438   0x00001438   0x00000042   Code   RO         1617    .text.osRtxMemoryFree  RTX_CM4F.lib(rtx_memory.o)
    0x0000147a   0x0000147a   0x00000036   Code   RO         1613    .text.osRtxMemoryInit  RTX_CM4F.lib(rtx_memory.o)
    0x000014b0   0x000014b0   0x0000003a   Code   RO         1629    .text.osRtxMemoryPoolAlloc  RTX_CM4F.lib(rtx_mempool.o)
    0x000014ea   0x000014ea   0x0000004a   Code   RO         1631    .text.osRtxMemoryPoolFree  RTX_CM4F.lib(rtx_mempool.o)
    0x00001534   0x00001534   0x00000038   Code   RO         1627    .text.osRtxMemoryPoolInit  RTX_CM4F.lib(rtx_mempool.o)
    0x0000156c   0x0000156c   0x000000aa   Code   RO         1566    .text.osRtxMessageQueuePostProcess  RTX_CM4F.lib(rtx_msgqueue.o)
    0x00001616   0x00001616   0x00000002   PAD
    0x00001618   0x00001618   0x00000024   Code   RO         1534    .text.osRtxMessageQueueTimerSetup  RTX_CM4F.lib(rtx_msgqueue.o)
    0x0000163c   0x0000163c   0x00000048   Code   RO         1498    .text.osRtxMutexOwnerRelease  RTX_CM4F.lib(rtx_mutex.o)
    0x00001684   0x00001684   0x00000048   Code   RO         1500    .text.osRtxMutexOwnerRestore  RTX_CM4F.lib(rtx_mutex.o)
    0x000016cc   0x000016cc   0x00000088   Code   RO         1681    .text.osRtxPendSV_Handler  RTX_CM4F.lib(rtx_system.o)
    0x00001754   0x00001754   0x00000070   Code   RO         1683    .text.osRtxPostProcess  RTX_CM4F.lib(rtx_system.o)
    0x000017c4   0x000017c4   0x00000034   Code   RO         1330    .text.osRtxThreadBlock  RTX_CM4F.lib(rtx_thread.o)
    0x000017f8   0x000017f8   0x0000007c   Code   RO         1338    .text.osRtxThreadDelayInsert  RTX_CM4F.lib(rtx_thread.o)
    0x00001874   0x00001874   0x0000003c   Code   RO         1334    .text.osRtxThreadDelayRemove  RTX_CM4F.lib(rtx_thread.o)
    0x000018b0   0x000018b0   0x00000050   Code   RO         1322    .text.osRtxThreadDelayTick  RTX_CM4F.lib(rtx_thread.o)
    0x00001900   0x00001900   0x00000020   Code   RO         1422    .text.osRtxThreadDestroy  RTX_CM4F.lib(rtx_thread.o)
    0x00001920   0x00001920   0x00000050   Code   RO         1328    .text.osRtxThreadDispatch  RTX_CM4F.lib(rtx_thread.o)
    0x00001970   0x00001970   0x00000058   Code   RO         1414    .text.osRtxThreadFree  RTX_CM4F.lib(rtx_thread.o)
    0x000019c8   0x000019c8   0x0000001e   Code   RO         1420    .text.osRtxThreadJoinWakeup  RTX_CM4F.lib(rtx_thread.o)
    0x000019e6   0x000019e6   0x00000012   Code   RO         1314    .text.osRtxThreadListGet  RTX_CM4F.lib(rtx_thread.o)
    0x000019f8   0x000019f8   0x0000002c   Code   RO         1312    .text.osRtxThreadListPut  RTX_CM4F.lib(rtx_thread.o)
    0x00001a24   0x00001a24   0x00000014   Code   RO         1318    .text.osRtxThreadListRemove  RTX_CM4F.lib(rtx_thread.o)
    0x00001a38   0x00001a38   0x00000026   Code   RO         1316    .text.osRtxThreadListSort  RTX_CM4F.lib(rtx_thread.o)
    0x00001a5e   0x00001a5e   0x00000028   Code   RO         1388    .text.osRtxThreadPostProcess  RTX_CM4F.lib(rtx_thread.o)
    0x00001a86   0x00001a86   0x00000002   PAD
    0x00001a88   0x00001a88   0x00000014   Code   RO         1320    .text.osRtxThreadReadyPut  RTX_CM4F.lib(rtx_thread.o)
    0x00001a9c   0x00001a9c   0x00000014   Code   RO         1324    .text.osRtxThreadRegPtr  RTX_CM4F.lib(rtx_thread.o)
    0x00001ab0   0x00001ab0   0x00000034   Code   RO         1340    .text.osRtxThreadStartup  RTX_CM4F.lib(rtx_thread.o)
    0x00001ae4   0x00001ae4   0x0000000c   Code   RO         1326    .text.osRtxThreadSwitch  RTX_CM4F.lib(rtx_thread.o)
    0x00001af0   0x00001af0   0x0000003c   Code   RO         1336    .text.osRtxThreadWaitEnter  RTX_CM4F.lib(rtx_thread.o)
    0x00001b2c   0x00001b2c   0x00000030   Code   RO         1332    .text.osRtxThreadWaitExit  RTX_CM4F.lib(rtx_thread.o)
    0x00001b5c   0x00001b5c   0x00000078   Code   RO         1679    .text.osRtxTick_Handler  RTX_CM4F.lib(rtx_system.o)
    0x00001bd4   0x00001bd4   0x00000020   Code   RO         1456    .text.osRtxTimerSetup  RTX_CM4F.lib(rtx_timer.o)
    0x00001bf4   0x00001bf4   0x00000020   Code   RO         1460    .text.osRtxTimerThread  RTX_CM4F.lib(rtx_timer.o)
    0x00001c14   0x00001c14   0x00000070   Code   RO         1458    .text.osRtxTimerTick  RTX_CM4F.lib(rtx_timer.o)
    0x00001c84   0x00001c84   0x0000000c   Code   RO         1372    .text.osThreadExit  RTX_CM4F.lib(rtx_thread.o)
    0x00001c90   0x00001c90   0x00000024   Code   RO         1348    .text.osThreadGetId  RTX_CM4F.lib(rtx_thread.o)
    0x00001cb4   0x00001cb4   0x00000024   Code   RO         1344    .text.osThreadNew   RTX_CM4F.lib(rtx_thread.o)
    0x00001cd8   0x00001cd8   0x0000000c   Code   RO         1252    .text.svcRtxKernelGetState  RTX_CM4F.lib(rtx_kernel.o)
    0x00001ce4   0x00001ce4   0x000000f8   Code   RO         1282    .text.svcRtxKernelInitialize  RTX_CM4F.lib(rtx_kernel.o)
    0x00001ddc   0x00001ddc   0x0000008c   Code   RO         1284    .text.svcRtxKernelStart  RTX_CM4F.lib(rtx_kernel.o)
    0x00001e68   0x00001e68   0x000000cc   Code   RO         1578    .text.svcRtxMessageQueueGet  RTX_CM4F.lib(rtx_msgqueue.o)
    0x00001f34   0x00001f34   0x00000118   Code   RO         1536    .text.svcRtxMessageQueueNew  RTX_CM4F.lib(rtx_msgqueue.o)
    0x0000204c   0x0000204c   0x000000a8   Code   RO         1574    .text.svcRtxMessageQueuePut  RTX_CM4F.lib(rtx_msgqueue.o)
    0x000020f4   0x000020f4   0x00000090   Code   RO         1518    .text.svcRtxMutexAcquire  RTX_CM4F.lib(rtx_mutex.o)
    0x00002184   0x00002184   0x000000ac   Code   RO         1524    .text.svcRtxMutexDelete  RTX_CM4F.lib(rtx_mutex.o)
    0x00002230   0x00002230   0x00000068   Code   RO         1514    .text.svcRtxMutexNew  RTX_CM4F.lib(rtx_mutex.o)
    0x00002298   0x00002298   0x000000b4   Code   RO         1520    .text.svcRtxMutexRelease  RTX_CM4F.lib(rtx_mutex.o)
    0x0000234c   0x0000234c   0x00000048   Code   RO         1418    .text.svcRtxThreadExit  RTX_CM4F.lib(rtx_thread.o)
    0x00002394   0x00002394   0x0000000c   Code   RO         1350    .text.svcRtxThreadGetId  RTX_CM4F.lib(rtx_thread.o)
    0x000023a0   0x000023a0   0x000001ec   Code   RO         1342    .text.svcRtxThreadNew  RTX_CM4F.lib(rtx_thread.o)
    0x0000258c   0x0000258c   0x00000028   Code   RO          147    i.GPIODirModeSet    driverlib.lib(gpio.o)
    0x000025b4   0x000025b4   0x00000170   Code   RO          159    i.GPIOPadConfigSet  driverlib.lib(gpio.o)
    0x00002724   0x00002724   0x0000001c   Code   RO          171    i.GPIOPinTypeGPIOOutput  driverlib.lib(gpio.o)
    0x00002740   0x00002740   0x00000006   Code   RO          189    i.GPIOPinWrite      driverlib.lib(gpio.o)
    0x00002746   0x00002746   0x00000002   PAD
    0x00002748   0x00002748   0x00000064   Code   RO          481    i.IntEnable         driverlib.lib(interrupt.o)
    0x000027ac   0x000027ac   0x0000000e   Code   RO          484    i.IntMasterEnable   driverlib.lib(interrupt.o)
    0x000027ba   0x000027ba   0x00000002   PAD
    0x000027bc   0x000027bc   0x00000034   Code   RO          493    i.IntRegister       driverlib.lib(interrupt.o)
    0x000027f0   0x000027f0   0x00000028   Code   RO          630    i.SysCtlPeripheralEnable  driverlib.lib(sysctl.o)
    0x00002818   0x00002818   0x0000002c   Code   RO          634    i.SysCtlPeripheralReady  driverlib.lib(sysctl.o)
    0x00002844   0x00002844   0x00000004   Code   RO          971    i.UARTIntClear      driverlib.lib(uart.o)
    0x00002848   0x00002848   0x00000008   Code   RO          973    i.UARTIntEnable     driverlib.lib(uart.o)
    0x00002850   0x00002850   0x0000002c   Code   RO         1783    locale$$code        c_w.l(lc_ctype_c.o)
    0x0000287c   0x0000287c   0x0000001a   Code   RO         1735    x$fpl$fpinit        fz_wm.l(fpinit.o)
    0x00002896   0x00002896   0x00000002   PAD
    0x00002898   0x00002898   0x0000010c   Data   RO          497    .constdata          driverlib.lib(interrupt.o)
    0x000029a4   0x000029a4   0x00000070   Data   RO           92    .rodata             rtx_lib.o
    0x00002a14   0x00002a14   0x00000038   Data   RO           95    .rodata             rtx_lib.o
    0x00002a4c   0x00002a4c   0x00000004   Data   RO           94    .rodata.osRtxUserSVC  rtx_lib.o
    0x00002a50   0x00002a50   0x00000024   Data   RO           89    .rodata.os_idle_thread_attr  rtx_lib.o
    0x00002a74   0x00002a74   0x00000018   Data   RO           91    .rodata.os_timer_mq_attr  rtx_lib.o
    0x00002a8c   0x00002a8c   0x00000024   Data   RO           90    .rodata.os_timer_thread_attr  rtx_lib.o
    0x00002ab0   0x00002ab0   0x0000000b   Data   RO         1302    .rodata.str1.4      RTX_CM4F.lib(rtx_kernel.o)
    0x00002abb   0x00002abb   0x00000001   PAD
    0x00002abc   0x00002abc   0x00000020   Data   RO         1924    Region$$Table       anon$$obj.o
    0x00002adc   0x00002adc   0x00000110   Data   RO         1782    locale$$data        c_w.l(lc_ctype_c.o)


    Execution Region ER_RW (Exec base: 0x20000000, Load base: 0x00002c00, Size: 0x0000066c, Max: 0xffffffff, ABSOLUTE, COMPRESSED[0x0000001c])

    Exec Addr    Load Addr    Size         Type   Attr      Idx    E Section Name        Object

    0x20000000   COMPRESSED   0x00000004   Data   RW          135    .data.SystemCoreClock  system_tm4c129.o
    0x20000004   COMPRESSED   0x000000a4   Data   RW         1303    .data.os            RTX_CM4F.lib(rtx_kernel.o)
    0x200000a8   COMPRESSED   0x00000358   PAD
    0x20000400   COMPRESSED   0x0000026c   Data   RW          498    vtable              driverlib.lib(interrupt.o)


    Execution Region ER_ZI (Exec base: 0x20000670, Load base: 0x00002c1c, Size: 0x000089c8, Max: 0xffffffff, ABSOLUTE)

    Exec Addr    Load Addr    Size         Type   Attr      Idx    E Section Name        Object

    0x20000670        -       0x00000060   Zero   RW         1750    .bss                c_w.l(libspace.o)
    0x200006d0        -       0x00008040   Zero   RW           88    .bss.os             rtx_lib.o
    0x20008710        -       0x00000001   Zero   RW         1711    .bss.os             RTX_CM4F.lib(os_systick.o)
    0x20008711   0x00002c1c   0x00000003   PAD
    0x20008714        -       0x000001f0   Zero   RW           96    .bss.os.libspace    rtx_lib.o
    0x20008904        -       0x00000034   Zero   RW          100    .bss.os.msgqueue.cb  rtx_lib.o
    0x20008938        -       0x00000050   Zero   RW          101    .bss.os.msgqueue.mem  rtx_lib.o
    0x20008988        -       0x00000088   Zero   RW           97    .bss.os.thread.cb   rtx_lib.o
    0x20008a10        -       0x00000200   Zero   RW           98    .bss.os.thread.idle.stack  rtx_lib.o
    0x20008c10        -       0x00000200   Zero   RW           99    .bss.os.thread.timer.stack  rtx_lib.o
    0x20008e10        -       0x00000001   Zero   RW          102    .bss.os_kernel_is_active.os_kernel_active  rtx_lib.o
    0x20008e11   0x00002c1c   0x00000003   PAD
    0x20008e14        -       0x00000004   Zero   RW           44    .bss.qidCentralCommands  main.o
    0x20008e18        -       0x00000004   Zero   RW           45    .bss.qidCentralResponses  main.o
    0x20008e1c        -       0x00000004   Zero   RW           43    .bss.qidMain        main.o
    0x20008e20        -       0x00000004   Zero   RW           42    .bss.tidCentral     main.o
    0x20008e24        -       0x00000004   Zero   RW           41    .bss.tidMain        main.o
    0x20008e28        -       0x00000010   Zero   RW           46    .bss.uartMsg        main.o
    0x20008e38        -       0x00000000   Zero   RW          122    HEAP                startup_tm4c129.o
    0x20008e38        -       0x00000200   Zero   RW          121    STACK               startup_tm4c129.o


==============================================================================

Image component sizes


      Code (inc. data)   RO Data    RW Data    ZI Data      Debug   Object Name

       238          0          0          0          0       1758   driverleds.o
       780          0          0          0         36       6212   main.o
         4          0          0          0          0        718   rtx_config.o
       338          0        268          0      34621       8422   rtx_lib.o
       300         22        512          0        512       6096   startup_tm4c129.o
        36          0          0          4          0       1434   system_tm4c129.o
       318          0          0          0          0        968   uart.o

    ----------------------------------------------------------------------
      2032         22        812          4      35172      25608   Object Totals
         0          0         32          0          0          0   (incl. Generated)
        18          0          0          0          3          0   (incl. Padding)

    ----------------------------------------------------------------------

      Code (inc. data)   RO Data    RW Data    ZI Data      Debug   Library Member Name

       200         12          0          0          0        634   irq_armv7m.o
       114         20          0          0          1       3199   os_systick.o
       552         40         11        164          0      16781   rtx_kernel.o
       228          0          0          0          0       2590   rtx_memory.o
       188          0          0          0          0      16188   rtx_mempool.o
      1332         28          0          0          0      18765   rtx_msgqueue.o
       888         28          0          0          0      10068   rtx_mutex.o
       368         18          0          0          0       5444   rtx_system.o
      1678         52          0          0          0      32486   rtx_thread.o
       248         16          0          0          0      10433   rtx_timer.o
        58          0          0          0          0          0   __dczerorl.o
         8          0          0          0          0         68   __main.o
         0          0          0          0          0          0   __rtentry.o
        20          0          0          0          0          0   __rtentry2.o
         6          0          0          0          0          0   __rtentry4.o
        52          8          0          0          0          0   __scatter.o
        28          0          0          0          0          0   __scatter_zi.o
        28          0          0          0          0         68   _chval.o
       158          0          0          0          0         92   _strtoul.o
        26          0          0          0          0         80   atoi.o
        18          0          0          0          0         80   exit.o
         6          0          0          0          0        152   heapauxi.o
         0          0          0          0          0          0   indicate_semi.o
        44         10        272          0          0         76   lc_ctype_c.o
         2          0          0          0          0          0   libinit.o
        24          0          0          0          0          0   libinit2.o
         2          0          0          0          0          0   libshutdown.o
         2          0          0          0          0          0   libshutdown2.o
         8          4          0          0         96         68   libspace.o
        16          4          0          0          0         76   rt_ctype_table.o
         4          0          0          0          0         68   rt_errno_addr_twolibspace.o
        10          0          0          0          0         76   rt_locale_twolibspace.o
        68          0          0          0          0         68   rt_memclr.o
        78          0          0          0          0         80   rt_memclr_w.o
       138          0          0          0          0         68   rt_memcpy_v6.o
       100          0          0          0          0         80   rt_memcpy_w.o
         2          0          0          0          0          0   rtexit.o
        10          0          0          0          0          0   rtexit2.o
        24          0          0          0          0         68   strcat.o
       124          0          0          0          0         88   strcmpv7em.o
       112          0          0          0          0         88   strtol.o
        12          4          0          0          0         68   sys_exit.o
        74          0          0          0          0         80   sys_stackheap_outer.o
         2          0          0          0          0         68   use_no_semi.o
        38          0          0          0          0        572   cpu.o
       442         14          0          0          0       7763   gpio.o
       166         16        268        620          0       2668   interrupt.o
        84          8          0          0          0       1021   sysctl.o
        12          0          0          0          0        975   uart.o
        26          0          0          0          0        116   fpinit.o

    ----------------------------------------------------------------------
      7848        282        552       1640        100     131363   Library Totals
        20          0          1        856          3          0   (incl. Padding)

    ----------------------------------------------------------------------

      Code (inc. data)   RO Data    RW Data    ZI Data      Debug   Library Name

      5796        214         11        164          1     116588   RTX_CM4F.lib
      1264         30        272          0         96       1660   c_w.l
       742         38        268        620          0      12999   driverlib.lib
        26          0          0          0          0        116   fz_wm.l

    ----------------------------------------------------------------------
      7848        282        552       1640        100     131363   Library Totals

    ----------------------------------------------------------------------

==============================================================================


      Code (inc. data)   RO Data    RW Data    ZI Data      Debug   

      9880        304       1364       1644      35272     155107   Grand Totals
      9880        304       1364         28      35272     155107   ELF Image Totals (compressed)
      9880        304       1364         28          0          0   ROM Totals

==============================================================================

    Total RO  Size (Code + RO Data)                11244 (  10.98kB)
    Total RW  Size (RW Data + ZI Data)             36916 (  36.05kB)
    Total ROM Size (Code + RO Data + RW Data)      11272 (  11.01kB)

==============================================================================

